Component: ARM Compiler 5.06 update 6 (build 750) Tool: armlink [4d35ed]

==============================================================================

Section Cross References

    startup_stm32f407xx.o(RESET) refers to startup_stm32f407xx.o(STACK) for __initial_sp
    startup_stm32f407xx.o(RESET) refers to startup_stm32f407xx.o(.text) for Reset_Handler
    startup_stm32f407xx.o(RESET) refers to stm32f4xx_it.o(i.NMI_Handler) for NMI_Handler
    startup_stm32f407xx.o(RESET) refers to stm32f4xx_it.o(i.HardFault_Handler) for HardFault_Handler
    startup_stm32f407xx.o(RESET) refers to stm32f4xx_it.o(i.MemManage_Handler) for MemManage_Handler
    startup_stm32f407xx.o(RESET) refers to stm32f4xx_it.o(i.BusFault_Handler) for BusFault_Handler
    startup_stm32f407xx.o(RESET) refers to stm32f4xx_it.o(i.UsageFault_Handler) for UsageFault_Handler
    startup_stm32f407xx.o(RESET) refers to port.o(.emb_text) for SVC_Handler
    startup_stm32f407xx.o(RESET) refers to stm32f4xx_it.o(i.DebugMon_Handler) for DebugMon_Handler
    startup_stm32f407xx.o(RESET) refers to port.o(i.SysTick_Handler) for SysTick_Handler
    startup_stm32f407xx.o(RESET) refers to stm32f4xx_it.o(i.DMA1_Stream5_IRQHandler) for DMA1_Stream5_IRQHandler
    startup_stm32f407xx.o(RESET) refers to stm32f4xx_it.o(i.CAN1_TX_IRQHandler) for CAN1_TX_IRQHandler
    startup_stm32f407xx.o(RESET) refers to stm32f4xx_it.o(i.CAN1_RX0_IRQHandler) for CAN1_RX0_IRQHandler
    startup_stm32f407xx.o(RESET) refers to stm32f4xx_it.o(i.TIM3_IRQHandler) for TIM3_IRQHandler
    startup_stm32f407xx.o(RESET) refers to stm32f4xx_it.o(i.TIM4_IRQHandler) for TIM4_IRQHandler
    startup_stm32f407xx.o(RESET) refers to stm32f4xx_it.o(i.USART1_IRQHandler) for USART1_IRQHandler
    startup_stm32f407xx.o(RESET) refers to stm32f4xx_it.o(i.USART2_IRQHandler) for USART2_IRQHandler
    startup_stm32f407xx.o(RESET) refers to stm32f4xx_it.o(i.USART3_IRQHandler) for USART3_IRQHandler
    startup_stm32f407xx.o(RESET) refers to stm32f4xx_it.o(i.TIM5_IRQHandler) for TIM5_IRQHandler
    startup_stm32f407xx.o(RESET) refers to stm32f4xx_it.o(i.TIM6_DAC_IRQHandler) for TIM6_DAC_IRQHandler
    startup_stm32f407xx.o(.text) refers to system_stm32f4xx.o(i.SystemInit) for SystemInit
    startup_stm32f407xx.o(.text) refers to entry.o(.ARM.Collect$$$$00000000) for __main
    main.o(i.HAL_TIM_PeriodElapsedCallback) refers to stm32f4xx_hal.o(i.HAL_IncTick) for HAL_IncTick
    main.o(i.HAL_TIM_PeriodElapsedCallback) refers to pidcontroltask.o(i.YUNTAI_SPEED) for YUNTAI_SPEED
    main.o(i.SystemClock_Config) refers to memseta.o(.text) for __aeabi_memclr4
    main.o(i.SystemClock_Config) refers to stm32f4xx_hal_rcc.o(i.HAL_RCC_OscConfig) for HAL_RCC_OscConfig
    main.o(i.SystemClock_Config) refers to main.o(i.Error_Handler) for Error_Handler
    main.o(i.SystemClock_Config) refers to stm32f4xx_hal_rcc.o(i.HAL_RCC_ClockConfig) for HAL_RCC_ClockConfig
    main.o(i.main) refers to stm32f4xx_hal.o(i.HAL_Init) for HAL_Init
    main.o(i.main) refers to main.o(i.SystemClock_Config) for SystemClock_Config
    main.o(i.main) refers to gpio.o(i.MX_GPIO_Init) for MX_GPIO_Init
    main.o(i.main) refers to dma.o(i.MX_DMA_Init) for MX_DMA_Init
    main.o(i.main) refers to tim.o(i.MX_TIM3_Init) for MX_TIM3_Init
    main.o(i.main) refers to tim.o(i.MX_TIM4_Init) for MX_TIM4_Init
    main.o(i.main) refers to usart.o(i.MX_USART1_UART_Init) for MX_USART1_UART_Init
    main.o(i.main) refers to usart.o(i.MX_USART2_UART_Init) for MX_USART2_UART_Init
    main.o(i.main) refers to usart.o(i.MX_USART3_UART_Init) for MX_USART3_UART_Init
    main.o(i.main) refers to can.o(i.MX_CAN1_Init) for MX_CAN1_Init
    main.o(i.main) refers to tim.o(i.MX_TIM5_Init) for MX_TIM5_Init
    main.o(i.main) refers to remotetask.o(i.RC_Ctl_t_Init) for RC_Ctl_t_Init
    main.o(i.main) refers to stm32f4xx_hal_tim.o(i.HAL_TIM_Base_Start_IT) for HAL_TIM_Base_Start_IT
    main.o(i.main) refers to canbustask.o(i.my_can_filter_init_recv_all) for my_can_filter_init_recv_all
    main.o(i.main) refers to stm32f4xx_hal_can.o(i.HAL_CAN_Receive_IT) for HAL_CAN_Receive_IT
    main.o(i.main) refers to usart.o(i.HAL_UART_Receive_IT_IDLE) for HAL_UART_Receive_IT_IDLE
    main.o(i.main) refers to freertos.o(i.MX_FREERTOS_Init) for MX_FREERTOS_Init
    main.o(i.main) refers to cmsis_os.o(i.osKernelStart) for osKernelStart
    main.o(i.main) refers to tim.o(.bss) for htim3
    main.o(i.main) refers to can.o(.bss) for hcan1
    main.o(i.main) refers to usart.o(.bss) for UART_Buffer
    gpio.o(i.MX_GPIO_Init) refers to memseta.o(.text) for __aeabi_memclr4
    gpio.o(i.MX_GPIO_Init) refers to stm32f4xx_hal_gpio.o(i.HAL_GPIO_WritePin) for HAL_GPIO_WritePin
    gpio.o(i.MX_GPIO_Init) refers to stm32f4xx_hal_gpio.o(i.HAL_GPIO_Init) for HAL_GPIO_Init
    can.o(i.HAL_CAN_ErrorCallback) refers to can.o(.bss) for hcan1
    can.o(i.HAL_CAN_MspDeInit) refers to stm32f4xx_hal_gpio.o(i.HAL_GPIO_DeInit) for HAL_GPIO_DeInit
[...]
    prvCopyDataFromQueue                     0x080073b9   Thumb Code    42  queue.o(i.prvCopyDataFromQueue)
    i.prvCopyDataToQueue                     0x080073e2   Section        0  queue.o(i.prvCopyDataToQueue)
    prvCopyDataToQueue                       0x080073e3   Thumb Code   124  queue.o(i.prvCopyDataToQueue)
    i.prvDeleteTCB                           0x0800745e   Section        0  tasks.o(i.prvDeleteTCB)
    prvDeleteTCB                             0x0800745f   Thumb Code    18  tasks.o(i.prvDeleteTCB)
    i.prvGetNextExpireTime                   0x08007470   Section        0  timers.o(i.prvGetNextExpireTime)
    prvGetNextExpireTime                     0x08007471   Thumb Code    36  timers.o(i.prvGetNextExpireTime)
    i.prvHeapInit                            0x08007498   Section        0  heap_4.o(i.prvHeapInit)
    prvHeapInit                              0x08007499   Thumb Code    98  heap_4.o(i.prvHeapInit)
    i.prvIdleTask                            0x08007514   Section        0  tasks.o(i.prvIdleTask)
    prvIdleTask                              0x08007515   Thumb Code    32  tasks.o(i.prvIdleTask)
    i.prvInitialiseNewQueue                  0x0800753c   Section        0  queue.o(i.prvInitialiseNewQueue)
    prvInitialiseNewQueue                    0x0800753d   Thumb Code    42  queue.o(i.prvInitialiseNewQueue)
    i.prvInitialiseNewTask                   0x08007566   Section        0  tasks.o(i.prvInitialiseNewTask)
    prvInitialiseNewTask                     0x08007567   Thumb Code   180  tasks.o(i.prvInitialiseNewTask)
    i.prvInitialiseNewTimer                  0x0800761a   Section        0  timers.o(i.prvInitialiseNewTimer)
    prvInitialiseNewTimer                    0x0800761b   Thumb Code    78  timers.o(i.prvInitialiseNewTimer)
    i.prvInitialiseTaskLists                 0x08007668   Section        0  tasks.o(i.prvInitialiseTaskLists)
    prvInitialiseTaskLists                   0x08007669   Thumb Code    70  tasks.o(i.prvInitialiseTaskLists)
    i.prvInsertBlockIntoFreeList             0x080076d0   Section        0  heap_4.o(i.prvInsertBlockIntoFreeList)
    prvInsertBlockIntoFreeList               0x080076d1   Thumb Code    96  heap_4.o(i.prvInsertBlockIntoFreeList)
    i.prvInsertTimerInActiveList             0x08007738   Section        0  timers.o(i.prvInsertTimerInActiveList)
    prvInsertTimerInActiveList               0x08007739   Thumb Code    80  timers.o(i.prvInsertTimerInActiveList)
    i.prvIsQueueEmpty                        0x08007790   Section        0  queue.o(i.prvIsQueueEmpty)
    prvIsQueueEmpty                          0x08007791   Thumb Code    26  queue.o(i.prvIsQueueEmpty)
    i.prvIsQueueFull                         0x080077aa   Section        0  queue.o(i.prvIsQueueFull)
    prvIsQueueFull                           0x080077ab   Thumb Code    30  queue.o(i.prvIsQueueFull)
    i.prvProcessExpiredTimer                 0x080077c8   Section        0  timers.o(i.prvProcessExpiredTimer)
    prvProcessExpiredTimer                   0x080077c9   Thumb Code    94  timers.o(i.prvProcessExpiredTimer)
    i.prvProcessReceivedCommands             0x0800782c   Section        0  timers.o(i.prvProcessReceivedCommands)
    prvProcessReceivedCommands               0x0800782d   Thumb Code   242  timers.o(i.prvProcessReceivedCommands)
    i.prvProcessTimerOrBlockTask             0x08007924   Section        0  timers.o(i.prvProcessTimerOrBlockTask)
    prvProcessTimerOrBlockTask               0x08007925   Thumb Code   102  timers.o(i.prvProcessTimerOrBlockTask)
    i.prvResetNextTaskUnblockTime            0x08007998   Section        0  tasks.o(i.prvResetNextTaskUnblockTime)
    prvResetNextTaskUnblockTime              0x08007999   Thumb Code    42  tasks.o(i.prvResetNextTaskUnblockTime)
    i.prvSampleTimeNow                       0x080079cc   Section        0  timers.o(i.prvSampleTimeNow)
    prvSampleTimeNow                         0x080079cd   Thumb Code    40  timers.o(i.prvSampleTimeNow)
    i.prvSwitchTimerLists                    0x080079f8   Section        0  timers.o(i.prvSwitchTimerLists)
    prvSwitchTimerLists                      0x080079f9   Thumb Code   150  timers.o(i.prvSwitchTimerLists)
    i.prvTaskExitError                       0x08007a98   Section        0  port.o(i.prvTaskExitError)
    prvTaskExitError                         0x08007a99   Thumb Code    60  port.o(i.prvTaskExitError)
    i.prvTimerTask                           0x08007ad8   Section        0  timers.o(i.prvTimerTask)
    prvTimerTask                             0x08007ad9   Thumb Code    26  timers.o(i.prvTimerTask)
    i.prvUnlockQueue                         0x08007af2   Section        0  queue.o(i.prvUnlockQueue)
    prvUnlockQueue                           0x08007af3   Thumb Code   126  queue.o(i.prvUnlockQueue)
    i.pvPortMalloc                           0x08007b70   Section        0  heap_4.o(i.pvPortMalloc)
    i.pvTaskIncrementMutexHeldCount          0x08007cac   Section        0  tasks.o(i.pvTaskIncrementMutexHeldCount)
    i.pxPortInitialiseStack                  0x08007ccc   Section        0  port.o(i.pxPortInitialiseStack)
    i.uxListRemove                           0x08007cf8   Section        0  list.o(i.uxListRemove)
    i.vListInitialise                        0x08007d20   Section        0  list.o(i.vListInitialise)
    i.vListInitialiseItem                    0x08007d3a   Section        0  list.o(i.vListInitialiseItem)
    i.vListInsert                            0x08007d40   Section        0  list.o(i.vListInsert)
    i.vListInsertEnd                         0x08007d74   Section        0  list.o(i.vListInsertEnd)
    i.vPortEnterCritical                     0x08007d8c   Section        0  port.o(i.vPortEnterCritical)
    i.vPortExitCritical                      0x08007de0   Section        0  port.o(i.vPortExitCritical)
    i.vPortFree                              0x08007e1c   Section        0  heap_4.o(i.vPortFree)
    i.vPortSetupTimerInterrupt               0x08007eb0   Section        0  port.o(i.vPortSetupTimerInterrupt)
    i.vPortValidateInterruptPriority         0x08007ed0   Section        0  port.o(i.vPortValidateInterruptPriority)
    i.vQueueAddToRegistry                    0x08007f48   Section        0  queue.o(i.vQueueAddToRegistry)
    i.vQueueWaitForMessageRestricted         0x08007f74   Section        0  queue.o(i.vQueueWaitForMessageRestricted)
    i.vTaskDelay                             0x08007fc0   Section        0  tasks.o(i.vTaskDelay)
    i.vTaskMissedYield                       0x0800801c   Section        0  tasks.o(i.vTaskMissedYield)
    i.vTaskPlaceOnEventList                  0x08008028   Section        0  tasks.o(i.vTaskPlaceOnEventList)
    i.vTaskPlaceOnEventListRestricted        0x08008060   Section        0  tasks.o(i.vTaskPlaceOnEventListRestricted)
    i.vTaskPriorityInherit                   0x080080a0   Section        0  tasks.o(i.vTaskPriorityInherit)
    i.vTaskSetTimeOutState                   0x08008150   Section        0  tasks.o(i.vTaskSetTimeOutState)
    i.vTaskStartScheduler                    0x08008180   Section        0  tasks.o(i.vTaskStartScheduler)
    i.vTaskSuspendAll                        0x08008214   Section        0  tasks.o(i.vTaskSuspendAll)
    i.vTaskSwitchContext                     0x08008224   Section        0  tasks.o(i.vTaskSwitchContext)
    i.xPortStartScheduler                    0x080082b0   Section        0  port.o(i.xPortStartScheduler)
    i.xQueueGenericCreate                    0x080083ec   Section        0  queue.o(i.xQueueGenericCreate)
    i.xQueueGenericReceive                   0x08008444   Section        0  queue.o(i.xQueueGenericReceive)
    i.xQueueGenericReset                     0x08008608   Section        0  queue.o(i.xQueueGenericReset)
    i.xQueueGenericSend                      0x080086a0   Section        0  queue.o(i.xQueueGenericSend)
    i.xQueueGenericSendFromISR               0x08008848   Section        0  queue.o(i.xQueueGenericSendFromISR)
    i.xTaskCheckForTimeOut                   0x08008940   Section        0  tasks.o(i.xTaskCheckForTimeOut)
    i.xTaskCreate                            0x080089cc   Section        0  tasks.o(i.xTaskCreate)
    i.xTaskGetSchedulerState                 0x08008a2c   Section        0  tasks.o(i.xTaskGetSchedulerState)
    i.xTaskGetTickCount                      0x08008a4c   Section        0  tasks.o(i.xTaskGetTickCount)
    i.xTaskIncrementTick                     0x08008a58   Section        0  tasks.o(i.xTaskIncrementTick)
    i.xTaskPriorityDisinherit                0x08008ba0   Section        0  tasks.o(i.xTaskPriorityDisinherit)
    i.xTaskRemoveFromEventList               0x08008c68   Section        0  tasks.o(i.xTaskRemoveFromEventList)
    i.xTaskResumeAll                         0x08008d00   Section        0  tasks.o(i.xTaskResumeAll)
    i.xTimerCreate                           0x08008e04   Section        0  timers.o(i.xTimerCreate)
    i.xTimerCreateTimerTask                  0x08008e34   Section        0  timers.o(i.xTimerCreateTimerTask)
    i.xTimerGenericCommand                   0x08008e88   Section        0  timers.o(i.xTimerGenericCommand)
    .constdata                               0x08008f0c   Section       24  freertos.o(.constdata)
    .constdata                               0x08008f24   Section       24  system_stm32f4xx.o(.constdata)
    .constdata                               0x08008f3c   Section        8  stm32f4xx_hal_dma.o(.constdata)
    flagBitshiftOffset                       0x08008f3c   Data           8  stm32f4xx_hal_dma.o(.constdata)
    .conststring                             0x08008f44   Section       12  freertos.o(.conststring)
    .data                                    0x20000000   Section        8  freertos.o(.data)
    .data                                    0x20000008   Section        4  system_stm32f4xx.o(.data)
    .data                                    0x2000000c   Section        8  remotetask.o(.data)
    .data                                    0x20000014   Section       32  canbustask.o(.data)
    can_count                                0x20000014   Data           4  canbustask.o(.data)
    first                                    0x2000001c   Data           1  canbustask.o(.data)
    first                                    0x2000001d   Data           1  canbustask.o(.data)
    yaw_angle_temp                           0x20000020   Data           4  canbustask.o(.data)
    first                                    0x20000024   Data           1  canbustask.o(.data)
    pluck_angle_temp                         0x20000028   Data           4  canbustask.o(.data)
    first                                    0x2000002c   Data           1  canbustask.o(.data)
    pitch_angle_temp                         0x20000030   Data           4  canbustask.o(.data)
    .data                                    0x20000038   Section       56  dataprocessingtask.o(.data)
    index                                    0x20000038   Data           2  dataprocessingtask.o(.data)
    first                                    0x2000003a   Data           1  dataprocessingtask.o(.data)
    biggest_P                                0x20000040   Data           8  dataprocessingtask.o(.data)
    smallest_P                               0x20000048   Data           8  dataprocessingtask.o(.data)
    biggest_Y                                0x20000050   Data           8  dataprocessingtask.o(.data)
    smallest_Y                               0x20000058   Data           8  dataprocessingtask.o(.data)
    biggest_L                                0x20000060   Data           8  dataprocessingtask.o(.data)
    smallest_L                               0x20000068   Data           8  dataprocessingtask.o(.data)
    .data                                    0x20000070   Section        1  firetask.o(.data)
    first                                    0x20000070   Data           1  firetask.o(.data)
    .data                                    0x20000074   Section      920  pidcontroltask.o(.data)
    .data                                    0x2000040c   Section        2  pid.o(.data)
    index                                    0x2000040c   Data           2  pid.o(.data)
    .data                                    0x20000410   Section        4  stm32f4xx_hal.o(.data)
    .data                                    0x20000414   Section       60  tasks.o(.data)
    pxDelayedTaskList                        0x20000418   Data           4  tasks.o(.data)
    pxOverflowDelayedTaskList                0x2000041c   Data           4  tasks.o(.data)
    uxDeletedTasksWaitingCleanUp             0x20000420   Data           4  tasks.o(.data)
    uxCurrentNumberOfTasks                   0x20000424   Data           4  tasks.o(.data)
    xTickCount                               0x20000428   Data           4  tasks.o(.data)
    uxTopReadyPriority                       0x2000042c   Data           4  tasks.o(.data)
    xSchedulerRunning                        0x20000430   Data           4  tasks.o(.data)
    uxPendedTicks                            0x20000434   Data           4  tasks.o(.data)
    xYieldPending                            0x20000438   Data           4  tasks.o(.data)
    xNumOfOverflows                          0x2000043c   Data           4  tasks.o(.data)
    uxTaskNumber                             0x20000440   Data           4  tasks.o(.data)
    xNextTaskUnblockTime                     0x20000444   Data           4  tasks.o(.data)
    xIdleTaskHandle                          0x20000448   Data           4  tasks.o(.data)
    uxSchedulerSuspended                     0x2000044c   Data           4  tasks.o(.data)
    .data                                    0x20000450   Section       20  timers.o(.data)
    pxCurrentTimerList                       0x20000450   Data           4  timers.o(.data)
    pxOverflowTimerList                      0x20000454   Data           4  timers.o(.data)
    xTimerQueue                              0x20000458   Data           4  timers.o(.data)
    xTimerTaskHandle                         0x2000045c   Data           4  timers.o(.data)
    xLastTime                                0x20000460   Data           4  timers.o(.data)
    .data                                    0x20000464   Section       24  heap_4.o(.data)
    xStart                                   0x20000464   Data           8  heap_4.o(.data)
    pxEnd                                    0x2000046c   Data           4  heap_4.o(.data)
    xFreeBytesRemaining                      0x20000470   Data           4  heap_4.o(.data)
    xMinimumEverFreeBytesRemaining           0x20000474   Data           4  heap_4.o(.data)
    xBlockAllocatedBit                       0x20000478   Data           4  heap_4.o(.data)
    .data                                    0x2000047c   Section       12  port.o(.data)
    uxCriticalNesting                        0x2000047c   Data           4  port.o(.data)
    ucMaxSysCallPriority                     0x20000480   Data           1  port.o(.data)
    ulMaxPRIGROUPValue                       0x20000484   Data           4  port.o(.data)
    .bss                                     0x20000488   Section       68  can.o(.bss)
    .bss                                     0x200004cc   Section      180  tim.o(.bss)
    .bss                                     0x20000580   Section      388  usart.o(.bss)
    .bss                                     0x20000704   Section       60  stm32f4xx_hal_timebase_tim.o(.bss)
    .bss                                     0x20000740   Section       20  remotetask.o(.bss)
    .bss                                     0x20000754   Section      568  canbustask.o(.bss)
    Tx1Message                               0x2000094c   Data          28  canbustask.o(.bss)
    Rx1Message                               0x20000968   Data          36  canbustask.o(.bss)
    .bss                                     0x2000098c   Section      120  dataprocessingtask.o(.bss)
    pitch_angle_buf                          0x2000098c   Data          40  dataprocessingtask.o(.bss)
    yaw_angle_buf                            0x200009b4   Data          40  dataprocessingtask.o(.bss)
    pluck_angle_buf                          0x200009dc   Data          40  dataprocessingtask.o(.bss)
    .bss                                     0x20000a04   Section      212  pidcontroltask.o(.bss)
    .bss                                     0x20000ad8   Section       64  queue.o(.bss)
    .bss                                     0x20000b18   Section      240  tasks.o(.bss)
    pxReadyTasksLists                        0x20000b18   Data         140  tasks.o(.bss)
    xDelayedTaskList1                        0x20000ba4   Data          20  tasks.o(.bss)
    xDelayedTaskList2                        0x20000bb8   Data          20  tasks.o(.bss)
    xPendingReadyList                        0x20000bcc   Data          20  tasks.o(.bss)
    xTasksWaitingTermination                 0x20000be0   Data          20  tasks.o(.bss)
    xSuspendedTaskList                       0x20000bf4   Data          20  tasks.o(.bss)
    .bss                                     0x20000c08   Section       40  timers.o(.bss)
    xActiveTimerList1                        0x20000c08   Data          20  timers.o(.bss)
    xActiveTimerList2                        0x20000c1c   Data          20  timers.o(.bss)
    .bss                                     0x20000c30   Section    15360  heap_4.o(.bss)
    ucHeap                                   0x20000c30   Data       15360  heap_4.o(.bss)
    STACK                                    0x20004830   Section     1024  startup_stm32f407xx.o(STACK)

    Global Symbols

    Symbol Name                              Value     Ov Type        Size  Object(Section)

    BuildAttributes$$THM_ISAv4$E$P$D$K$B$S$7EM$VFPi3$EXTD16$VFPS$VFMA$PE$A:L22UL41UL21$X:L11$S22US41US21$IEEE1$IW$USESV6$~STKCKD$USESV7$~SHL$OTIME$ROPI$IEEEJ$EBA8$MICROLIB$REQ8$PRES8$EABIv2 0x00000000   Number         0  anon$$obj.o ABSOLUTE
    __ARM_use_no_argv                        0x00000000   Number         0  main.o ABSOLUTE
    __cpp_initialize__aeabi_                  - Undefined Weak Reference
    __cxa_finalize                            - Undefined Weak Reference
    _clock_init                               - Undefined Weak Reference
    _microlib_exit                            - Undefined Weak Reference
    __Vectors_Size                           0x00000188   Number         0  startup_stm32f407xx.o ABSOLUTE
    __Vectors                                0x08000000   Data           4  startup_stm32f407xx.o(RESET)
    __Vectors_End                            0x08000188   Data           0  startup_stm32f407xx.o(RESET)
    __main                                   0x08000189   Thumb Code     0  entry.o(.ARM.Collect$$$$00000000)
    _main_stk                                0x08000189   Thumb Code     0  entry2.o(.ARM.Collect$$$$00000001)
    _main_scatterload                        0x0800018d   Thumb Code     0  entry5.o(.ARM.Collect$$$$00000004)
    __main_after_scatterload                 0x08000191   Thumb Code     0  entry5.o(.ARM.Collect$$$$00000004)
    _main_clock                              0x08000191   Thumb Code     0  entry7b.o(.ARM.Collect$$$$00000008)
    _main_cpp_init                           0x08000191   Thumb Code     0  entry8b.o(.ARM.Collect$$$$0000000A)
    _main_init                               0x08000191   Thumb Code     0  entry9a.o(.ARM.Collect$$$$0000000B)
    __rt_final_cpp                           0x08000199   Thumb Code     0  entry10a.o(.ARM.Collect$$$$0000000D)
    __rt_final_exit                          0x08000199   Thumb Code     0  entry11a.o(.ARM.Collect$$$$0000000F)
    SVC_Handler                              0x0800019d   Thumb Code    28  port.o(.emb_text)
    __asm___6_port_c_39a90d8d__prvStartFirstTask 0x080001bd   Thumb Code    28  port.o(.emb_text)
    __asm___6_port_c_39a90d8d__prvEnableVFP  0x080001dd   Thumb Code    16  port.o(.emb_text)
    PendSV_Handler                           0x080001f1   Thumb Code    92  port.o(.emb_text)
    vPortGetIPSR                             0x08000251   Thumb Code     6  port.o(.emb_text)
    Reset_Handler                            0x08000259   Thumb Code     8  startup_stm32f407xx.o(.text)
    ADC_IRQHandler                           0x08000273   Thumb Code     0  startup_stm32f407xx.o(.text)
    CAN1_RX1_IRQHandler                      0x08000273   Thumb Code     0  startup_stm32f407xx.o(.text)
    CAN1_SCE_IRQHandler                      0x08000273   Thumb Code     0  startup_stm32f407xx.o(.text)
    CAN2_RX0_IRQHandler                      0x08000273   Thumb Code     0  startup_stm32f407xx.o(.text)
    CAN2_RX1_IRQHandler                      0x08000273   Thumb Code     0  startup_stm32f407xx.o(.text)
    CAN2_SCE_IRQHandler                      0x08000273   Thumb Code     0  startup_stm32f407xx.o(.text)
    CAN2_TX_IRQHandler                       0x08000273   Thumb Code     0  startup_stm32f407xx.o(.text)
    DCMI_IRQHandler                          0x08000273   Thumb Code     0  startup_stm32f407xx.o(.text)
    DMA1_Stream0_IRQHandler                  0x08000273   Thumb Code     0  startup_stm32f407xx.o(.text)
    DMA1_Stream1_IRQHandler                  0x08000273   Thumb Code     0  startup_stm32f407xx.o(.text)
    DMA1_Stream2_IRQHandler                  0x08000273   Thumb Code     0  startup_stm32f407xx.o(.text)
    DMA1_Stream3_IRQHandler                  0x08000273   Thumb Code     0  startup_stm32f407xx.o(.text)
    DMA1_Stream4_IRQHandler                  0x08000273   Thumb Code     0  startup_stm32f407xx.o(.text)
    DMA1_Stream6_IRQHandler                  0x08000273   Thumb Code     0  startup_stm32f407xx.o(.text)
    DMA1_Stream7_IRQHandler                  0x08000273   Thumb Code     0  startup_stm32f407xx.o(.text)
    DMA2_Stream0_IRQHandler                  0x08000273   Thumb Code     0  startup_stm32f407xx.o(.text)
    DMA2_Stream1_IRQHandler                  0x08000273   Thumb Code     0  startup_stm32f407xx.o(.text)
    DMA2_Stream2_IRQHandler                  0x08000273   Thumb Code     0  startup_stm32f407xx.o(.text)
    DMA2_Stream3_IRQHandler                  0x08000273   Thumb Code     0  startup_stm32f407xx.o(.text)
    DMA2_Stream4_IRQHandler                  0x08000273   Thumb Code     0  startup_stm32f407xx.o(.text)
    DMA2_Stream5_IRQHandler                  0x08000273   Thumb Code     0  startup_stm32f407xx.o(.text)
    DMA2_Stream6_IRQHandler                  0x08000273   Thumb Code     0  startup_stm32f407xx.o(.text)
    DMA2_Stream7_IRQHandler                  0x08000273   Thumb Code     0  startup_stm32f407xx.o(.text)
    ETH_IRQHandler                           0x08000273   Thumb Code     0  startup_stm32f407xx.o(.text)
    ETH_WKUP_IRQHandler                      0x08000273   Thumb Code     0  startup_stm32f407xx.o(.text)
    EXTI0_IRQHandler                         0x08000273   Thumb Code     0  startup_stm32f407xx.o(.text)
    EXTI15_10_IRQHandler                     0x08000273   Thumb Code     0  startup_stm32f407xx.o(.text)
    EXTI1_IRQHandler                         0x08000273   Thumb Code     0  startup_stm32f407xx.o(.text)
    EXTI2_IRQHandler                         0x08000273   Thumb Code     0  startup_stm32f407xx.o(.text)
    EXTI3_IRQHandler                         0x08000273   Thumb Code     0  startup_stm32f407xx.o(.text)
    EXTI4_IRQHandler                         0x08000273   Thumb Code     0  startup_stm32f407xx.o(.text)
    EXTI9_5_IRQHandler                       0x08000273   Thumb Code     0  startup_stm32f407xx.o(.text)
    FLASH_IRQHandler                         0x08000273   Thumb Code     0  startup_stm32f407xx.o(.text)
    FMC_IRQHandler                           0x08000273   Thumb Code     0  startup_stm32f407xx.o(.text)
    FPU_IRQHandler                           0x08000273   Thumb Code     0  startup_stm32f407xx.o(.text)
    HASH_RNG_IRQHandler                      0x08000273   Thumb Code     0  startup_stm32f407xx.o(.text)
    I2C1_ER_IRQHandler                       0x08000273   Thumb Code     0  startup_stm32f407xx.o(.text)
    I2C1_EV_IRQHandler                       0x08000273   Thumb Code     0  startup_stm32f407xx.o(.text)
    I2C2_ER_IRQHandler                       0x08000273   Thumb Code     0  startup_stm32f407xx.o(.text)
    I2C2_EV_IRQHandler                       0x08000273   Thumb Code     0  startup_stm32f407xx.o(.text)
    I2C3_ER_IRQHandler                       0x08000273   Thumb Code     0  startup_stm32f407xx.o(.text)
    I2C3_EV_IRQHandler                       0x08000273   Thumb Code     0  startup_stm32f407xx.o(.text)
    OTG_FS_IRQHandler                        0x08000273   Thumb Code     0  startup_stm32f407xx.o(.text)
    OTG_FS_WKUP_IRQHandler                   0x08000273   Thumb Code     0  startup_stm32f407xx.o(.text)
    OTG_HS_EP1_IN_IRQHandler                 0x08000273   Thumb Code     0  startup_stm32f407xx.o(.text)
    OTG_HS_EP1_OUT_IRQHandler                0x08000273   Thumb Code     0  startup_stm32f407xx.o(.text)
    OTG_HS_IRQHandler                        0x08000273   Thumb Code     0  startup_stm32f407xx.o(.text)
    OTG_HS_WKUP_IRQHandler                   0x08000273   Thumb Code     0  startup_stm32f407xx.o(.text)
    PVD_IRQHandler                           0x08000273   Thumb Code     0  startup_stm32f407xx.o(.text)
    RCC_IRQHandler                           0x08000273   Thumb Code     0  startup_stm32f407xx.o(.text)
    RTC_Alarm_IRQHandler                     0x08000273   Thumb Code     0  startup_stm32f407xx.o(.text)
    RTC_WKUP_IRQHandler                      0x08000273   Thumb Code     0  startup_stm32f407xx.o(.text)
    SDIO_IRQHandler                          0x08000273   Thumb Code     0  startup_stm32f407xx.o(.text)
    SPI1_IRQHandler                          0x08000273   Thumb Code     0  startup_stm32f407xx.o(.text)
    SPI2_IRQHandler                          0x08000273   Thumb Code     0  startup_stm32f407xx.o(.text)
    SPI3_IRQHandler                          0x08000273   Thumb Code     0  startup_stm32f407xx.o(.text)
    TAMP_STAMP_IRQHandler                    0x08000273   Thumb Code     0  startup_stm32f407xx.o(.text)
    TIM1_BRK_TIM9_IRQHandler                 0x08000273   Thumb Code     0  startup_stm32f407xx.o(.text)
    TIM1_CC_IRQHandler                       0x08000273   Thumb Code     0  startup_stm32f407xx.o(.text)
    TIM1_TRG_COM_TIM11_IRQHandler            0x08000273   Thumb Code     0  startup_stm32f407xx.o(.text)
    TIM1_UP_TIM10_IRQHandler                 0x08000273   Thumb Code     0  startup_stm32f407xx.o(.text)
    TIM2_IRQHandler                          0x08000273   Thumb Code     0  startup_stm32f407xx.o(.text)
    TIM7_IRQHandler                          0x08000273   Thumb Code     0  startup_stm32f407xx.o(.text)
    TIM8_BRK_TIM12_IRQHandler                0x08000273   Thumb Code     0  startup_stm32f407xx.o(.text)
    TIM8_CC_IRQHandler                       0x08000273   Thumb Code     0  startup_stm32f407xx.o(.text)
    TIM8_TRG_COM_TIM14_IRQHandler            0x08000273   Thumb Code     0  startup_stm32f407xx.o(.text)
    TIM8_UP_TIM13_IRQHandler                 0x08000273   Thumb Code     0  startup_stm32f407xx.o(.text)
    UART4_IRQHandler                         0x08000273   Thumb Code     0  startup_stm32f407xx.o(.text)
    UART5_IRQHandler                         0x08000273   Thumb Code     0  startup_stm32f407xx.o(.text)
    USART6_IRQHandler                        0x08000273   Thumb Code     0  startup_stm32f407xx.o(.text)
    WWDG_IRQHandler                          0x08000273   Thumb Code     0  startup_stm32f407xx.o(.text)
    __aeabi_uldivmod                         0x0800027d   Thumb Code    98  uldiv.o(.text)
    __aeabi_memcpy                           0x080002df   Thumb Code    36  memcpya.o(.text)
    __aeabi_memcpy4                          0x080002df   Thumb Code     0  memcpya.o(.text)
    __aeabi_memcpy8                          0x080002df   Thumb Code     0  memcpya.o(.text)
    __aeabi_memset                           0x08000303   Thumb Code    14  memseta.o(.text)
    __aeabi_memset4                          0x08000303   Thumb Code     0  memseta.o(.text)
    __aeabi_memset8                          0x08000303   Thumb Code     0  memseta.o(.text)
    __aeabi_memclr                           0x08000311   Thumb Code     4  memseta.o(.text)
    __aeabi_memclr4                          0x08000311   Thumb Code     0  memseta.o(.text)
    __aeabi_memclr8                          0x08000311   Thumb Code     0  memseta.o(.text)
    _memset$wrapper                          0x08000315   Thumb Code    18  memseta.o(.text)
    __aeabi_dadd                             0x08000327   Thumb Code   322  dadd.o(.text)
    __aeabi_dsub                             0x08000469   Thumb Code     6  dadd.o(.text)
    __aeabi_drsub                            0x0800046f   Thumb Code     6  dadd.o(.text)
    __aeabi_ddiv                             0x08000475   Thumb Code   222  ddiv.o(.text)
    __aeabi_d2uiz                            0x08000553   Thumb Code    50  dfixui.o(.text)
    __aeabi_f2d                              0x08000585   Thumb Code    38  f2d.o(.text)
    __aeabi_cdcmpeq                          0x080005ad   Thumb Code     0  cdcmple.o(.text)
    __aeabi_cdcmple                          0x080005ad   Thumb Code    48  cdcmple.o(.text)
    __aeabi_cdrcmple                         0x080005dd   Thumb Code    48  cdrcmple.o(.text)
    __aeabi_d2f                              0x0800060d   Thumb Code    56  d2f.o(.text)
    __aeabi_llsl                             0x08000645   Thumb Code    30  llshl.o(.text)
    _ll_shift_l                              0x08000645   Thumb Code     0  llshl.o(.text)
    __aeabi_llsr                             0x08000663   Thumb Code    32  llushr.o(.text)
    _ll_ushift_r                             0x08000663   Thumb Code     0  llushr.o(.text)
    __aeabi_lasr                             0x08000683   Thumb Code    36  llsshr.o(.text)
    _ll_sshift_r                             0x08000683   Thumb Code     0  llsshr.o(.text)
    __I$use$fp                               0x080006a7   Thumb Code     0  iusefp.o(.text)
    _float_round                             0x080006a7   Thumb Code    18  fepilogue.o(.text)
    _float_epilogue                          0x080006b9   Thumb Code    92  fepilogue.o(.text)
    _double_round                            0x08000715   Thumb Code    30  depilogue.o(.text)
    _double_epilogue                         0x08000733   Thumb Code   156  depilogue.o(.text)
    __scatterload                            0x080007d1   Thumb Code    28  init.o(.text)
    __scatterload_rt2                        0x080007d1   Thumb Code     0  init.o(.text)
    __decompress                             0x080007f5   Thumb Code     0  __dczerorl2.o(.text)
    __decompress1                            0x080007f5   Thumb Code    86  __dczerorl2.o(.text)
    BusFault_Handler                         0x0800084b   Thumb Code     4  stm32f4xx_it.o(i.BusFault_Handler)
    CAN1_RX0_IRQHandler                      0x08000851   Thumb Code    10  stm32f4xx_it.o(i.CAN1_RX0_IRQHandler)
    CAN1_TX_IRQHandler                       0x08000861   Thumb Code    10  stm32f4xx_it.o(i.CAN1_TX_IRQHandler)
    Callback_RC_Handle                       0x08000a95   Thumb Code   178  remotetask.o(i.Callback_RC_Handle)
    CanTimerSendCallback                     0x08000b51   Thumb Code     2  freertos.o(i.CanTimerSendCallback)
    Chassis_And_Gimbal_Data_Init             0x08000b55   Thumb Code   108  pidcontroltask.o(i.Chassis_And_Gimbal_Data_Init)
    DMA1_Stream5_IRQHandler                  0x08000bdd   Thumb Code    10  stm32f4xx_it.o(i.DMA1_Stream5_IRQHandler)
    DebugMon_Handler                         0x08000cf7   Thumb Code     2  stm32f4xx_it.o(i.DebugMon_Handler)
    EncoderProcess                           0x08000cf9   Thumb Code   302  canbustask.o(i.EncoderProcess)
    Error_Handler                            0x08000e35   Thumb Code     2  main.o(i.Error_Handler)
    FireOpen                                 0x08000e37   Thumb Code    12  firetask.o(i.FireOpen)
    FireSetSingle                            0x08000e43   Thumb Code    12  firetask.o(i.FireSetSingle)
    Firefast                                 0x08000e4f   Thumb Code    12  firetask.o(i.Firefast)
    GetEncoderBias                           0x08000e5b   Thumb Code    30  canbustask.o(i.GetEncoderBias)
    Get_ch0_Data                             0x08000e79   Thumb Code     8  remotetask.o(i.Get_ch0_Data)
    Get_ch1_Data                             0x08000e85   Thumb Code     8  remotetask.o(i.Get_ch1_Data)
    Get_ch2_Data                             0x08000e91   Thumb Code     8  remotetask.o(i.Get_ch2_Data)
    Get_ch3_Data                             0x08000e9d   Thumb Code     8  remotetask.o(i.Get_ch3_Data)
    Gimbal_RC_Mode                           0x08000ea9   Thumb Code   320  pidcontroltask.o(i.Gimbal_RC_Mode)
    HAL_CAN_ConfigFilter                     0x08001015   Thumb Code   388  stm32f4xx_hal_can.o(i.HAL_CAN_ConfigFilter)
    HAL_CAN_ErrorCallback                    0x080011d5   Thumb Code    18  can.o(i.HAL_CAN_ErrorCallback)
    HAL_CAN_IRQHandler                       0x080011ed   Thumb Code   580  stm32f4xx_hal_can.o(i.HAL_CAN_IRQHandler)
    HAL_CAN_Init                             0x08001441   Thumb Code   724  stm32f4xx_hal_can.o(i.HAL_CAN_Init)
    HAL_CAN_MspInit                          0x08001755   Thumb Code   156  can.o(i.HAL_CAN_MspInit)
    HAL_CAN_Receive_IT                       0x080017fd   Thumb Code   290  stm32f4xx_hal_can.o(i.HAL_CAN_Receive_IT)
    HAL_CAN_RxCpltCallback                   0x08001959   Thumb Code   354  canbustask.o(i.HAL_CAN_RxCpltCallback)
    HAL_CAN_Transmit                         0x08001aed   Thumb Code   800  stm32f4xx_hal_can.o(i.HAL_CAN_Transmit)
    HAL_CAN_TxCpltCallback                   0x08001e51   Thumb Code     2  stm32f4xx_hal_can.o(i.HAL_CAN_TxCpltCallback)
    HAL_DMA_Abort_IT                         0x08001e53   Thumb Code    40  stm32f4xx_hal_dma.o(i.HAL_DMA_Abort_IT)
    HAL_DMA_IRQHandler                       0x08001e7d   Thumb Code   570  stm32f4xx_hal_dma.o(i.HAL_DMA_IRQHandler)
    HAL_DMA_Init                             0x080020bd   Thumb Code   792  stm32f4xx_hal_dma.o(i.HAL_DMA_Init)
    HAL_DMA_Start                            0x08002419   Thumb Code   122  stm32f4xx_hal_dma.o(i.HAL_DMA_Start)
    HAL_GPIO_Init                            0x080024cd   Thumb Code   954  stm32f4xx_hal_gpio.o(i.HAL_GPIO_Init)
    HAL_GPIO_WritePin                        0x0800290d   Thumb Code    60  stm32f4xx_hal_gpio.o(i.HAL_GPIO_WritePin)
    HAL_GetTick                              0x08002985   Thumb Code     6  stm32f4xx_hal.o(i.HAL_GetTick)
    HAL_IncTick                              0x08002991   Thumb Code    12  stm32f4xx_hal.o(i.HAL_IncTick)
    HAL_Init                                 0x080029a1   Thumb Code    54  stm32f4xx_hal.o(i.HAL_Init)
    HAL_InitTick                             0x080029dd   Thumb Code   122  stm32f4xx_hal_timebase_tim.o(i.HAL_InitTick)
    HAL_MspInit                              0x08002a69   Thumb Code    78  stm32f4xx_hal_msp.o(i.HAL_MspInit)
    HAL_NVIC_EnableIRQ                       0x08002abd   Thumb Code    44  stm32f4xx_hal_cortex.o(i.HAL_NVIC_EnableIRQ)
    HAL_NVIC_SetPriority                     0x08002b25   Thumb Code   152  stm32f4xx_hal_cortex.o(i.HAL_NVIC_SetPriority)
    HAL_NVIC_SetPriorityGrouping             0x08002bf9   Thumb Code    66  stm32f4xx_hal_cortex.o(i.HAL_NVIC_SetPriorityGrouping)
    HAL_RCC_ClockConfig                      0x08002c81   Thumb Code   626  stm32f4xx_hal_rcc.o(i.HAL_RCC_ClockConfig)
    HAL_RCC_GetClockConfig                   0x08002f3d   Thumb Code    58  stm32f4xx_hal_rcc.o(i.HAL_RCC_GetClockConfig)
    HAL_RCC_GetHCLKFreq                      0x08002f81   Thumb Code     6  stm32f4xx_hal_rcc.o(i.HAL_RCC_GetHCLKFreq)
    HAL_RCC_GetPCLK1Freq                     0x08002f8d   Thumb Code    22  stm32f4xx_hal_rcc.o(i.HAL_RCC_GetPCLK1Freq)
    HAL_RCC_GetPCLK2Freq                     0x08002fad   Thumb Code    22  stm32f4xx_hal_rcc.o(i.HAL_RCC_GetPCLK2Freq)
    HAL_RCC_GetSysClockFreq                  0x08002fcd   Thumb Code   162  stm32f4xx_hal_rcc.o(i.HAL_RCC_GetSysClockFreq)
    HAL_RCC_OscConfig                        0x0800307d   Thumb Code  1400  stm32f4xx_hal_rcc.o(i.HAL_RCC_OscConfig)
    HAL_TIMEx_BreakCallback                  0x080035fd   Thumb Code     2  stm32f4xx_hal_tim_ex.o(i.HAL_TIMEx_BreakCallback)
    HAL_TIMEx_CommutationCallback            0x080035ff   Thumb Code     2  stm32f4xx_hal_tim_ex.o(i.HAL_TIMEx_CommutationCallback)
    HAL_TIMEx_MasterConfigSynchronization    0x08003601   Thumb Code   258  stm32f4xx_hal_tim_ex.o(i.HAL_TIMEx_MasterConfigSynchronization)
    HAL_TIM_Base_Init                        0x0800375d   Thumb Code   242  stm32f4xx_hal_tim.o(i.HAL_TIM_Base_Init)
    HAL_TIM_Base_MspInit                     0x080038bd   Thumb Code   178  tim.o(i.HAL_TIM_Base_MspInit)
    HAL_TIM_Base_Start_IT                    0x08003981   Thumb Code   156  stm32f4xx_hal_tim.o(i.HAL_TIM_Base_Start_IT)
    HAL_TIM_ConfigClockSource                0x08003a89   Thumb Code  1726  stm32f4xx_hal_tim.o(i.HAL_TIM_ConfigClockSource)
    HAL_TIM_IC_CaptureCallback               0x0800416d   Thumb Code     2  stm32f4xx_hal_tim.o(i.HAL_TIM_IC_CaptureCallback)
    HAL_TIM_IRQHandler                       0x0800416f   Thumb Code   406  stm32f4xx_hal_tim.o(i.HAL_TIM_IRQHandler)
    HAL_TIM_MspPostInit                      0x08004305   Thumb Code    84  tim.o(i.HAL_TIM_MspPostInit)
    HAL_TIM_OC_DelayElapsedCallback          0x08004365   Thumb Code     2  stm32f4xx_hal_tim.o(i.HAL_TIM_OC_DelayElapsedCallback)
    HAL_TIM_PWM_ConfigChannel                0x08004369   Thumb Code   670  stm32f4xx_hal_tim.o(i.HAL_TIM_PWM_ConfigChannel)
    HAL_TIM_PWM_Init                         0x0800466d   Thumb Code   248  stm32f4xx_hal_tim.o(i.HAL_TIM_PWM_Init)
    HAL_TIM_PWM_MspInit                      0x080047d1   Thumb Code     2  stm32f4xx_hal_tim.o(i.HAL_TIM_PWM_MspInit)
    HAL_TIM_PWM_PulseFinishedCallback        0x080047d3   Thumb Code     2  stm32f4xx_hal_tim.o(i.HAL_TIM_PWM_PulseFinishedCallback)
    HAL_TIM_PWM_Start                        0x080047d5   Thumb Code   290  stm32f4xx_hal_tim.o(i.HAL_TIM_PWM_Start)
    HAL_TIM_PeriodElapsedCallback            0x0800495d   Thumb Code    30  main.o(i.HAL_TIM_PeriodElapsedCallback)
    HAL_TIM_TriggerCallback                  0x08004985   Thumb Code     2  stm32f4xx_hal_tim.o(i.HAL_TIM_TriggerCallback)
    HAL_UART_ErrorCallback                   0x08004987   Thumb Code     2  stm32f4xx_hal_uart.o(i.HAL_UART_ErrorCallback)
    HAL_UART_IDLE_IRQHandler                 0x08004989   Thumb Code   346  usart.o(i.HAL_UART_IDLE_IRQHandler)
    HAL_UART_IRQHandler                      0x08004af1   Thumb Code   326  stm32f4xx_hal_uart.o(i.HAL_UART_IRQHandler)
    HAL_UART_Init                            0x08004c3d   Thumb Code   306  stm32f4xx_hal_uart.o(i.HAL_UART_Init)
    HAL_UART_MspInit                         0x08004dc5   Thumb Code   458  usart.o(i.HAL_UART_MspInit)
    HAL_UART_Receive_IT_IDLE                 0x08004fb1   Thumb Code    32  usart.o(i.HAL_UART_Receive_IT_IDLE)
    HAL_UART_RxCpltCallback                  0x08004fd1   Thumb Code     2  stm32f4xx_hal_uart.o(i.HAL_UART_RxCpltCallback)
    HAL_UART_TxCpltCallback                  0x08004fd3   Thumb Code     2  stm32f4xx_hal_uart.o(i.HAL_UART_TxCpltCallback)
    HardFault_Handler                        0x08004fd5   Thumb Code     4  stm32f4xx_it.o(i.HardFault_Handler)
    MX_CAN1_Init                             0x08004fd9   Thumb Code    62  can.o(i.MX_CAN1_Init)
    MX_DMA_Init                              0x08005021   Thumb Code    52  dma.o(i.MX_DMA_Init)
    MX_FREERTOS_Init                         0x08005059   Thumb Code    52  freertos.o(i.MX_FREERTOS_Init)
    MX_GPIO_Init                             0x08005099   Thumb Code   448  gpio.o(i.MX_GPIO_Init)
    MX_TIM3_Init                             0x08005279   Thumb Code    98  tim.o(i.MX_TIM3_Init)
    MX_TIM4_Init                             0x080052e5   Thumb Code   152  tim.o(i.MX_TIM4_Init)
    MX_TIM5_Init                             0x08005385   Thumb Code    98  tim.o(i.MX_TIM5_Init)
    MX_USART1_UART_Init                      0x080053f1   Thumb Code    46  usart.o(i.MX_USART1_UART_Init)
    MX_USART2_UART_Init                      0x08005429   Thumb Code    48  usart.o(i.MX_USART2_UART_Init)
    MX_USART3_UART_Init                      0x08005465   Thumb Code    46  usart.o(i.MX_USART3_UART_Init)
    MemManage_Handler                        0x0800549d   Thumb Code     4  stm32f4xx_it.o(i.MemManage_Handler)
    NMI_Handler                              0x080054a1   Thumb Code     2  stm32f4xx_it.o(i.NMI_Handler)
    PID_calculate_chassis_self               0x080054dd   Thumb Code   124  pidcontroltask.o(i.PID_calculate_chassis_self)
    PID_calculate_position_self              0x08005589   Thumb Code    86  pidcontroltask.o(i.PID_calculate_position_self)
    PID_calculate_speed_self                 0x08005605   Thumb Code   128  pidcontroltask.o(i.PID_calculate_speed_self)
    PLUCK                                    0x080056a9   Thumb Code    58  firetask.o(i.PLUCK)
    Pitch_Angle_Precision_Filter             0x080056f5   Thumb Code   132  canbustask.o(i.Pitch_Angle_Precision_Filter)
    Pluck_Angle_Precision_Filter             0x08005789   Thumb Code   132  canbustask.o(i.Pluck_Angle_Precision_Filter)
    RC_Ctl_t_Init                            0x0800581d   Thumb Code    50  remotetask.o(i.RC_Ctl_t_Init)
    SHORT                                    0x08005855   Thumb Code    44  firetask.o(i.SHORT)
    Set_CM_Speed                             0x08005885   Thumb Code    96  canbustask.o(i.Set_CM_Speed)
    Set_Gimbal_Current                       0x080058e5   Thumb Code    78  canbustask.o(i.Set_Gimbal_Current)
    Set_Gimbal_Motor_Output                  0x08005935   Thumb Code   130  pidcontroltask.o(i.Set_Gimbal_Motor_Output)
    StartDefaultTask                         0x080059d9   Thumb Code    40  freertos.o(i.StartDefaultTask)
    SysTick_Handler                          0x08005a05   Thumb Code    46  port.o(i.SysTick_Handler)
    SystemClock_Config                       0x08005a39   Thumb Code   174  main.o(i.SystemClock_Config)
    SystemInit                               0x08005af1   Thumb Code    82  system_stm32f4xx.o(i.SystemInit)
    TIM3_IRQHandler                          0x08005b55   Thumb Code    10  stm32f4xx_it.o(i.TIM3_IRQHandler)
    TIM4_IRQHandler                          0x08005b65   Thumb Code    10  stm32f4xx_it.o(i.TIM4_IRQHandler)
    TIM5_IRQHandler                          0x08005b75   Thumb Code    10  stm32f4xx_it.o(i.TIM5_IRQHandler)
    TIM6_DAC_IRQHandler                      0x08005b85   Thumb Code    10  stm32f4xx_it.o(i.TIM6_DAC_IRQHandler)
    TIM_Base_SetConfig                       0x08005b95   Thumb Code   184  stm32f4xx_hal_tim.o(i.TIM_Base_SetConfig)
    TIM_CCxChannelCmd                        0x08005c79   Thumb Code   152  stm32f4xx_hal_tim.o(i.TIM_CCxChannelCmd)
    TIM_OC2_SetConfig                        0x08005e11   Thumb Code   150  stm32f4xx_hal_tim.o(i.TIM_OC2_SetConfig)
    UART_Receive_DMA_NoIT                    0x08006157   Thumb Code   164  usart.o(i.UART_Receive_DMA_NoIT)
    USART1_IRQHandler                        0x0800670d   Thumb Code    10  stm32f4xx_it.o(i.USART1_IRQHandler)
    USART2_IRQHandler                        0x0800671d   Thumb Code    10  stm32f4xx_it.o(i.USART2_IRQHandler)
    USART3_IRQHandler                        0x0800672d   Thumb Code    10  stm32f4xx_it.o(i.USART3_IRQHandler)
    UsageFault_Handler                       0x0800673d   Thumb Code     4  stm32f4xx_it.o(i.UsageFault_Handler)
    YUNTAI_SPEED                             0x08006741   Thumb Code    14  pidcontroltask.o(i.YUNTAI_SPEED)
    Yaw_Angle_Precision_Filter               0x0800675d   Thumb Code   132  canbustask.o(i.Yaw_Angle_Precision_Filter)
    Yuntai_angle_speed                       0x080067f1   Thumb Code  1332  dataprocessingtask.o(i.Yuntai_angle_speed)
    __hardfp_fabs                            0x08006d51   Thumb Code    20  fabs.o(i.__hardfp_fabs)
    __scatterload_copy                       0x08006d65   Thumb Code    14  handlers.o(i.__scatterload_copy)
    __scatterload_null                       0x08006d73   Thumb Code     2  handlers.o(i.__scatterload_null)
    __scatterload_zeroinit                   0x08006d75   Thumb Code    14  handlers.o(i.__scatterload_zeroinit)
    assert_failed                            0x08006d83   Thumb Code     2  main.o(i.assert_failed)
    main                                     0x08006d95   Thumb Code    96  main.o(i.main)
    motor_pwm_setvalue1                      0x08006e19   Thumb Code    40  tim.o(i.motor_pwm_setvalue1)
    my_can_filter_init_recv_all              0x08006e45   Thumb Code    62  canbustask.o(i.my_can_filter_init_recv_all)
    osDelay                                  0x08006e91   Thumb Code    24  cmsis_os.o(i.osDelay)
    osKernelStart                            0x08006ea9   Thumb Code    10  cmsis_os.o(i.osKernelStart)
    osThreadCreate                           0x08006eb3   Thumb Code    48  cmsis_os.o(i.osThreadCreate)
    osTimerCreate                            0x08006ee5   Thumb Code    36  cmsis_os.o(i.osTimerCreate)
    osTimerStart                             0x08006f0d   Thumb Code   100  cmsis_os.o(i.osTimerStart)
    pid_calculate                            0x08006f75   Thumb Code   552  pid.o(i.pid_calculate)
    pvPortMalloc                             0x08007b71   Thumb Code   296  heap_4.o(i.pvPortMalloc)
    pvTaskIncrementMutexHeldCount            0x08007cad   Thumb Code    26  tasks.o(i.pvTaskIncrementMutexHeldCount)
    pxPortInitialiseStack                    0x08007ccd   Thumb Code    38  port.o(i.pxPortInitialiseStack)
    uxListRemove                             0x08007cf9   Thumb Code    40  list.o(i.uxListRemove)
    vListInitialise                          0x08007d21   Thumb Code    26  list.o(i.vListInitialise)
    vListInitialiseItem                      0x08007d3b   Thumb Code     6  list.o(i.vListInitialiseItem)
    vListInsert                              0x08007d41   Thumb Code    52  list.o(i.vListInsert)
    vListInsertEnd                           0x08007d75   Thumb Code    24  list.o(i.vListInsertEnd)
    vPortEnterCritical                       0x08007d8d   Thumb Code    76  port.o(i.vPortEnterCritical)
    vPortExitCritical                        0x08007de1   Thumb Code    56  port.o(i.vPortExitCritical)
    vPortFree                                0x08007e1d   Thumb Code   140  heap_4.o(i.vPortFree)
    vPortSetupTimerInterrupt                 0x08007eb1   Thumb Code    26  port.o(i.vPortSetupTimerInterrupt)
    vPortValidateInterruptPriority           0x08007ed1   Thumb Code   106  port.o(i.vPortValidateInterruptPriority)
    vQueueAddToRegistry                      0x08007f49   Thumb Code    38  queue.o(i.vQueueAddToRegistry)
    vQueueWaitForMessageRestricted           0x08007f75   Thumb Code    74  queue.o(i.vQueueWaitForMessageRestricted)
    vTaskDelay                               0x08007fc1   Thumb Code    82  tasks.o(i.vTaskDelay)
    vTaskMissedYield                         0x0800801d   Thumb Code     8  tasks.o(i.vTaskMissedYield)
    vTaskPlaceOnEventList                    0x08008029   Thumb Code    52  tasks.o(i.vTaskPlaceOnEventList)
    vTaskPlaceOnEventListRestricted          0x08008061   Thumb Code    60  tasks.o(i.vTaskPlaceOnEventListRestricted)
    vTaskPriorityInherit                     0x080080a1   Thumb Code   164  tasks.o(i.vTaskPriorityInherit)
    vTaskSetTimeOutState                     0x08008151   Thumb Code    38  tasks.o(i.vTaskSetTimeOutState)
    vTaskStartScheduler                      0x08008181   Thumb Code   118  tasks.o(i.vTaskStartScheduler)
    vTaskSuspendAll                          0x08008215   Thumb Code    12  tasks.o(i.vTaskSuspendAll)
    vTaskSwitchContext                       0x08008225   Thumb Code   118  tasks.o(i.vTaskSwitchContext)
    xPortStartScheduler                      0x080082b1   Thumb Code   288  port.o(i.xPortStartScheduler)
    xQueueGenericCreate                      0x080083ed   Thumb Code    88  queue.o(i.xQueueGenericCreate)
    xQueueGenericReceive                     0x08008445   Thumb Code   446  queue.o(i.xQueueGenericReceive)
    xQueueGenericReset                       0x08008609   Thumb Code   146  queue.o(i.xQueueGenericReset)
    xQueueGenericSend                        0x080086a1   Thumb Code   420  queue.o(i.xQueueGenericSend)
    xQueueGenericSendFromISR                 0x08008849   Thumb Code   248  queue.o(i.xQueueGenericSendFromISR)
    xTaskCheckForTimeOut                     0x08008941   Thumb Code   132  tasks.o(i.xTaskCheckForTimeOut)
    xTaskCreate                              0x080089cd   Thumb Code    96  tasks.o(i.xTaskCreate)
    xTaskGetSchedulerState                   0x08008a2d   Thumb Code    24  tasks.o(i.xTaskGetSchedulerState)
    xTaskGetTickCount                        0x08008a4d   Thumb Code     6  tasks.o(i.xTaskGetTickCount)
    xTaskIncrementTick                       0x08008a59   Thumb Code   282  tasks.o(i.xTaskIncrementTick)
    xTaskPriorityDisinherit                  0x08008ba1   Thumb Code   188  tasks.o(i.xTaskPriorityDisinherit)
    xTaskRemoveFromEventList                 0x08008c69   Thumb Code   128  tasks.o(i.xTaskRemoveFromEventList)
    xTaskResumeAll                           0x08008d01   Thumb Code   224  tasks.o(i.xTaskResumeAll)
    xTimerCreate                             0x08008e05   Thumb Code    48  timers.o(i.xTimerCreate)
    xTimerCreateTimerTask                    0x08008e35   Thumb Code    64  timers.o(i.xTimerCreateTimerTask)
    xTimerGenericCommand                     0x08008e89   Thumb Code   126  timers.o(i.xTimerGenericCommand)
    AHBPrescTable                            0x08008f24   Data          16  system_stm32f4xx.o(.constdata)
    APBPrescTable                            0x08008f34   Data           8  system_stm32f4xx.o(.constdata)
    Region$$Table$$Base                      0x08008f50   Number         0  anon$$obj.o(Region$$Table)
    Region$$Table$$Limit                     0x08008f70   Number         0  anon$$obj.o(Region$$Table)
    defaultTaskHandle                        0x20000000   Data           4  freertos.o(.data)
    CanTimerSendHandle                       0x20000004   Data           4  freertos.o(.data)
    SystemCoreClock                          0x20000008   Data           4  system_stm32f4xx.o(.data)
    Latest_Remote_Control_Pack_Time          0x2000000c   Data           4  remotetask.o(.data)
    LED_Flash_Timer_remote_control           0x20000010   Data           4  remotetask.o(.data)
    FlashTimer                               0x20000018   Data           4  canbustask.o(.data)
    PID_pitchPosition_value                  0x20000074   Data           8  pidcontroltask.o(.data)
    PID_yawPosition_value                    0x2000007c   Data           8  pidcontroltask.o(.data)
    PID_pluckPosition_value                  0x20000084   Data           8  pidcontroltask.o(.data)
    PID_pitchSpeed_value                     0x2000008c   Data           8  pidcontroltask.o(.data)
    PID_yawSpeed_value                       0x20000094   Data           8  pidcontroltask.o(.data)
    PID_pluckSpeed_value                     0x2000009c   Data           8  pidcontroltask.o(.data)
    PID_CM1_value                            0x200000a4   Data           8  pidcontroltask.o(.data)
    PID_CM2_value                            0x200000ac   Data           8  pidcontroltask.o(.data)
    PID_CM3_value                            0x200000b4   Data           8  pidcontroltask.o(.data)
    PID_CM4_value                            0x200000bc   Data           8  pidcontroltask.o(.data)
    CM1pid                                   0x200000c4   Data          84  pidcontroltask.o(.data)
    CM2pid                                   0x20000118   Data          84  pidcontroltask.o(.data)
    CM3pid                                   0x2000016c   Data          84  pidcontroltask.o(.data)
    CM4pid                                   0x200001c0   Data          84  pidcontroltask.o(.data)
    YAWPpid                                  0x20000214   Data          84  pidcontroltask.o(.data)
    PITCHPpid                                0x20000268   Data          84  pidcontroltask.o(.data)
    YAWSpid                                  0x200002bc   Data          84  pidcontroltask.o(.data)
    PITCHSpid                                0x20000310   Data          84  pidcontroltask.o(.data)
    PLUCKPpid                                0x20000364   Data          84  pidcontroltask.o(.data)
    PLUCKSpid                                0x200003b8   Data          84  pidcontroltask.o(.data)
    uwTick                                   0x20000410   Data           4  stm32f4xx_hal.o(.data)
    pxCurrentTCB                             0x20000414   Data           4  tasks.o(.data)
    hcan1                                    0x20000488   Data          68  can.o(.bss)
    htim3                                    0x200004cc   Data          60  tim.o(.bss)
    htim4                                    0x20000508   Data          60  tim.o(.bss)
    htim5                                    0x20000544   Data          60  tim.o(.bss)
    UART_Buffer                              0x20000580   Data         100  usart.o(.bss)
    huart1                                   0x200005e4   Data          64  usart.o(.bss)
    huart2                                   0x20000624   Data          64  usart.o(.bss)
    huart3                                   0x20000664   Data          64  usart.o(.bss)
    hdma_usart2_rx                           0x200006a4   Data          96  usart.o(.bss)
    htim6                                    0x20000704   Data          60  stm32f4xx_hal_timebase_tim.o(.bss)
    RC_Ctl                                   0x20000740   Data          20  remotetask.o(.bss)
    CM1Encoder                               0x20000754   Data          72  canbustask.o(.bss)
    CM2Encoder                               0x2000079c   Data          72  canbustask.o(.bss)
    CM3Encoder                               0x200007e4   Data          72  canbustask.o(.bss)
    CM4Encoder                               0x2000082c   Data          72  canbustask.o(.bss)
    GMYawEncoder                             0x20000874   Data          72  canbustask.o(.bss)
    GMPitchEncoder                           0x200008bc   Data          72  canbustask.o(.bss)
    GMPluckEncoder                           0x20000904   Data          72  canbustask.o(.bss)
    gimbal_ref                               0x20000a04   Data          44  pidcontroltask.o(.bss)
    Position_pitchPID                        0x20000a30   Data          24  pidcontroltask.o(.bss)
    Position_yawPID                          0x20000a48   Data          24  pidcontroltask.o(.bss)
    Position_pluckPID                        0x20000a60   Data          24  pidcontroltask.o(.bss)
    Speed_pitchPID                           0x20000a78   Data          24  pidcontroltask.o(.bss)
    Speed_yawPID                             0x20000a90   Data          24  pidcontroltask.o(.bss)
    Speed_pluckPID                           0x20000aa8   Data          24  pidcontroltask.o(.bss)
    PID_Angle_Speed                          0x20000ac0   Data          24  pidcontroltask.o(.bss)
    xQueueRegistry                           0x20000ad8   Data          64  queue.o(.bss)
    __initial_sp                             0x20004c30   Data           0  startup_stm32f407xx.o(STACK)



==============================================================================

Memory Map of the image

  Image Entry point : 0x08000189

  Load Region LR_IROM1 (Base: 0x08000000, Size: 0x000093f8, Max: 0x00100000, ABSOLUTE, COMPRESSED[0x00008fdc])

    Execution Region ER_IROM1 (Exec base: 0x08000000, Load base: 0x08000000, Size: 0x00008f70, Max: 0x00100000, ABSOLUTE)

    Exec Addr    Load Addr    Size         Type   Attr      Idx    E Section Name        Object

    0x08000000   0x08000000   0x00000188   Data   RO            3    RESET               startup_stm32f407xx.o
    0x08000188   0x08000188   0x00000000   Code   RO         4783  * .ARM.Collect$$$$00000000  mc_w.l(entry.o)
    0x08000188   0x08000188   0x00000004   Code   RO         4808    .ARM.Collect$$$$00000001  mc_w.l(entry2.o)
    0x0800018c   0x0800018c   0x00000004   Code   RO         4811    .ARM.Collect$$$$00000004  mc_w.l(entry5.o)
    0x08000190   0x08000190   0x00000000   Code   RO         4813    .ARM.Collect$$$$00000008  mc_w.l(entry7b.o)
    0x08000190   0x08000190   0x00000000   Code   RO         4815    .ARM.Collect$$$$0000000A  mc_w.l(entry8b.o)
    0x08000190   0x08000190   0x00000008   Code   RO         4816    .ARM.Collect$$$$0000000B  mc_w.l(entry9a.o)
    0x08000198   0x08000198   0x00000000   Code   RO         4818    .ARM.Collect$$$$0000000D  mc_w.l(entry10a.o)
    0x08000198   0x08000198   0x00000000   Code   RO         4820    .ARM.Collect$$$$0000000F  mc_w.l(entry11a.o)
    0x08000198   0x08000198   0x00000004   Code   RO         4809    .ARM.Collect$$$$00002712  mc_w.l(entry2.o)
    0x0800019c   0x0800019c   0x000000ba   Code   RO         4700    .emb_text           port.o
    0x08000256   0x08000256   0x00000002   PAD
    0x08000258   0x08000258   0x00000024   Code   RO            4    .text               startup_stm32f407xx.o
    0x0800027c   0x0800027c   0x00000062   Code   RO         4786    .text               mc_w.l(uldiv.o)
    0x080002de   0x080002de   0x00000024   Code   RO         4788    .text               mc_w.l(memcpya.o)
    0x08000302   0x08000302   0x00000024   Code   RO         4790    .text               mc_w.l(memseta.o)
    0x08000326   0x08000326   0x0000014e   Code   RO         4794    .text               mf_w.l(dadd.o)
    0x08000474   0x08000474   0x000000de   Code   RO         4796    .text               mf_w.l(ddiv.o)
    0x08000552   0x08000552   0x00000032   Code   RO         4798    .text               mf_w.l(dfixui.o)
    0x08000584   0x08000584   0x00000026   Code   RO         4800    .text               mf_w.l(f2d.o)
    0x080005aa   0x080005aa   0x00000002   PAD
    0x080005ac   0x080005ac   0x00000030   Code   RO         4802    .text               mf_w.l(cdcmple.o)
    0x080005dc   0x080005dc   0x00000030   Code   RO         4804    .text               mf_w.l(cdrcmple.o)
    0x0800060c   0x0800060c   0x00000038   Code   RO         4806    .text               mf_w.l(d2f.o)
    0x08000644   0x08000644   0x0000001e   Code   RO         4822    .text               mc_w.l(llshl.o)
    0x08000662   0x08000662   0x00000020   Code   RO         4824    .text               mc_w.l(llushr.o)
    0x08000682   0x08000682   0x00000024   Code   RO         4826    .text               mc_w.l(llsshr.o)
    0x080006a6   0x080006a6   0x00000000   Code   RO         4828    .text               mc_w.l(iusefp.o)
    0x080006a6   0x080006a6   0x0000006e   Code   RO         4829    .text               mf_w.l(fepilogue.o)
    0x08000714   0x08000714   0x000000ba   Code   RO         4831    .text               mf_w.l(depilogue.o)
    0x080007ce   0x080007ce   0x00000002   PAD
    0x080007d0   0x080007d0   0x00000024   Code   RO         4833    .text               mc_w.l(init.o)
    0x080007f4   0x080007f4   0x00000056   Code   RO         4843    .text               mc_w.l(__dczerorl2.o)
    0x0800084a   0x0800084a   0x00000004   Code   RO          537    i.BusFault_Handler  stm32f4xx_it.o
    0x0800084e   0x0800084e   0x00000002   PAD
    0x08000850   0x08000850   0x00000010   Code   RO          538    i.CAN1_RX0_IRQHandler  stm32f4xx_it.o
    0x08000860   0x08000860   0x00000010   Code   RO          539    i.CAN1_TX_IRQHandler  stm32f4xx_it.o
    0x08000870   0x08000870   0x000001c2   Code   RO         1089    i.CAN_Receive_IT    stm32f4xx_hal_can.o
    0x08000a32   0x08000a32   0x00000062   Code   RO         1090    i.CAN_Transmit_IT   stm32f4xx_hal_can.o
    0x08000a94   0x08000a94   0x000000bc   Code   RO          755    i.Callback_RC_Handle  remotetask.o
    0x08000b50   0x08000b50   0x00000002   Code   RO          334    i.CanTimerSendCallback  freertos.o
    0x08000b52   0x08000b52   0x00000002   PAD
    0x08000b54   0x08000b54   0x00000088   Code   RO          997    i.Chassis_And_Gimbal_Data_Init  pidcontroltask.o
    0x08000bdc   0x08000bdc   0x00000010   Code   RO          540    i.DMA1_Stream5_IRQHandler  stm32f4xx_it.o
    0x08000bec   0x08000bec   0x00000034   Code   RO         2922    i.DMA_CalcBaseAndBitshift  stm32f4xx_hal_dma.o
    0x08000c20   0x08000c20   0x000000aa   Code   RO         2923    i.DMA_CheckFifoParam  stm32f4xx_hal_dma.o
    0x08000cca   0x08000cca   0x0000002c   Code   RO         2924    i.DMA_SetConfig     stm32f4xx_hal_dma.o
    0x08000cf6   0x08000cf6   0x00000002   Code   RO          541    i.DebugMon_Handler  stm32f4xx_it.o
    0x08000cf8   0x08000cf8   0x0000013c   Code   RO          834    i.EncoderProcess    canbustask.o
    0x08000e34   0x08000e34   0x00000002   Code   RO           13    i.Error_Handler     main.o
    0x08000e36   0x08000e36   0x0000000c   Code   RO          948    i.FireOpen          firetask.o
    0x08000e42   0x08000e42   0x0000000c   Code   RO          949    i.FireSetSingle     firetask.o
    0x08000e4e   0x08000e4e   0x0000000c   Code   RO          950    i.Firefast          firetask.o
    0x08000e5a   0x08000e5a   0x0000001e   Code   RO          835    i.GetEncoderBias    canbustask.o
    0x08000e78   0x08000e78   0x0000000c   Code   RO          759    i.Get_ch0_Data      remotetask.o
    0x08000e84   0x08000e84   0x0000000c   Code   RO          760    i.Get_ch1_Data      remotetask.o
    0x08000e90   0x08000e90   0x0000000c   Code   RO          761    i.Get_ch2_Data      remotetask.o
    0x08000e9c   0x08000e9c   0x0000000c   Code   RO          762    i.Get_ch3_Data      remotetask.o
    0x08000ea8   0x08000ea8   0x0000016c   Code   RO          998    i.Gimbal_RC_Mode    pidcontroltask.o
    0x08001014   0x08001014   0x000001c0   Code   RO         1091    i.HAL_CAN_ConfigFilter  stm32f4xx_hal_can.o
    0x080011d4   0x080011d4   0x00000018   Code   RO          262    i.HAL_CAN_ErrorCallback  can.o
    0x080011ec   0x080011ec   0x00000254   Code   RO         1096    i.HAL_CAN_IRQHandler  stm32f4xx_hal_can.o
    0x08001440   0x08001440   0x00000314   Code   RO         1097    i.HAL_CAN_Init      stm32f4xx_hal_can.o
    0x08001754   0x08001754   0x000000a8   Code   RO          264    i.HAL_CAN_MspInit   can.o
    0x080017fc   0x080017fc   0x0000015c   Code   RO         1101    i.HAL_CAN_Receive_IT  stm32f4xx_hal_can.o
    0x08001958   0x08001958   0x00000194   Code   RO          836    i.HAL_CAN_RxCpltCallback  canbustask.o
    0x08001aec   0x08001aec   0x00000364   Code   RO         1104    i.HAL_CAN_Transmit  stm32f4xx_hal_can.o
    0x08001e50   0x08001e50   0x00000002   Code   RO         1106    i.HAL_CAN_TxCpltCallback  stm32f4xx_hal_can.o
    0x08001e52   0x08001e52   0x00000028   Code   RO         2926    i.HAL_DMA_Abort_IT  stm32f4xx_hal_dma.o
    0x08001e7a   0x08001e7a   0x00000002   PAD
    0x08001e7c   0x08001e7c   0x00000240   Code   RO         2930    i.HAL_DMA_IRQHandler  stm32f4xx_hal_dma.o
    0x080020bc   0x080020bc   0x0000035c   Code   RO         2931    i.HAL_DMA_Init      stm32f4xx_hal_dma.o
    0x08002418   0x08002418   0x000000b4   Code   RO         2934    i.HAL_DMA_Start     stm32f4xx_hal_dma.o
    0x080024cc   0x080024cc   0x00000440   Code   RO         2818    i.HAL_GPIO_Init     stm32f4xx_hal_gpio.o
    0x0800290c   0x0800290c   0x00000078   Code   RO         2822    i.HAL_GPIO_WritePin  stm32f4xx_hal_gpio.o
    0x08002984   0x08002984   0x0000000c   Code   RO         3355    i.HAL_GetTick       stm32f4xx_hal.o
    0x08002990   0x08002990   0x00000010   Code   RO         3357    i.HAL_IncTick       stm32f4xx_hal.o
    0x080029a0   0x080029a0   0x0000003c   Code   RO         3358    i.HAL_Init          stm32f4xx_hal.o
    0x080029dc   0x080029dc   0x0000008c   Code   RO          679    i.HAL_InitTick      stm32f4xx_hal_timebase_tim.o
    0x08002a68   0x08002a68   0x00000054   Code   RO          655    i.HAL_MspInit       stm32f4xx_hal_msp.o
    0x08002abc   0x08002abc   0x00000068   Code   RO         3207    i.HAL_NVIC_EnableIRQ  stm32f4xx_hal_cortex.o
    0x08002b24   0x08002b24   0x000000d4   Code   RO         3213    i.HAL_NVIC_SetPriority  stm32f4xx_hal_cortex.o
    0x08002bf8   0x08002bf8   0x00000088   Code   RO         3214    i.HAL_NVIC_SetPriorityGrouping  stm32f4xx_hal_cortex.o
    0x08002c80   0x08002c80   0x000002bc   Code   RO         2431    i.HAL_RCC_ClockConfig  stm32f4xx_hal_rcc.o
    0x08002f3c   0x08002f3c   0x00000044   Code   RO         2435    i.HAL_RCC_GetClockConfig  stm32f4xx_hal_rcc.o
    0x08002f80   0x08002f80   0x0000000c   Code   RO         2436    i.HAL_RCC_GetHCLKFreq  stm32f4xx_hal_rcc.o
    0x08002f8c   0x08002f8c   0x00000020   Code   RO         2438    i.HAL_RCC_GetPCLK1Freq  stm32f4xx_hal_rcc.o
    0x08002fac   0x08002fac   0x00000020   Code   RO         2439    i.HAL_RCC_GetPCLK2Freq  stm32f4xx_hal_rcc.o
    0x08002fcc   0x08002fcc   0x000000b0   Code   RO         2440    i.HAL_RCC_GetSysClockFreq  stm32f4xx_hal_rcc.o
    0x0800307c   0x0800307c   0x00000580   Code   RO         2443    i.HAL_RCC_OscConfig  stm32f4xx_hal_rcc.o
    0x080035fc   0x080035fc   0x00000002   Code   RO         1860    i.HAL_TIMEx_BreakCallback  stm32f4xx_hal_tim_ex.o
    0x080035fe   0x080035fe   0x00000002   Code   RO         1861    i.HAL_TIMEx_CommutationCallback  stm32f4xx_hal_tim_ex.o
    0x08003600   0x08003600   0x0000015c   Code   RO         1877    i.HAL_TIMEx_MasterConfigSynchronization  stm32f4xx_hal_tim_ex.o
    0x0800375c   0x0800375c   0x00000160   Code   RO         1221    i.HAL_TIM_Base_Init  stm32f4xx_hal_tim.o
    0x080038bc   0x080038bc   0x000000c4   Code   RO          394    i.HAL_TIM_Base_MspInit  tim.o
    0x08003980   0x08003980   0x00000108   Code   RO         1226    i.HAL_TIM_Base_Start_IT  stm32f4xx_hal_tim.o
    0x08003a88   0x08003a88   0x000006e4   Code   RO         1230    i.HAL_TIM_ConfigClockSource  stm32f4xx_hal_tim.o
    0x0800416c   0x0800416c   0x00000002   Code   RO         1250    i.HAL_TIM_IC_CaptureCallback  stm32f4xx_hal_tim.o
    0x0800416e   0x0800416e   0x00000196   Code   RO         1263    i.HAL_TIM_IRQHandler  stm32f4xx_hal_tim.o
    0x08004304   0x08004304   0x00000060   Code   RO          395    i.HAL_TIM_MspPostInit  tim.o
    0x08004364   0x08004364   0x00000002   Code   RO         1266    i.HAL_TIM_OC_DelayElapsedCallback  stm32f4xx_hal_tim.o
    0x08004366   0x08004366   0x00000002   PAD
    0x08004368   0x08004368   0x00000304   Code   RO         1287    i.HAL_TIM_PWM_ConfigChannel  stm32f4xx_hal_tim.o
    0x0800466c   0x0800466c   0x00000164   Code   RO         1290    i.HAL_TIM_PWM_Init  stm32f4xx_hal_tim.o
    0x080047d0   0x080047d0   0x00000002   Code   RO         1292    i.HAL_TIM_PWM_MspInit  stm32f4xx_hal_tim.o
    0x080047d2   0x080047d2   0x00000002   Code   RO         1293    i.HAL_TIM_PWM_PulseFinishedCallback  stm32f4xx_hal_tim.o
    0x080047d4   0x080047d4   0x00000188   Code   RO         1294    i.HAL_TIM_PWM_Start  stm32f4xx_hal_tim.o
    0x0800495c   0x0800495c   0x00000028   Code   RO           14    i.HAL_TIM_PeriodElapsedCallback  main.o
    0x08004984   0x08004984   0x00000002   Code   RO         1304    i.HAL_TIM_TriggerCallback  stm32f4xx_hal_tim.o
    0x08004986   0x08004986   0x00000002   Code   RO         2120    i.HAL_UART_ErrorCallback  stm32f4xx_hal_uart.o
    0x08004988   0x08004988   0x00000168   Code   RO          459    i.HAL_UART_IDLE_IRQHandler  usart.o
    0x08004af0   0x08004af0   0x0000014c   Code   RO         2123    i.HAL_UART_IRQHandler  stm32f4xx_hal_uart.o
    0x08004c3c   0x08004c3c   0x00000188   Code   RO         2124    i.HAL_UART_Init     stm32f4xx_hal_uart.o
    0x08004dc4   0x08004dc4   0x000001ec   Code   RO          461    i.HAL_UART_MspInit  usart.o
    0x08004fb0   0x08004fb0   0x00000020   Code   RO          462    i.HAL_UART_Receive_IT_IDLE  usart.o
    0x08004fd0   0x08004fd0   0x00000002   Code   RO         2130    i.HAL_UART_RxCpltCallback  stm32f4xx_hal_uart.o
    0x08004fd2   0x08004fd2   0x00000002   Code   RO         2135    i.HAL_UART_TxCpltCallback  stm32f4xx_hal_uart.o
    0x08004fd4   0x08004fd4   0x00000004   Code   RO          542    i.HardFault_Handler  stm32f4xx_it.o
    0x08004fd8   0x08004fd8   0x00000048   Code   RO          265    i.MX_CAN1_Init      can.o
    0x08005020   0x08005020   0x00000038   Code   RO          310    i.MX_DMA_Init       dma.o
    0x08005058   0x08005058   0x00000040   Code   RO          335    i.MX_FREERTOS_Init  freertos.o
    0x08005098   0x08005098   0x000001e0   Code   RO          238    i.MX_GPIO_Init      gpio.o
    0x08005278   0x08005278   0x0000006c   Code   RO          396    i.MX_TIM3_Init      tim.o
    0x080052e4   0x080052e4   0x000000a0   Code   RO          397    i.MX_TIM4_Init      tim.o
    0x08005384   0x08005384   0x0000006c   Code   RO          398    i.MX_TIM5_Init      tim.o
    0x080053f0   0x080053f0   0x00000038   Code   RO          463    i.MX_USART1_UART_Init  usart.o
    0x08005428   0x08005428   0x0000003c   Code   RO          464    i.MX_USART2_UART_Init  usart.o
    0x08005464   0x08005464   0x00000038   Code   RO          465    i.MX_USART3_UART_Init  usart.o
    0x0800549c   0x0800549c   0x00000004   Code   RO          543    i.MemManage_Handler  stm32f4xx_it.o
    0x080054a0   0x080054a0   0x00000002   Code   RO          544    i.NMI_Handler       stm32f4xx_it.o
    0x080054a2   0x080054a2   0x00000002   PAD
    0x080054a4   0x080054a4   0x00000010   Code   RO         3220    i.NVIC_GetPriorityGrouping  stm32f4xx_hal_cortex.o
    0x080054b4   0x080054b4   0x00000028   Code   RO         3221    i.NVIC_SetPriority  stm32f4xx_hal_cortex.o
    0x080054dc   0x080054dc   0x000000ac   Code   RO          999    i.PID_calculate_chassis_self  pidcontroltask.o
    0x08005588   0x08005588   0x0000007c   Code   RO         1000    i.PID_calculate_position_self  pidcontroltask.o
    0x08005604   0x08005604   0x000000a4   Code   RO         1001    i.PID_calculate_speed_self  pidcontroltask.o
    0x080056a8   0x080056a8   0x0000004c   Code   RO          951    i.PLUCK             firetask.o
    0x080056f4   0x080056f4   0x00000094   Code   RO          837    i.Pitch_Angle_Precision_Filter  canbustask.o
    0x08005788   0x08005788   0x00000094   Code   RO          838    i.Pluck_Angle_Precision_Filter  canbustask.o
    0x0800581c   0x0800581c   0x00000038   Code   RO          763    i.RC_Ctl_t_Init     remotetask.o
    0x08005854   0x08005854   0x00000030   Code   RO          952    i.SHORT             firetask.o
    0x08005884   0x08005884   0x00000060   Code   RO          839    i.Set_CM_Speed      canbustask.o
    0x080058e4   0x080058e4   0x0000004e   Code   RO          840    i.Set_Gimbal_Current  canbustask.o
    0x08005932   0x08005932   0x00000002   PAD
    0x08005934   0x08005934   0x000000a4   Code   RO         1002    i.Set_Gimbal_Motor_Output  pidcontroltask.o
    0x080059d8   0x080059d8   0x0000002c   Code   RO          336    i.StartDefaultTask  freertos.o
    0x08005a04   0x08005a04   0x00000034   Code   RO         4701    i.SysTick_Handler   port.o
    0x08005a38   0x08005a38   0x000000b8   Code   RO           15    i.SystemClock_Config  main.o
    0x08005af0   0x08005af0   0x00000064   Code   RO          719    i.SystemInit        system_stm32f4xx.o
    0x08005b54   0x08005b54   0x00000010   Code   RO          545    i.TIM3_IRQHandler   stm32f4xx_it.o
    0x08005b64   0x08005b64   0x00000010   Code   RO          546    i.TIM4_IRQHandler   stm32f4xx_it.o
    0x08005b74   0x08005b74   0x00000010   Code   RO          547    i.TIM5_IRQHandler   stm32f4xx_it.o
    0x08005b84   0x08005b84   0x00000010   Code   RO          548    i.TIM6_DAC_IRQHandler  stm32f4xx_it.o
    0x08005b94   0x08005b94   0x000000e4   Code   RO         1305    i.TIM_Base_SetConfig  stm32f4xx_hal_tim.o
    0x08005c78   0x08005c78   0x000000fc   Code   RO         1306    i.TIM_CCxChannelCmd  stm32f4xx_hal_tim.o
    0x08005d74   0x08005d74   0x00000018   Code   RO         1312    i.TIM_ETR_SetConfig  stm32f4xx_hal_tim.o
    0x08005d8c   0x08005d8c   0x00000014   Code   RO         1313    i.TIM_ITRx_SetConfig  stm32f4xx_hal_tim.o
    0x08005da0   0x08005da0   0x00000070   Code   RO         1314    i.TIM_OC1_SetConfig  stm32f4xx_hal_tim.o
    0x08005e10   0x08005e10   0x000000d8   Code   RO         1315    i.TIM_OC2_SetConfig  stm32f4xx_hal_tim.o
    0x08005ee8   0x08005ee8   0x00000108   Code   RO         1316    i.TIM_OC3_SetConfig  stm32f4xx_hal_tim.o
    0x08005ff0   0x08005ff0   0x000000bc   Code   RO         1317    i.TIM_OC4_SetConfig  stm32f4xx_hal_tim.o
    0x080060ac   0x080060ac   0x0000002a   Code   RO         1319    i.TIM_TI1_ConfigInputStage  stm32f4xx_hal_tim.o
    0x080060d6   0x080060d6   0x0000002c   Code   RO         1321    i.TIM_TI2_ConfigInputStage  stm32f4xx_hal_tim.o
    0x08006102   0x08006102   0x00000014   Code   RO         2137    i.UART_DMAAbortOnError  stm32f4xx_hal_uart.o
    0x08006116   0x08006116   0x00000020   Code   RO         2147    i.UART_EndRxTransfer  stm32f4xx_hal_uart.o
    0x08006136   0x08006136   0x00000020   Code   RO         2148    i.UART_EndTransmit_IT  stm32f4xx_hal_uart.o
    0x08006156   0x08006156   0x000000a4   Code   RO          466    i.UART_Receive_DMA_NoIT  usart.o
    0x080061fa   0x080061fa   0x0000009a   Code   RO         2150    i.UART_Receive_IT   stm32f4xx_hal_uart.o
    0x08006294   0x08006294   0x00000410   Code   RO         2151    i.UART_SetConfig    stm32f4xx_hal_uart.o
    0x080066a4   0x080066a4   0x00000068   Code   RO         2152    i.UART_Transmit_IT  stm32f4xx_hal_uart.o
    0x0800670c   0x0800670c   0x00000010   Code   RO          549    i.USART1_IRQHandler  stm32f4xx_it.o
    0x0800671c   0x0800671c   0x00000010   Code   RO          550    i.USART2_IRQHandler  stm32f4xx_it.o
    0x0800672c   0x0800672c   0x00000010   Code   RO          551    i.USART3_IRQHandler  stm32f4xx_it.o
    0x0800673c   0x0800673c   0x00000004   Code   RO          552    i.UsageFault_Handler  stm32f4xx_it.o
    0x08006740   0x08006740   0x0000001c   Code   RO         1003    i.YUNTAI_SPEED      pidcontroltask.o
    0x0800675c   0x0800675c   0x00000094   Code   RO          841    i.Yaw_Angle_Precision_Filter  canbustask.o
    0x080067f0   0x080067f0   0x00000560   Code   RO          917    i.Yuntai_angle_speed  dataprocessingtask.o
    0x08006d50   0x08006d50   0x00000014   Code   RO         4777    i.__hardfp_fabs     m_wm.l(fabs.o)
    0x08006d64   0x08006d64   0x0000000e   Code   RO         4837    i.__scatterload_copy  mc_w.l(handlers.o)
    0x08006d72   0x08006d72   0x00000002   Code   RO         4838    i.__scatterload_null  mc_w.l(handlers.o)
    0x08006d74   0x08006d74   0x0000000e   Code   RO         4839    i.__scatterload_zeroinit  mc_w.l(handlers.o)
    0x08006d82   0x08006d82   0x00000002   Code   RO           16    i.assert_failed     main.o
    0x08006d84   0x08006d84   0x00000010   Code   RO         4276    i.inHandlerMode     cmsis_os.o
    0x08006d94   0x08006d94   0x00000074   Code   RO           17    i.main              main.o
    0x08006e08   0x08006e08   0x0000000e   Code   RO         4278    i.makeFreeRtosPriority  cmsis_os.o
    0x08006e16   0x08006e16   0x00000002   PAD
    0x08006e18   0x08006e18   0x0000002c   Code   RO          399    i.motor_pwm_setvalue1  tim.o
    0x08006e44   0x08006e44   0x0000004c   Code   RO          842    i.my_can_filter_init_recv_all  canbustask.o
    0x08006e90   0x08006e90   0x00000018   Code   RO         4280    i.osDelay           cmsis_os.o
    0x08006ea8   0x08006ea8   0x0000000a   Code   RO         4283    i.osKernelStart     cmsis_os.o
    0x08006eb2   0x08006eb2   0x00000030   Code   RO         4317    i.osThreadCreate    cmsis_os.o
    0x08006ee2   0x08006ee2   0x00000002   PAD
    0x08006ee4   0x08006ee4   0x00000028   Code   RO         4328    i.osTimerCreate     cmsis_os.o
    0x08006f0c   0x08006f0c   0x00000068   Code   RO         4330    i.osTimerStart      cmsis_os.o
    0x08006f74   0x08006f74   0x0000022c   Code   RO         1064    i.pid_calculate     pid.o
    0x080071a0   0x080071a0   0x00000098   Code   RO         3813    i.prvAddCurrentTaskToDelayedList  tasks.o
    0x08007238   0x08007238   0x000000b8   Code   RO         3814    i.prvAddNewTaskToReadyList  tasks.o
    0x080072f0   0x080072f0   0x00000064   Code   RO         4144    i.prvCheckForValidListAndQueue  timers.o
    0x08007354   0x08007354   0x00000064   Code   RO         3815    i.prvCheckTasksWaitingTermination  tasks.o
    0x080073b8   0x080073b8   0x0000002a   Code   RO         3633    i.prvCopyDataFromQueue  queue.o
    0x080073e2   0x080073e2   0x0000007c   Code   RO         3634    i.prvCopyDataToQueue  queue.o
    0x0800745e   0x0800745e   0x00000012   Code   RO         3816    i.prvDeleteTCB      tasks.o
    0x08007470   0x08007470   0x00000028   Code   RO         4145    i.prvGetNextExpireTime  timers.o
    0x08007498   0x08007498   0x0000007c   Code   RO         4651    i.prvHeapInit       heap_4.o
    0x08007514   0x08007514   0x00000028   Code   RO         3817    i.prvIdleTask       tasks.o
    0x0800753c   0x0800753c   0x0000002a   Code   RO         3636    i.prvInitialiseNewQueue  queue.o
    0x08007566   0x08007566   0x000000b4   Code   RO         3818    i.prvInitialiseNewTask  tasks.o
    0x0800761a   0x0800761a   0x0000004e   Code   RO         4146    i.prvInitialiseNewTimer  timers.o
    0x08007668   0x08007668   0x00000068   Code   RO         3819    i.prvInitialiseTaskLists  tasks.o
    0x080076d0   0x080076d0   0x00000068   Code   RO         4652    i.prvInsertBlockIntoFreeList  heap_4.o
    0x08007738   0x08007738   0x00000058   Code   RO         4147    i.prvInsertTimerInActiveList  timers.o
    0x08007790   0x08007790   0x0000001a   Code   RO         3637    i.prvIsQueueEmpty   queue.o
    0x080077aa   0x080077aa   0x0000001e   Code   RO         3638    i.prvIsQueueFull    queue.o
    0x080077c8   0x080077c8   0x00000064   Code   RO         4148    i.prvProcessExpiredTimer  timers.o
    0x0800782c   0x0800782c   0x000000f8   Code   RO         4149    i.prvProcessReceivedCommands  timers.o
    0x08007924   0x08007924   0x00000074   Code   RO         4150    i.prvProcessTimerOrBlockTask  timers.o
    0x08007998   0x08007998   0x00000034   Code   RO         3821    i.prvResetNextTaskUnblockTime  tasks.o
    0x080079cc   0x080079cc   0x0000002c   Code   RO         4151    i.prvSampleTimeNow  timers.o
    0x080079f8   0x080079f8   0x000000a0   Code   RO         4152    i.prvSwitchTimerLists  timers.o
    0x08007a98   0x08007a98   0x00000040   Code   RO         4702    i.prvTaskExitError  port.o
    0x08007ad8   0x08007ad8   0x0000001a   Code   RO         4153    i.prvTimerTask      timers.o
    0x08007af2   0x08007af2   0x0000007e   Code   RO         3639    i.prvUnlockQueue    queue.o
    0x08007b70   0x08007b70   0x0000013c   Code   RO         4653    i.pvPortMalloc      heap_4.o
    0x08007cac   0x08007cac   0x00000020   Code   RO         3824    i.pvTaskIncrementMutexHeldCount  tasks.o
    0x08007ccc   0x08007ccc   0x0000002c   Code   RO         4703    i.pxPortInitialiseStack  port.o
    0x08007cf8   0x08007cf8   0x00000028   Code   RO         3596    i.uxListRemove      list.o
    0x08007d20   0x08007d20   0x0000001a   Code   RO         3597    i.vListInitialise   list.o
    0x08007d3a   0x08007d3a   0x00000006   Code   RO         3598    i.vListInitialiseItem  list.o
    0x08007d40   0x08007d40   0x00000034   Code   RO         3599    i.vListInsert       list.o
    0x08007d74   0x08007d74   0x00000018   Code   RO         3600    i.vListInsertEnd    list.o
    0x08007d8c   0x08007d8c   0x00000054   Code   RO         4705    i.vPortEnterCritical  port.o
    0x08007de0   0x08007de0   0x0000003c   Code   RO         4706    i.vPortExitCritical  port.o
    0x08007e1c   0x08007e1c   0x00000094   Code   RO         4654    i.vPortFree         heap_4.o
    0x08007eb0   0x08007eb0   0x00000020   Code   RO         4707    i.vPortSetupTimerInterrupt  port.o
    0x08007ed0   0x08007ed0   0x00000078   Code   RO         4708    i.vPortValidateInterruptPriority  port.o
    0x08007f48   0x08007f48   0x0000002c   Code   RO         3645    i.vQueueAddToRegistry  queue.o
    0x08007f74   0x08007f74   0x0000004a   Code   RO         3649    i.vQueueWaitForMessageRestricted  queue.o
    0x08007fbe   0x08007fbe   0x00000002   PAD
    0x08007fc0   0x08007fc0   0x0000005c   Code   RO         3832    i.vTaskDelay        tasks.o
    0x0800801c   0x0800801c   0x0000000c   Code   RO         3836    i.vTaskMissedYield  tasks.o
    0x08008028   0x08008028   0x00000038   Code   RO         3838    i.vTaskPlaceOnEventList  tasks.o
    0x08008060   0x08008060   0x00000040   Code   RO         3839    i.vTaskPlaceOnEventListRestricted  tasks.o
    0x080080a0   0x080080a0   0x000000b0   Code   RO         3841    i.vTaskPriorityInherit  tasks.o
    0x08008150   0x08008150   0x00000030   Code   RO         3845    i.vTaskSetTimeOutState  tasks.o
    0x08008180   0x08008180   0x00000094   Code   RO         3846    i.vTaskStartScheduler  tasks.o
    0x08008214   0x08008214   0x00000010   Code   RO         3848    i.vTaskSuspendAll   tasks.o
    0x08008224   0x08008224   0x0000008c   Code   RO         3849    i.vTaskSwitchContext  tasks.o
    0x080082b0   0x080082b0   0x0000013c   Code   RO         4709    i.xPortStartScheduler  port.o
    0x080083ec   0x080083ec   0x00000058   Code   RO         3651    i.xQueueGenericCreate  queue.o
    0x08008444   0x08008444   0x000001c4   Code   RO         3652    i.xQueueGenericReceive  queue.o
    0x08008608   0x08008608   0x00000098   Code   RO         3653    i.xQueueGenericReset  queue.o
    0x080086a0   0x080086a0   0x000001a8   Code   RO         3654    i.xQueueGenericSend  queue.o
    0x08008848   0x08008848   0x000000f8   Code   RO         3655    i.xQueueGenericSendFromISR  queue.o
    0x08008940   0x08008940   0x0000008c   Code   RO         3850    i.xTaskCheckForTimeOut  tasks.o
    0x080089cc   0x080089cc   0x00000060   Code   RO         3851    i.xTaskCreate       tasks.o
    0x08008a2c   0x08008a2c   0x00000020   Code   RO         3855    i.xTaskGetSchedulerState  tasks.o
    0x08008a4c   0x08008a4c   0x0000000c   Code   RO         3856    i.xTaskGetTickCount  tasks.o
    0x08008a58   0x08008a58   0x00000148   Code   RO         3858    i.xTaskIncrementTick  tasks.o
    0x08008ba0   0x08008ba0   0x000000c8   Code   RO         3861    i.xTaskPriorityDisinherit  tasks.o
    0x08008c68   0x08008c68   0x00000098   Code   RO         3862    i.xTaskRemoveFromEventList  tasks.o
    0x08008d00   0x08008d00   0x00000104   Code   RO         3864    i.xTaskResumeAll    tasks.o
    0x08008e04   0x08008e04   0x00000030   Code   RO         4156    i.xTimerCreate      timers.o
    0x08008e34   0x08008e34   0x00000054   Code   RO         4157    i.xTimerCreateTimerTask  timers.o
    0x08008e88   0x08008e88   0x00000084   Code   RO         4158    i.xTimerGenericCommand  timers.o
    0x08008f0c   0x08008f0c   0x00000018   Data   RO          337    .constdata          freertos.o
    0x08008f24   0x08008f24   0x00000018   Data   RO          720    .constdata          system_stm32f4xx.o
    0x08008f3c   0x08008f3c   0x00000008   Data   RO         2937    .constdata          stm32f4xx_hal_dma.o
    0x08008f44   0x08008f44   0x0000000c   Data   RO          338    .conststring        freertos.o
    0x08008f50   0x08008f50   0x00000020   Data   RO         4835    Region$$Table       anon$$obj.o


    Execution Region RW_IRAM1 (Exec base: 0x20000000, Load base: 0x08008f70, Size: 0x00004c30, Max: 0x00020000, ABSOLUTE, COMPRESSED[0x0000006c])

    Exec Addr    Load Addr    Size         Type   Attr      Idx    E Section Name        Object

    0x20000000   COMPRESSED   0x00000008   Data   RW          339    .data               freertos.o
    0x20000008   COMPRESSED   0x00000004   Data   RW          721    .data               system_stm32f4xx.o
    0x2000000c   COMPRESSED   0x00000008   Data   RW          765    .data               remotetask.o
    0x20000014   COMPRESSED   0x00000020   Data   RW          844    .data               canbustask.o
    0x20000034   COMPRESSED   0x00000004   PAD
    0x20000038   COMPRESSED   0x00000038   Data   RW          919    .data               dataprocessingtask.o
    0x20000070   COMPRESSED   0x00000001   Data   RW          953    .data               firetask.o
    0x20000071   COMPRESSED   0x00000003   PAD
    0x20000074   COMPRESSED   0x00000398   Data   RW         1005    .data               pidcontroltask.o
    0x2000040c   COMPRESSED   0x00000002   Data   RW         1065    .data               pid.o
    0x2000040e   COMPRESSED   0x00000002   PAD
    0x20000410   COMPRESSED   0x00000004   Data   RW         3364    .data               stm32f4xx_hal.o
    0x20000414   COMPRESSED   0x0000003c   Data   RW         3867    .data               tasks.o
    0x20000450   COMPRESSED   0x00000014   Data   RW         4164    .data               timers.o
    0x20000464   COMPRESSED   0x00000018   Data   RW         4659    .data               heap_4.o
    0x2000047c   COMPRESSED   0x0000000c   Data   RW         4710    .data               port.o
    0x20000488        -       0x00000044   Zero   RW          266    .bss                can.o
    0x200004cc        -       0x000000b4   Zero   RW          400    .bss                tim.o
    0x20000580        -       0x00000184   Zero   RW          468    .bss                usart.o
    0x20000704        -       0x0000003c   Zero   RW          682    .bss                stm32f4xx_hal_timebase_tim.o
    0x20000740        -       0x00000014   Zero   RW          764    .bss                remotetask.o
    0x20000754        -       0x00000238   Zero   RW          843    .bss                canbustask.o
    0x2000098c        -       0x00000078   Zero   RW          918    .bss                dataprocessingtask.o
    0x20000a04        -       0x000000d4   Zero   RW         1004    .bss                pidcontroltask.o
    0x20000ad8        -       0x00000040   Zero   RW         3661    .bss                queue.o
    0x20000b18        -       0x000000f0   Zero   RW         3866    .bss                tasks.o
    0x20000c08        -       0x00000028   Zero   RW         4163    .bss                timers.o
    0x20000c30        -       0x00003c00   Zero   RW         4658    .bss                heap_4.o
    0x20004830        -       0x00000400   Zero   RW            1    STACK               startup_stm32f407xx.o


==============================================================================

Image component sizes


      Code (inc. data)   RO Data    RW Data    ZI Data      Debug   Object Name

       264         28          0          0         68       2053   can.o
      1444        134          0         32        568       8376   canbustask.o
       256          8          0          0          0      15954   cmsis_os.o
      1376        112          0         56        120       2682   dataprocessingtask.o
        56          4          0          0          0        710   dma.o
         0          0          0          0          0       9476   event_groups.o
       160         22          0          1          0       2362   firetask.o
       110         16         36          8          0       2316   freertos.o
       480         32          0          0          0       1195   gpio.o
       692         62          0         24      15360       4675   heap_4.o
       148          0          0          0          0       3466   list.o
       344         40          0          0          0     707849   main.o
       556          4          0          2          0       1232   pid.o
      1152        242          0        920        212       5554   pidcontroltask.o
       958         92          0         12          0      11789   port.o
      1872         22          0          0         64      14217   queue.o
       292         32          0          8         20       4225   remotetask.o
        36          8        392          0       1024        820   startup_stm32f407xx.o
        88         16          0          4          0       3088   stm32f4xx_hal.o
      3598        266          0          0          0       7480   stm32f4xx_hal_can.o
       508        204          0          0          0      30146   stm32f4xx_hal_cortex.o
      1922        138          8          0          0       6295   stm32f4xx_hal_dma.o
      1208        194          0          0          0       2664   stm32f4xx_hal_gpio.o
        84          6          0          0          0        802   stm32f4xx_hal_msp.o
      2428        206          0          0          0       6265   stm32f4xx_hal_rcc.o
      5706       1026          0          0          0      17112   stm32f4xx_hal_tim.o
       352         90          0          0          0       2394   stm32f4xx_hal_tim_ex.o
       140         18          0          0         60       1395   stm32f4xx_hal_timebase_tim.o
      2112        166          0          0          0       7759   stm32f4xx_hal_uart.o
       180         60          0          0          0       7350   stm32f4xx_it.o
       100         18         24          4          0       1107   system_stm32f4xx.o
      2834        368          0         60        240      23685   tasks.o
       712         62          0          0        180       4224   tim.o
      1264        116          0         20         40      19866   timers.o
      1220         80          0          0        388       5337   usart.o

    ----------------------------------------------------------------------
     34672       3892        492       1160      18344     945920   Object Totals
         0          0         32          0          0          0   (incl. Generated)
        20          0          0          9          0          0   (incl. Padding)

    ----------------------------------------------------------------------

      Code (inc. data)   RO Data    RW Data    ZI Data      Debug   Library Member Name

        20          0          0          0          0        124   fabs.o
        86          0          0          0          0          0   __dczerorl2.o
         0          0          0          0          0          0   entry.o
         0          0          0          0          0          0   entry10a.o
         0          0          0          0          0          0   entry11a.o
         8          4          0          0          0          0   entry2.o
         4          0          0          0          0          0   entry5.o
         0          0          0          0          0          0   entry7b.o
         0          0          0          0          0          0   entry8b.o
         8          4          0          0          0          0   entry9a.o
        30          0          0          0          0          0   handlers.o
        36          8          0          0          0         68   init.o
         0          0          0          0          0          0   iusefp.o
        30          0          0          0          0         68   llshl.o
        36          0          0          0          0         68   llsshr.o
        32          0          0          0          0         68   llushr.o
        36          0          0          0          0         68   memcpya.o
        36          0          0          0          0        108   memseta.o
        98          0          0          0          0         92   uldiv.o
        48          0          0          0          0         68   cdcmple.o
        48          0          0          0          0         68   cdrcmple.o
        56          0          0          0          0         88   d2f.o
       334          0          0          0          0        148   dadd.o
       222          0          0          0          0        100   ddiv.o
       186          0          0          0          0        176   depilogue.o
        50          0          0          0          0         76   dfixui.o
        38          0          0          0          0         68   f2d.o
       110          0          0          0          0        168   fepilogue.o

    ----------------------------------------------------------------------
      1556         16          0          0          0       1624   Library Totals
         4          0          0          0          0          0   (incl. Padding)

    ----------------------------------------------------------------------

      Code (inc. data)   RO Data    RW Data    ZI Data      Debug   Library Name

        20          0          0          0          0        124   m_wm.l
       440         16          0          0          0        540   mc_w.l
      1092          0          0          0          0        960   mf_w.l

    ----------------------------------------------------------------------
      1556         16          0          0          0       1624   Library Totals

    ----------------------------------------------------------------------

==============================================================================


      Code (inc. data)   RO Data    RW Data    ZI Data      Debug   

     36228       3908        492       1160      18344     926052   Grand Totals
     36228       3908        492        108      18344     926052   ELF Image Totals (compressed)
     36228       3908        492        108          0          0   ROM Totals

==============================================================================

    Total RO  Size (Code + RO Data)                36720 (  35.86kB)
    Total RW  Size (RW Data + ZI Data)             19504 (  19.05kB)
    Total ROM Size (Code + RO Data + RW Data)      36828 (  35.96kB)

==============================================================================

