Component: ARM Compiler 5.06 update 6 (build 750) Tool: armlink [4d35ed]

==============================================================================

Section Cross References

    startup_stm32f407xx.o(RESET) refers to startup_stm32f407xx.o(STACK) for __initial_sp
    startup_stm32f407xx.o(RESET) refers to startup_stm32f407xx.o(.text) for Reset_Handler
    startup_stm32f407xx.o(RESET) refers to stm32f4xx_it.o(i.NMI_Handler) for NMI_Handler
    startup_stm32f407xx.o(RESET) refers to stm32f4xx_it.o(i.HardFault_Handler) for HardFault_Handler
    startup_stm32f407xx.o(RESET) refers to stm32f4xx_it.o(i.MemManage_Handler) for MemManage_Handler
    startup_stm32f407xx.o(RESET) refers to stm32f4xx_it.o(i.BusFault_Handler) for BusFault_Handler
    startup_stm32f407xx.o(RESET) refers to stm32f4xx_it.o(i.UsageFault_Handler) for UsageFault_Handler
    startup_stm32f407xx.o(RESET) refers to stm32f4xx_it.o(i.SVC_Handler) for SVC_Handler
    startup_stm32f407xx.o(RESET) refers to stm32f4xx_it.o(i.DebugMon_Handler) for DebugMon_Handler
    startup_stm32f407xx.o(RESET) refers to stm32f4xx_it.o(i.PendSV_Handler) for PendSV_Handler
    startup_stm32f407xx.o(RESET) refers to stm32f4xx_it.o(i.SysTick_Handler) for SysTick_Handler
    startup_stm32f407xx.o(RESET) refers to stm32f4xx_it.o(i.DMA1_Stream5_IRQHandler) for DMA1_Stream5_IRQHandler
    startup_stm32f407xx.o(RESET) refers to stm32f4xx_it.o(i.CAN1_TX_IRQHandler) for CAN1_TX_IRQHandler
    startup_stm32f407xx.o(RESET) refers to stm32f4xx_it.o(i.CAN1_RX0_IRQHandler) for CAN1_RX0_IRQHandler
    startup_stm32f407xx.o(RESET) refers to stm32f4xx_it.o(i.TIM3_IRQHandler) for TIM3_IRQHandler
    startup_stm32f407xx.o(RESET) refers to stm32f4xx_it.o(i.TIM4_IRQHandler) for TIM4_IRQHandler
    startup_stm32f407xx.o(RESET) refers to stm32f4xx_it.o(i.USART1_IRQHandler) for USART1_IRQHandler
    startup_stm32f407xx.o(RESET) refers to stm32f4xx_it.o(i.USART2_IRQHandler) for USART2_IRQHandler
    startup_stm32f407xx.o(RESET) refers to stm32f4xx_it.o(i.USART3_IRQHandler) for USART3_IRQHandler
    startup_stm32f407xx.o(RESET) refers to stm32f4xx_it.o(i.TIM5_IRQHandler) for TIM5_IRQHandler
    startup_stm32f407xx.o(RESET) refers to stm32f4xx_it.o(i.TIM6_DAC_IRQHandler) for TIM6_DAC_IRQHandler
    startup_stm32f407xx.o(.text) refers to system_stm32f4xx.o(i.SystemInit) for SystemInit
    startup_stm32f407xx.o(.text) refers to entry.o(.ARM.Collect$$$$00000000) for __main
    main.o(i.HAL_TIM_PeriodElapsedCallback) refers to stm32f4xx_hal.o(i.HAL_IncTick) for HAL_IncTick
    main.o(i.HAL_TIM_PeriodElapsedCallback) refers to pidcontroltask.o(i.YUNTAI_SPEED) for YUNTAI_SPEED
    main.o(i.SystemClock_Config) refers to memseta.o(.text) for __aeabi_memclr4
    main.o(i.SystemClock_Config) refers to stm32f4xx_hal_rcc.o(i.HAL_RCC_OscConfig) for HAL_RCC_OscConfig
    main.o(i.SystemClock_Config) refers to main.o(i.Error_Handler) for Error_Handler
    main.o(i.SystemClock_Config) refers to stm32f4xx_hal_rcc.o(i.HAL_RCC_ClockConfig) for HAL_RCC_ClockConfig
    main.o(i.main) refers to stm32f4xx_hal.o(i.HAL_Init) for HAL_Init
    main.o(i.main) refers to main.o(i.SystemClock_Config) for SystemClock_Config
    main.o(i.main) refers to gpio.o(i.MX_GPIO_Init) for MX_GPIO_Init
    main.o(i.main) refers to dma.o(i.MX_DMA_Init) for MX_DMA_Init
    main.o(i.main) refers to tim.o(i.MX_TIM3_Init) for MX_TIM3_Init
    main.o(i.main) refers to tim.o(i.MX_TIM4_Init) for MX_TIM4_Init
    main.o(i.main) refers to usart.o(i.MX_USART1_UART_Init) for MX_USART1_UART_Init
    main.o(i.main) refers to usart.o(i.MX_USART2_UART_Init) for MX_USART2_UART_Init
    main.o(i.main) refers to usart.o(i.MX_USART3_UART_Init) for MX_USART3_UART_Init
    main.o(i.main) refers to can.o(i.MX_CAN1_Init) for MX_CAN1_Init
    main.o(i.main) refers to tim.o(i.MX_TIM5_Init) for MX_TIM5_Init
    main.o(i.main) refers to remotetask.o(i.RC_Ctl_t_Init) for RC_Ctl_t_Init
    main.o(i.main) refers to stm32f4xx_hal_tim.o(i.HAL_TIM_Base_Start_IT) for HAL_TIM_Base_Start_IT
    main.o(i.main) refers to canbustask.o(i.my_can_filter_init_recv_all) for my_can_filter_init_recv_all
    main.o(i.main) refers to stm32f4xx_hal_can.o(i.HAL_CAN_Receive_IT) for HAL_CAN_Receive_IT
    main.o(i.main) refers to usart.o(i.HAL_UART_Receive_IT_IDLE) for HAL_UART_Receive_IT_IDLE
    main.o(i.main) refers to pidcontroltask.o(i.Gimbal_RC_Mode) for Gimbal_RC_Mode
    main.o(i.main) refers to firetask.o(i.SHORT) for SHORT
    main.o(i.main) refers to pidcontroltask.o(i.PID_calculate_position_self) for PID_calculate_position_self
    main.o(i.main) refers to pidcontroltask.o(i.PID_calculate_chassis_self) for PID_calculate_chassis_self
    main.o(i.main) refers to tim.o(.bss) for htim3
    main.o(i.main) refers to can.o(.bss) for hcan1
    main.o(i.main) refers to usart.o(.bss) for UART_Buffer
    gpio.o(i.MX_GPIO_Init) refers to memseta.o(.text) for __aeabi_memclr4
    gpio.o(i.MX_GPIO_Init) refers to stm32f4xx_hal_gpio.o(i.HAL_GPIO_WritePin) for HAL_GPIO_WritePin
[...]
    ../Src/main.c                            0x00000000   Number         0  main.o ABSOLUTE
    ../Src/stm32f4xx_hal_msp.c               0x00000000   Number         0  stm32f4xx_hal_msp.o ABSOLUTE
    ../Src/stm32f4xx_hal_timebase_tim.c      0x00000000   Number         0  stm32f4xx_hal_timebase_tim.o ABSOLUTE
    ../Src/stm32f4xx_it.c                    0x00000000   Number         0  stm32f4xx_it.o ABSOLUTE
    ../Src/system_stm32f4xx.c                0x00000000   Number         0  system_stm32f4xx.o ABSOLUTE
    ../Src/tim.c                             0x00000000   Number         0  tim.o ABSOLUTE
    ../Src/usart.c                           0x00000000   Number         0  usart.o ABSOLUTE
    ../clib/../cmprslib/zerorunl2.c          0x00000000   Number         0  __dczerorl2.o ABSOLUTE
    ../clib/microlib/division.c              0x00000000   Number         0  uldiv.o ABSOLUTE
    ../clib/microlib/init/entry.s            0x00000000   Number         0  entry10b.o ABSOLUTE
    ../clib/microlib/init/entry.s            0x00000000   Number         0  entry10a.o ABSOLUTE
    ../clib/microlib/init/entry.s            0x00000000   Number         0  entry8b.o ABSOLUTE
    ../clib/microlib/init/entry.s            0x00000000   Number         0  entry8a.o ABSOLUTE
    ../clib/microlib/init/entry.s            0x00000000   Number         0  entry5.o ABSOLUTE
    ../clib/microlib/init/entry.s            0x00000000   Number         0  entry.o ABSOLUTE
    ../clib/microlib/init/entry.s            0x00000000   Number         0  entry7b.o ABSOLUTE
    ../clib/microlib/init/entry.s            0x00000000   Number         0  entry7a.o ABSOLUTE
    ../clib/microlib/init/entry.s            0x00000000   Number         0  entry9b.o ABSOLUTE
    ../clib/microlib/init/entry.s            0x00000000   Number         0  entry9a.o ABSOLUTE
    ../clib/microlib/init/entry.s            0x00000000   Number         0  entry2.o ABSOLUTE
    ../clib/microlib/init/entry.s            0x00000000   Number         0  entry11b.o ABSOLUTE
    ../clib/microlib/init/entry.s            0x00000000   Number         0  entry11a.o ABSOLUTE
    ../clib/microlib/longlong.c              0x00000000   Number         0  llsshr.o ABSOLUTE
    ../clib/microlib/longlong.c              0x00000000   Number         0  llushr.o ABSOLUTE
    ../clib/microlib/longlong.c              0x00000000   Number         0  llshl.o ABSOLUTE
    ../clib/microlib/string/memset.c         0x00000000   Number         0  memseta.o ABSOLUTE
    ../clib/microlib/stubs.s                 0x00000000   Number         0  iusefp.o ABSOLUTE
    ../fplib/microlib/d2f.c                  0x00000000   Number         0  d2f.o ABSOLUTE
    ../fplib/microlib/f2d.c                  0x00000000   Number         0  f2d.o ABSOLUTE
    ../fplib/microlib/fpadd.c                0x00000000   Number         0  dadd.o ABSOLUTE
    ../fplib/microlib/fpdiv.c                0x00000000   Number         0  ddiv.o ABSOLUTE
    ../fplib/microlib/fpepilogue.c           0x00000000   Number         0  depilogue.o ABSOLUTE
    ../fplib/microlib/fpepilogue.c           0x00000000   Number         0  fepilogue.o ABSOLUTE
    ../fplib/microlib/fpfix.c                0x00000000   Number         0  dfixui.o ABSOLUTE
    ../mathlib/fabs.c                        0x00000000   Number         0  fabs.o ABSOLUTE
    ..\Drivers\STM32F4xx_HAL_Driver\Src\stm32f4xx_hal.c 0x00000000   Number         0  stm32f4xx_hal.o ABSOLUTE
    ..\Drivers\STM32F4xx_HAL_Driver\Src\stm32f4xx_hal_can.c 0x00000000   Number         0  stm32f4xx_hal_can.o ABSOLUTE
    ..\Drivers\STM32F4xx_HAL_Driver\Src\stm32f4xx_hal_cortex.c 0x00000000   Number         0  stm32f4xx_hal_cortex.o ABSOLUTE
    ..\Drivers\STM32F4xx_HAL_Driver\Src\stm32f4xx_hal_dma.c 0x00000000   Number         0  stm32f4xx_hal_dma.o ABSOLUTE
    ..\Drivers\STM32F4xx_HAL_Driver\Src\stm32f4xx_hal_dma_ex.c 0x00000000   Number         0  stm32f4xx_hal_dma_ex.o ABSOLUTE
    ..\Drivers\STM32F4xx_HAL_Driver\Src\stm32f4xx_hal_flash.c 0x00000000   Number         0  stm32f4xx_hal_flash.o ABSOLUTE
    ..\Drivers\STM32F4xx_HAL_Driver\Src\stm32f4xx_hal_flash_ex.c 0x00000000   Number         0  stm32f4xx_hal_flash_ex.o ABSOLUTE
    ..\Drivers\STM32F4xx_HAL_Driver\Src\stm32f4xx_hal_flash_ramfunc.c 0x00000000   Number         0  stm32f4xx_hal_flash_ramfunc.o ABSOLUTE
    ..\Drivers\STM32F4xx_HAL_Driver\Src\stm32f4xx_hal_gpio.c 0x00000000   Number         0  stm32f4xx_hal_gpio.o ABSOLUTE
    ..\Drivers\STM32F4xx_HAL_Driver\Src\stm32f4xx_hal_pwr.c 0x00000000   Number         0  stm32f4xx_hal_pwr.o ABSOLUTE
    ..\Drivers\STM32F4xx_HAL_Driver\Src\stm32f4xx_hal_pwr_ex.c 0x00000000   Number         0  stm32f4xx_hal_pwr_ex.o ABSOLUTE
    ..\Drivers\STM32F4xx_HAL_Driver\Src\stm32f4xx_hal_rcc.c 0x00000000   Number         0  stm32f4xx_hal_rcc.o ABSOLUTE
    ..\Drivers\STM32F4xx_HAL_Driver\Src\stm32f4xx_hal_rcc_ex.c 0x00000000   Number         0  stm32f4xx_hal_rcc_ex.o ABSOLUTE
    ..\Drivers\STM32F4xx_HAL_Driver\Src\stm32f4xx_hal_tim.c 0x00000000   Number         0  stm32f4xx_hal_tim.o ABSOLUTE
    ..\Drivers\STM32F4xx_HAL_Driver\Src\stm32f4xx_hal_tim_ex.c 0x00000000   Number         0  stm32f4xx_hal_tim_ex.o ABSOLUTE
    ..\Drivers\STM32F4xx_HAL_Driver\Src\stm32f4xx_hal_uart.c 0x00000000   Number         0  stm32f4xx_hal_uart.o ABSOLUTE
    ..\MyTask\CanBusTask.c                   0x00000000   Number         0  canbustask.o ABSOLUTE
    ..\MyTask\DataProcessingTask.c           0x00000000   Number         0  dataprocessingtask.o ABSOLUTE
    ..\MyTask\FireTask.c                     0x00000000   Number         0  firetask.o ABSOLUTE
    ..\MyTask\PIDcontrolTask.c               0x00000000   Number         0  pidcontroltask.o ABSOLUTE
    ..\MyTask\RemoteTask.c                   0x00000000   Number         0  remotetask.o ABSOLUTE
    ..\Src\can.c                             0x00000000   Number         0  can.o ABSOLUTE
    ..\Src\dma.c                             0x00000000   Number         0  dma.o ABSOLUTE
    ..\Src\gpio.c                            0x00000000   Number         0  gpio.o ABSOLUTE
    ..\Src\main.c                            0x00000000   Number         0  main.o ABSOLUTE
    ..\Src\stm32f4xx_hal_msp.c               0x00000000   Number         0  stm32f4xx_hal_msp.o ABSOLUTE
    ..\Src\stm32f4xx_hal_timebase_tim.c      0x00000000   Number         0  stm32f4xx_hal_timebase_tim.o ABSOLUTE
    ..\Src\stm32f4xx_it.c                    0x00000000   Number         0  stm32f4xx_it.o ABSOLUTE
    ..\Src\system_stm32f4xx.c                0x00000000   Number         0  system_stm32f4xx.o ABSOLUTE
    ..\Src\tim.c                             0x00000000   Number         0  tim.o ABSOLUTE
    ..\Src\usart.c                           0x00000000   Number         0  usart.o ABSOLUTE
    ..\\MyTask\\CanBusTask.c                 0x00000000   Number         0  canbustask.o ABSOLUTE
    ..\\MyTask\\DataProcessingTask.c         0x00000000   Number         0  dataprocessingtask.o ABSOLUTE
    ..\\MyTask\\FireTask.c                   0x00000000   Number         0  firetask.o ABSOLUTE
    ..\\MyTask\\PIDcontrolTask.c             0x00000000   Number         0  pidcontroltask.o ABSOLUTE
    ..\\MyTask\\RemoteTask.c                 0x00000000   Number         0  remotetask.o ABSOLUTE
    ..\\algorithm\\pid.c                     0x00000000   Number         0  pid.o ABSOLUTE
    ..\algorithm\pid.c                       0x00000000   Number         0  pid.o ABSOLUTE
    cdcmple.s                                0x00000000   Number         0  cdcmple.o ABSOLUTE
    cdrcmple.s                               0x00000000   Number         0  cdrcmple.o ABSOLUTE
    dc.s                                     0x00000000   Number         0  dc.o ABSOLUTE
    handlers.s                               0x00000000   Number         0  handlers.o ABSOLUTE
    init.s                                   0x00000000   Number         0  init.o ABSOLUTE
    startup_stm32f407xx.s                    0x00000000   Number         0  startup_stm32f407xx.o ABSOLUTE
    RESET                                    0x08000000   Section      392  startup_stm32f407xx.o(RESET)
    .ARM.Collect$$$$00000000                 0x08000188   Section        0  entry.o(.ARM.Collect$$$$00000000)
    .ARM.Collect$$$$00000001                 0x08000188   Section        4  entry2.o(.ARM.Collect$$$$00000001)
    .ARM.Collect$$$$00000004                 0x0800018c   Section        4  entry5.o(.ARM.Collect$$$$00000004)
    .ARM.Collect$$$$00000008                 0x08000190   Section        0  entry7b.o(.ARM.Collect$$$$00000008)
    .ARM.Collect$$$$0000000A                 0x08000190   Section        0  entry8b.o(.ARM.Collect$$$$0000000A)
    .ARM.Collect$$$$0000000B                 0x08000190   Section        8  entry9a.o(.ARM.Collect$$$$0000000B)
    .ARM.Collect$$$$0000000D                 0x08000198   Section        0  entry10a.o(.ARM.Collect$$$$0000000D)
    .ARM.Collect$$$$0000000F                 0x08000198   Section        0  entry11a.o(.ARM.Collect$$$$0000000F)
    .ARM.Collect$$$$00002712                 0x08000198   Section        4  entry2.o(.ARM.Collect$$$$00002712)
    __lit__00000000                          0x08000198   Data           4  entry2.o(.ARM.Collect$$$$00002712)
    .text                                    0x0800019c   Section       36  startup_stm32f407xx.o(.text)
    $v0                                      0x0800019c   Number         0  startup_stm32f407xx.o(.text)
    .text                                    0x080001c0   Section        0  uldiv.o(.text)
    .text                                    0x08000222   Section        0  memseta.o(.text)
    .text                                    0x08000246   Section        0  dadd.o(.text)
    .text                                    0x08000394   Section        0  ddiv.o(.text)
    .text                                    0x08000472   Section        0  dfixui.o(.text)
    .text                                    0x080004a4   Section        0  f2d.o(.text)
    .text                                    0x080004cc   Section       48  cdcmple.o(.text)
    .text                                    0x080004fc   Section       48  cdrcmple.o(.text)
    .text                                    0x0800052c   Section        0  d2f.o(.text)
    .text                                    0x08000564   Section        0  llshl.o(.text)
    .text                                    0x08000582   Section        0  llushr.o(.text)
    .text                                    0x080005a2   Section        0  llsshr.o(.text)
    .text                                    0x080005c6   Section        0  fepilogue.o(.text)
    .text                                    0x080005c6   Section        0  iusefp.o(.text)
    .text                                    0x08000634   Section        0  depilogue.o(.text)
    .text                                    0x080006f0   Section       36  init.o(.text)
    .text                                    0x08000714   Section        0  __dczerorl2.o(.text)
    i.BusFault_Handler                       0x0800076a   Section        0  stm32f4xx_it.o(i.BusFault_Handler)
    i.CAN1_RX0_IRQHandler                    0x08000770   Section        0  stm32f4xx_it.o(i.CAN1_RX0_IRQHandler)
    i.CAN1_TX_IRQHandler                     0x08000780   Section        0  stm32f4xx_it.o(i.CAN1_TX_IRQHandler)
    i.CAN_Receive_IT                         0x08000790   Section        0  stm32f4xx_hal_can.o(i.CAN_Receive_IT)
    CAN_Receive_IT                           0x08000791   Thumb Code   450  stm32f4xx_hal_can.o(i.CAN_Receive_IT)
    i.CAN_Transmit_IT                        0x08000952   Section        0  stm32f4xx_hal_can.o(i.CAN_Transmit_IT)
    CAN_Transmit_IT                          0x08000953   Thumb Code    98  stm32f4xx_hal_can.o(i.CAN_Transmit_IT)
    i.Callback_RC_Handle                     0x080009b4   Section        0  remotetask.o(i.Callback_RC_Handle)
    i.DMA1_Stream5_IRQHandler                0x08000a70   Section        0  stm32f4xx_it.o(i.DMA1_Stream5_IRQHandler)
    i.DMA_CalcBaseAndBitshift                0x08000a80   Section        0  stm32f4xx_hal_dma.o(i.DMA_CalcBaseAndBitshift)
    DMA_CalcBaseAndBitshift                  0x08000a81   Thumb Code    46  stm32f4xx_hal_dma.o(i.DMA_CalcBaseAndBitshift)
    i.DMA_CheckFifoParam                     0x08000ab4   Section        0  stm32f4xx_hal_dma.o(i.DMA_CheckFifoParam)
    DMA_CheckFifoParam                       0x08000ab5   Thumb Code   170  stm32f4xx_hal_dma.o(i.DMA_CheckFifoParam)
    i.DMA_SetConfig                          0x08000b5e   Section        0  stm32f4xx_hal_dma.o(i.DMA_SetConfig)
    DMA_SetConfig                            0x08000b5f   Thumb Code    44  stm32f4xx_hal_dma.o(i.DMA_SetConfig)
    i.DebugMon_Handler                       0x08000b8a   Section        0  stm32f4xx_it.o(i.DebugMon_Handler)
    i.EncoderProcess                         0x08000b8c   Section        0  canbustask.o(i.EncoderProcess)
    i.Error_Handler                          0x08000cc8   Section        0  main.o(i.Error_Handler)
    i.FireOpen                               0x08000cca   Section        0  firetask.o(i.FireOpen)
    i.FireSetSingle                          0x08000cd6   Section        0  firetask.o(i.FireSetSingle)
    i.Firefast                               0x08000ce2   Section        0  firetask.o(i.Firefast)
    i.GetEncoderBias                         0x08000cee   Section        0  canbustask.o(i.GetEncoderBias)
    i.Get_ch0_Data                           0x08000d0c   Section        0  remotetask.o(i.Get_ch0_Data)
    i.Get_ch1_Data                           0x08000d18   Section        0  remotetask.o(i.Get_ch1_Data)
    i.Get_ch2_Data                           0x08000d24   Section        0  remotetask.o(i.Get_ch2_Data)
    i.Get_ch3_Data                           0x08000d30   Section        0  remotetask.o(i.Get_ch3_Data)
    i.Gimbal_RC_Mode                         0x08000d3c   Section        0  pidcontroltask.o(i.Gimbal_RC_Mode)
    i.HAL_CAN_ConfigFilter                   0x08000ea8   Section        0  stm32f4xx_hal_can.o(i.HAL_CAN_ConfigFilter)
    i.HAL_CAN_ErrorCallback                  0x08000fb0   Section        0  can.o(i.HAL_CAN_ErrorCallback)
    i.HAL_CAN_IRQHandler                     0x08000fc8   Section        0  stm32f4xx_hal_can.o(i.HAL_CAN_IRQHandler)
    i.HAL_CAN_Init                           0x0800121c   Section        0  stm32f4xx_hal_can.o(i.HAL_CAN_Init)
    i.HAL_CAN_MspInit                        0x080013d8   Section        0  can.o(i.HAL_CAN_MspInit)
    i.HAL_CAN_Receive_IT                     0x08001480   Section        0  stm32f4xx_hal_can.o(i.HAL_CAN_Receive_IT)
    i.HAL_CAN_RxCpltCallback                 0x0800158c   Section        0  canbustask.o(i.HAL_CAN_RxCpltCallback)
    i.HAL_CAN_Transmit                       0x080016f4   Section        0  stm32f4xx_hal_can.o(i.HAL_CAN_Transmit)
    i.HAL_CAN_TxCpltCallback                 0x080019ac   Section        0  stm32f4xx_hal_can.o(i.HAL_CAN_TxCpltCallback)
    i.HAL_DMA_Abort_IT                       0x080019ae   Section        0  stm32f4xx_hal_dma.o(i.HAL_DMA_Abort_IT)
    i.HAL_DMA_IRQHandler                     0x080019d8   Section        0  stm32f4xx_hal_dma.o(i.HAL_DMA_IRQHandler)
    i.HAL_DMA_Init                           0x08001c18   Section        0  stm32f4xx_hal_dma.o(i.HAL_DMA_Init)
    i.HAL_DMA_Start                          0x08001d04   Section        0  stm32f4xx_hal_dma.o(i.HAL_DMA_Start)
    i.HAL_GPIO_Init                          0x08001d6c   Section        0  stm32f4xx_hal_gpio.o(i.HAL_GPIO_Init)
    i.HAL_GPIO_WritePin                      0x08001f6c   Section        0  stm32f4xx_hal_gpio.o(i.HAL_GPIO_WritePin)
    i.HAL_GetTick                            0x08001f78   Section        0  stm32f4xx_hal.o(i.HAL_GetTick)
    i.HAL_IncTick                            0x08001f84   Section        0  stm32f4xx_hal.o(i.HAL_IncTick)
    i.HAL_Init                               0x08001f94   Section        0  stm32f4xx_hal.o(i.HAL_Init)
    i.HAL_InitTick                           0x08001fd0   Section        0  stm32f4xx_hal_timebase_tim.o(i.HAL_InitTick)
    i.HAL_MspInit                            0x0800205c   Section        0  stm32f4xx_hal_msp.o(i.HAL_MspInit)
    i.HAL_NVIC_EnableIRQ                     0x080020a4   Section        0  stm32f4xx_hal_cortex.o(i.HAL_NVIC_EnableIRQ)
    i.HAL_NVIC_SetPriority                   0x080020c4   Section        0  stm32f4xx_hal_cortex.o(i.HAL_NVIC_SetPriority)
    i.HAL_NVIC_SetPriorityGrouping           0x08002140   Section        0  stm32f4xx_hal_cortex.o(i.HAL_NVIC_SetPriorityGrouping)
    i.HAL_RCC_ClockConfig                    0x08002168   Section        0  stm32f4xx_hal_rcc.o(i.HAL_RCC_ClockConfig)
    i.HAL_RCC_GetClockConfig                 0x080022e8   Section        0  stm32f4xx_hal_rcc.o(i.HAL_RCC_GetClockConfig)
    i.HAL_RCC_GetHCLKFreq                    0x0800232c   Section        0  stm32f4xx_hal_rcc.o(i.HAL_RCC_GetHCLKFreq)
    i.HAL_RCC_GetPCLK1Freq                   0x08002338   Section        0  stm32f4xx_hal_rcc.o(i.HAL_RCC_GetPCLK1Freq)
    i.HAL_RCC_GetPCLK2Freq                   0x08002358   Section        0  stm32f4xx_hal_rcc.o(i.HAL_RCC_GetPCLK2Freq)
    i.HAL_RCC_GetSysClockFreq                0x08002378   Section        0  stm32f4xx_hal_rcc.o(i.HAL_RCC_GetSysClockFreq)
    i.HAL_RCC_OscConfig                      0x08002428   Section        0  stm32f4xx_hal_rcc.o(i.HAL_RCC_OscConfig)
    i.HAL_TIMEx_BreakCallback                0x08002838   Section        0  stm32f4xx_hal_tim_ex.o(i.HAL_TIMEx_BreakCallback)
    i.HAL_TIMEx_CommutationCallback          0x0800283a   Section        0  stm32f4xx_hal_tim_ex.o(i.HAL_TIMEx_CommutationCallback)
    i.HAL_TIMEx_MasterConfigSynchronization  0x0800283c   Section        0  stm32f4xx_hal_tim_ex.o(i.HAL_TIMEx_MasterConfigSynchronization)
    i.HAL_TIM_Base_Init                      0x0800289e   Section        0  stm32f4xx_hal_tim.o(i.HAL_TIM_Base_Init)
    i.HAL_TIM_Base_MspInit                   0x080028d4   Section        0  tim.o(i.HAL_TIM_Base_MspInit)
    i.HAL_TIM_Base_Start_IT                  0x08002998   Section        0  stm32f4xx_hal_tim.o(i.HAL_TIM_Base_Start_IT)
    i.HAL_TIM_ConfigClockSource              0x080029b6   Section        0  stm32f4xx_hal_tim.o(i.HAL_TIM_ConfigClockSource)
    i.HAL_TIM_IC_CaptureCallback             0x08002ae8   Section        0  stm32f4xx_hal_tim.o(i.HAL_TIM_IC_CaptureCallback)
    i.HAL_TIM_IRQHandler                     0x08002aea   Section        0  stm32f4xx_hal_tim.o(i.HAL_TIM_IRQHandler)
    i.HAL_TIM_MspPostInit                    0x08002c80   Section        0  tim.o(i.HAL_TIM_MspPostInit)
    i.HAL_TIM_OC_DelayElapsedCallback        0x08002ce0   Section        0  stm32f4xx_hal_tim.o(i.HAL_TIM_OC_DelayElapsedCallback)
    i.HAL_TIM_PWM_ConfigChannel              0x08002ce2   Section        0  stm32f4xx_hal_tim.o(i.HAL_TIM_PWM_ConfigChannel)
    i.HAL_TIM_PWM_Init                       0x08002dea   Section        0  stm32f4xx_hal_tim.o(i.HAL_TIM_PWM_Init)
    i.HAL_TIM_PWM_MspInit                    0x08002e1e   Section        0  stm32f4xx_hal_tim.o(i.HAL_TIM_PWM_MspInit)
    i.HAL_TIM_PWM_PulseFinishedCallback      0x08002e20   Section        0  stm32f4xx_hal_tim.o(i.HAL_TIM_PWM_PulseFinishedCallback)
    i.HAL_TIM_PWM_Start                      0x08002e24   Section        0  stm32f4xx_hal_tim.o(i.HAL_TIM_PWM_Start)
    i.HAL_TIM_PeriodElapsedCallback          0x08002e70   Section        0  main.o(i.HAL_TIM_PeriodElapsedCallback)
    i.HAL_TIM_TriggerCallback                0x08002e98   Section        0  stm32f4xx_hal_tim.o(i.HAL_TIM_TriggerCallback)
    i.HAL_UART_ErrorCallback                 0x08002e9a   Section        0  stm32f4xx_hal_uart.o(i.HAL_UART_ErrorCallback)
    i.HAL_UART_IDLE_IRQHandler               0x08002e9c   Section        0  usart.o(i.HAL_UART_IDLE_IRQHandler)
    i.HAL_UART_IRQHandler                    0x08003004   Section        0  stm32f4xx_hal_uart.o(i.HAL_UART_IRQHandler)
    i.HAL_UART_Init                          0x08003150   Section        0  stm32f4xx_hal_uart.o(i.HAL_UART_Init)
    i.HAL_UART_MspInit                       0x080031c4   Section        0  usart.o(i.HAL_UART_MspInit)
    i.HAL_UART_Receive_IT_IDLE               0x080033b0   Section        0  usart.o(i.HAL_UART_Receive_IT_IDLE)
    i.HAL_UART_RxCpltCallback                0x080033d0   Section        0  stm32f4xx_hal_uart.o(i.HAL_UART_RxCpltCallback)
    i.HAL_UART_TxCpltCallback                0x080033d2   Section        0  stm32f4xx_hal_uart.o(i.HAL_UART_TxCpltCallback)
    i.HardFault_Handler                      0x080033d4   Section        0  stm32f4xx_it.o(i.HardFault_Handler)
    i.MX_CAN1_Init                           0x080033d8   Section        0  can.o(i.MX_CAN1_Init)
    i.MX_DMA_Init                            0x08003420   Section        0  dma.o(i.MX_DMA_Init)
    i.MX_GPIO_Init                           0x08003458   Section        0  gpio.o(i.MX_GPIO_Init)
    i.MX_TIM3_Init                           0x0800352c   Section        0  tim.o(i.MX_TIM3_Init)
    i.MX_TIM4_Init                           0x08003598   Section        0  tim.o(i.MX_TIM4_Init)
    i.MX_TIM5_Init                           0x08003638   Section        0  tim.o(i.MX_TIM5_Init)
    i.MX_USART1_UART_Init                    0x080036a4   Section        0  usart.o(i.MX_USART1_UART_Init)
    i.MX_USART2_UART_Init                    0x080036dc   Section        0  usart.o(i.MX_USART2_UART_Init)
    i.MX_USART3_UART_Init                    0x08003718   Section        0  usart.o(i.MX_USART3_UART_Init)
    i.MemManage_Handler                      0x08003750   Section        0  stm32f4xx_it.o(i.MemManage_Handler)
    i.NMI_Handler                            0x08003754   Section        0  stm32f4xx_it.o(i.NMI_Handler)
    i.PID_calculate_chassis_self             0x08003758   Section        0  pidcontroltask.o(i.PID_calculate_chassis_self)
    i.PID_calculate_position_self            0x08003808   Section        0  pidcontroltask.o(i.PID_calculate_position_self)
    i.PID_calculate_speed_self               0x08003884   Section        0  pidcontroltask.o(i.PID_calculate_speed_self)
    i.PLUCK                                  0x0800392c   Section        0  firetask.o(i.PLUCK)
    i.PendSV_Handler                         0x08003978   Section        0  stm32f4xx_it.o(i.PendSV_Handler)
    i.Pitch_Angle_Precision_Filter           0x0800397c   Section        0  canbustask.o(i.Pitch_Angle_Precision_Filter)
    i.Pluck_Angle_Precision_Filter           0x08003a10   Section        0  canbustask.o(i.Pluck_Angle_Precision_Filter)
    i.RC_Ctl_t_Init                          0x08003aa4   Section        0  remotetask.o(i.RC_Ctl_t_Init)
    i.SHORT                                  0x08003adc   Section        0  firetask.o(i.SHORT)
    i.SVC_Handler                            0x08003b0c   Section        0  stm32f4xx_it.o(i.SVC_Handler)
    i.Set_CM_Speed                           0x08003b0e   Section        0  canbustask.o(i.Set_CM_Speed)
    i.Set_Gimbal_Current                     0x08003b6e   Section        0  canbustask.o(i.Set_Gimbal_Current)
    i.Set_Gimbal_Motor_Output                0x08003bbc   Section        0  pidcontroltask.o(i.Set_Gimbal_Motor_Output)
    i.SysTick_Handler                        0x08003c60   Section        0  stm32f4xx_it.o(i.SysTick_Handler)
    i.SystemClock_Config                     0x08003c64   Section        0  main.o(i.SystemClock_Config)
    i.SystemInit                             0x08003d1c   Section        0  system_stm32f4xx.o(i.SystemInit)
    i.TIM3_IRQHandler                        0x08003d80   Section        0  stm32f4xx_it.o(i.TIM3_IRQHandler)
    i.TIM4_IRQHandler                        0x08003d90   Section        0  stm32f4xx_it.o(i.TIM4_IRQHandler)
    i.TIM5_IRQHandler                        0x08003da0   Section        0  stm32f4xx_it.o(i.TIM5_IRQHandler)
    i.TIM6_DAC_IRQHandler                    0x08003db0   Section        0  stm32f4xx_it.o(i.TIM6_DAC_IRQHandler)
    i.TIM_Base_SetConfig                     0x08003dc0   Section        0  stm32f4xx_hal_tim.o(i.TIM_Base_SetConfig)
    i.TIM_CCxChannelCmd                      0x08003ea4   Section        0  stm32f4xx_hal_tim.o(i.TIM_CCxChannelCmd)
    i.TIM_ETR_SetConfig                      0x08003ec0   Section        0  stm32f4xx_hal_tim.o(i.TIM_ETR_SetConfig)
    TIM_ETR_SetConfig                        0x08003ec1   Thumb Code    24  stm32f4xx_hal_tim.o(i.TIM_ETR_SetConfig)
    i.TIM_ITRx_SetConfig                     0x08003ed8   Section        0  stm32f4xx_hal_tim.o(i.TIM_ITRx_SetConfig)
    TIM_ITRx_SetConfig                       0x08003ed9   Thumb Code    20  stm32f4xx_hal_tim.o(i.TIM_ITRx_SetConfig)
    i.TIM_OC1_SetConfig                      0x08003eec   Section        0  stm32f4xx_hal_tim.o(i.TIM_OC1_SetConfig)
    TIM_OC1_SetConfig                        0x08003eed   Thumb Code   102  stm32f4xx_hal_tim.o(i.TIM_OC1_SetConfig)
    i.TIM_OC2_SetConfig                      0x08003f5c   Section        0  stm32f4xx_hal_tim.o(i.TIM_OC2_SetConfig)
    i.TIM_OC3_SetConfig                      0x08003fd4   Section        0  stm32f4xx_hal_tim.o(i.TIM_OC3_SetConfig)
    TIM_OC3_SetConfig                        0x08003fd5   Thumb Code   110  stm32f4xx_hal_tim.o(i.TIM_OC3_SetConfig)
    i.TIM_OC4_SetConfig                      0x0800404c   Section        0  stm32f4xx_hal_tim.o(i.TIM_OC4_SetConfig)
    TIM_OC4_SetConfig                        0x0800404d   Thumb Code    88  stm32f4xx_hal_tim.o(i.TIM_OC4_SetConfig)
    i.TIM_TI1_ConfigInputStage               0x080040ac   Section        0  stm32f4xx_hal_tim.o(i.TIM_TI1_ConfigInputStage)
    TIM_TI1_ConfigInputStage                 0x080040ad   Thumb Code    42  stm32f4xx_hal_tim.o(i.TIM_TI1_ConfigInputStage)
    i.TIM_TI2_ConfigInputStage               0x080040d6   Section        0  stm32f4xx_hal_tim.o(i.TIM_TI2_ConfigInputStage)
    TIM_TI2_ConfigInputStage                 0x080040d7   Thumb Code    44  stm32f4xx_hal_tim.o(i.TIM_TI2_ConfigInputStage)
    i.UART_DMAAbortOnError                   0x08004102   Section        0  stm32f4xx_hal_uart.o(i.UART_DMAAbortOnError)
    UART_DMAAbortOnError                     0x08004103   Thumb Code    20  stm32f4xx_hal_uart.o(i.UART_DMAAbortOnError)
    i.UART_EndRxTransfer                     0x08004116   Section        0  stm32f4xx_hal_uart.o(i.UART_EndRxTransfer)
    UART_EndRxTransfer                       0x08004117   Thumb Code    32  stm32f4xx_hal_uart.o(i.UART_EndRxTransfer)
    i.UART_EndTransmit_IT                    0x08004136   Section        0  stm32f4xx_hal_uart.o(i.UART_EndTransmit_IT)
    UART_EndTransmit_IT                      0x08004137   Thumb Code    32  stm32f4xx_hal_uart.o(i.UART_EndTransmit_IT)
    i.UART_Receive_DMA_NoIT                  0x08004156   Section        0  usart.o(i.UART_Receive_DMA_NoIT)
    i.UART_Receive_IT                        0x080041fa   Section        0  stm32f4xx_hal_uart.o(i.UART_Receive_IT)
    UART_Receive_IT                          0x080041fb   Thumb Code   154  stm32f4xx_hal_uart.o(i.UART_Receive_IT)
    i.UART_SetConfig                         0x08004294   Section        0  stm32f4xx_hal_uart.o(i.UART_SetConfig)
    UART_SetConfig                           0x08004295   Thumb Code   864  stm32f4xx_hal_uart.o(i.UART_SetConfig)
    i.UART_Transmit_IT                       0x080045fc   Section        0  stm32f4xx_hal_uart.o(i.UART_Transmit_IT)
    UART_Transmit_IT                         0x080045fd   Thumb Code   104  stm32f4xx_hal_uart.o(i.UART_Transmit_IT)
    i.USART1_IRQHandler                      0x08004664   Section        0  stm32f4xx_it.o(i.USART1_IRQHandler)
    i.USART2_IRQHandler                      0x08004674   Section        0  stm32f4xx_it.o(i.USART2_IRQHandler)
    i.USART3_IRQHandler                      0x08004684   Section        0  stm32f4xx_it.o(i.USART3_IRQHandler)
    i.UsageFault_Handler                     0x08004694   Section        0  stm32f4xx_it.o(i.UsageFault_Handler)
    i.YUNTAI_SPEED                           0x08004698   Section        0  pidcontroltask.o(i.YUNTAI_SPEED)
    i.Yaw_Angle_Precision_Filter             0x080046b4   Section        0  canbustask.o(i.Yaw_Angle_Precision_Filter)
    i.Yuntai_angle_speed                     0x08004748   Section        0  dataprocessingtask.o(i.Yuntai_angle_speed)
    i.__NVIC_GetPriorityGrouping             0x08004ca8   Section        0  stm32f4xx_hal_cortex.o(i.__NVIC_GetPriorityGrouping)
    __NVIC_GetPriorityGrouping               0x08004ca9   Thumb Code    10  stm32f4xx_hal_cortex.o(i.__NVIC_GetPriorityGrouping)
    i.__NVIC_SetPriority                     0x08004cb8   Section        0  stm32f4xx_hal_cortex.o(i.__NVIC_SetPriority)
    __NVIC_SetPriority                       0x08004cb9   Thumb Code    32  stm32f4xx_hal_cortex.o(i.__NVIC_SetPriority)
    i.__hardfp_fabs                          0x08004ce0   Section        0  fabs.o(i.__hardfp_fabs)
    i.__scatterload_copy                     0x08004cf4   Section       14  handlers.o(i.__scatterload_copy)
    i.__scatterload_null                     0x08004d02   Section        2  handlers.o(i.__scatterload_null)
    i.__scatterload_zeroinit                 0x08004d04   Section       14  handlers.o(i.__scatterload_zeroinit)
    i.main                                   0x08004d14   Section        0  main.o(i.main)
    i.motor_pwm_setvalue1                    0x08004d90   Section        0  tim.o(i.motor_pwm_setvalue1)
    i.my_can_filter_init_recv_all            0x08004dbc   Section        0  canbustask.o(i.my_can_filter_init_recv_all)
    i.pid_calculate                          0x08004e08   Section        0  pid.o(i.pid_calculate)
    .constdata                               0x08005034   Section       24  system_stm32f4xx.o(.constdata)
    .constdata                               0x0800504c   Section        8  stm32f4xx_hal_dma.o(.constdata)
    flagBitshiftOffset                       0x0800504c   Data           8  stm32f4xx_hal_dma.o(.constdata)
    .data                                    0x20000000   Section        4  system_stm32f4xx.o(.data)
    .data                                    0x20000004   Section        8  remotetask.o(.data)
    .data                                    0x2000000c   Section       32  canbustask.o(.data)
    can_count                                0x2000000c   Data           4  canbustask.o(.data)
    first                                    0x20000014   Data           1  canbustask.o(.data)
    yaw_angle_temp                           0x20000018   Data           4  canbustask.o(.data)
    first                                    0x2000001c   Data           1  canbustask.o(.data)
    pluck_angle_temp                         0x20000020   Data           4  canbustask.o(.data)
    first                                    0x20000024   Data           1  canbustask.o(.data)
    pitch_angle_temp                         0x20000028   Data           4  canbustask.o(.data)
    .data                                    0x20000030   Section       56  dataprocessingtask.o(.data)
    index                                    0x20000030   Data           2  dataprocessingtask.o(.data)
    first                                    0x20000032   Data           1  dataprocessingtask.o(.data)
    biggest_P                                0x20000038   Data           8  dataprocessingtask.o(.data)
    smallest_P                               0x20000040   Data           8  dataprocessingtask.o(.data)
    biggest_Y                                0x20000048   Data           8  dataprocessingtask.o(.data)
    smallest_Y                               0x20000050   Data           8  dataprocessingtask.o(.data)
    biggest_L                                0x20000058   Data           8  dataprocessingtask.o(.data)
    smallest_L                               0x20000060   Data           8  dataprocessingtask.o(.data)
    .data                                    0x20000068   Section        1  firetask.o(.data)
    first                                    0x20000068   Data           1  firetask.o(.data)
    .data                                    0x2000006c   Section      920  pidcontroltask.o(.data)
    .data                                    0x20000404   Section        2  pid.o(.data)
    index                                    0x20000404   Data           2  pid.o(.data)
    .data                                    0x20000408   Section        4  stm32f4xx_hal.o(.data)
    .bss                                     0x2000040c   Section       68  can.o(.bss)
    .bss                                     0x20000450   Section      180  tim.o(.bss)
    .bss                                     0x20000504   Section      388  usart.o(.bss)
    .bss                                     0x20000688   Section       60  stm32f4xx_hal_timebase_tim.o(.bss)
    .bss                                     0x200006c4   Section       20  remotetask.o(.bss)
    .bss                                     0x200006d8   Section      568  canbustask.o(.bss)
    Tx1Message                               0x200008d0   Data          28  canbustask.o(.bss)
    Rx1Message                               0x200008ec   Data          36  canbustask.o(.bss)
    .bss                                     0x20000910   Section      120  dataprocessingtask.o(.bss)
    pitch_angle_buf                          0x20000910   Data          40  dataprocessingtask.o(.bss)
    yaw_angle_buf                            0x20000938   Data          40  dataprocessingtask.o(.bss)
    pluck_angle_buf                          0x20000960   Data          40  dataprocessingtask.o(.bss)
    .bss                                     0x20000988   Section      212  pidcontroltask.o(.bss)
    STACK                                    0x20000a60   Section     1024  startup_stm32f407xx.o(STACK)

    Global Symbols

    Symbol Name                              Value     Ov Type        Size  Object(Section)

    BuildAttributes$$THM_ISAv4$E$P$D$K$B$S$7EM$VFPi3$EXTD16$VFPS$VFMA$PE$A:L22UL41UL21$X:L11$S22US41US21$IEEE1$IW$USESV6$~STKCKD$USESV7$~SHL$OTIME$ROPI$IEEEJ$EBA8$MICROLIB$REQ8$PRES8$EABIv2 0x00000000   Number         0  anon$$obj.o ABSOLUTE
    __ARM_use_no_argv                        0x00000000   Number         0  main.o ABSOLUTE
    __cpp_initialize__aeabi_                  - Undefined Weak Reference
    __cxa_finalize                            - Undefined Weak Reference
    _clock_init                               - Undefined Weak Reference
    _microlib_exit                            - Undefined Weak Reference
    __Vectors_Size                           0x00000188   Number         0  startup_stm32f407xx.o ABSOLUTE
    __Vectors                                0x08000000   Data           4  startup_stm32f407xx.o(RESET)
    __Vectors_End                            0x08000188   Data           0  startup_stm32f407xx.o(RESET)
    __main                                   0x08000189   Thumb Code     0  entry.o(.ARM.Collect$$$$00000000)
    _main_stk                                0x08000189   Thumb Code     0  entry2.o(.ARM.Collect$$$$00000001)
    _main_scatterload                        0x0800018d   Thumb Code     0  entry5.o(.ARM.Collect$$$$00000004)
    __main_after_scatterload                 0x08000191   Thumb Code     0  entry5.o(.ARM.Collect$$$$00000004)
    _main_clock                              0x08000191   Thumb Code     0  entry7b.o(.ARM.Collect$$$$00000008)
    _main_cpp_init                           0x08000191   Thumb Code     0  entry8b.o(.ARM.Collect$$$$0000000A)
    _main_init                               0x08000191   Thumb Code     0  entry9a.o(.ARM.Collect$$$$0000000B)
    __rt_final_cpp                           0x08000199   Thumb Code     0  entry10a.o(.ARM.Collect$$$$0000000D)
    __rt_final_exit                          0x08000199   Thumb Code     0  entry11a.o(.ARM.Collect$$$$0000000F)
    Reset_Handler                            0x0800019d   Thumb Code     8  startup_stm32f407xx.o(.text)
    ADC_IRQHandler                           0x080001b7   Thumb Code     0  startup_stm32f407xx.o(.text)
    CAN1_RX1_IRQHandler                      0x080001b7   Thumb Code     0  startup_stm32f407xx.o(.text)
    CAN1_SCE_IRQHandler                      0x080001b7   Thumb Code     0  startup_stm32f407xx.o(.text)
    CAN2_RX0_IRQHandler                      0x080001b7   Thumb Code     0  startup_stm32f407xx.o(.text)
    CAN2_RX1_IRQHandler                      0x080001b7   Thumb Code     0  startup_stm32f407xx.o(.text)
    CAN2_SCE_IRQHandler                      0x080001b7   Thumb Code     0  startup_stm32f407xx.o(.text)
    CAN2_TX_IRQHandler                       0x080001b7   Thumb Code     0  startup_stm32f407xx.o(.text)
    DCMI_IRQHandler                          0x080001b7   Thumb Code     0  startup_stm32f407xx.o(.text)
    DMA1_Stream0_IRQHandler                  0x080001b7   Thumb Code     0  startup_stm32f407xx.o(.text)
    DMA1_Stream1_IRQHandler                  0x080001b7   Thumb Code     0  startup_stm32f407xx.o(.text)
    DMA1_Stream2_IRQHandler                  0x080001b7   Thumb Code     0  startup_stm32f407xx.o(.text)
    DMA1_Stream3_IRQHandler                  0x080001b7   Thumb Code     0  startup_stm32f407xx.o(.text)
    DMA1_Stream4_IRQHandler                  0x080001b7   Thumb Code     0  startup_stm32f407xx.o(.text)
    DMA1_Stream6_IRQHandler                  0x080001b7   Thumb Code     0  startup_stm32f407xx.o(.text)
    DMA1_Stream7_IRQHandler                  0x080001b7   Thumb Code     0  startup_stm32f407xx.o(.text)
    DMA2_Stream0_IRQHandler                  0x080001b7   Thumb Code     0  startup_stm32f407xx.o(.text)
    DMA2_Stream1_IRQHandler                  0x080001b7   Thumb Code     0  startup_stm32f407xx.o(.text)
    DMA2_Stream2_IRQHandler                  0x080001b7   Thumb Code     0  startup_stm32f407xx.o(.text)
    DMA2_Stream3_IRQHandler                  0x080001b7   Thumb Code     0  startup_stm32f407xx.o(.text)
    DMA2_Stream4_IRQHandler                  0x080001b7   Thumb Code     0  startup_stm32f407xx.o(.text)
    DMA2_Stream5_IRQHandler                  0x080001b7   Thumb Code     0  startup_stm32f407xx.o(.text)
    DMA2_Stream6_IRQHandler                  0x080001b7   Thumb Code     0  startup_stm32f407xx.o(.text)
    DMA2_Stream7_IRQHandler                  0x080001b7   Thumb Code     0  startup_stm32f407xx.o(.text)
    ETH_IRQHandler                           0x080001b7   Thumb Code     0  startup_stm32f407xx.o(.text)
    ETH_WKUP_IRQHandler                      0x080001b7   Thumb Code     0  startup_stm32f407xx.o(.text)
    EXTI0_IRQHandler                         0x080001b7   Thumb Code     0  startup_stm32f407xx.o(.text)
    EXTI15_10_IRQHandler                     0x080001b7   Thumb Code     0  startup_stm32f407xx.o(.text)
    EXTI1_IRQHandler                         0x080001b7   Thumb Code     0  startup_stm32f407xx.o(.text)
    EXTI2_IRQHandler                         0x080001b7   Thumb Code     0  startup_stm32f407xx.o(.text)
    EXTI3_IRQHandler                         0x080001b7   Thumb Code     0  startup_stm32f407xx.o(.text)
    EXTI4_IRQHandler                         0x080001b7   Thumb Code     0  startup_stm32f407xx.o(.text)
    EXTI9_5_IRQHandler                       0x080001b7   Thumb Code     0  startup_stm32f407xx.o(.text)
    FLASH_IRQHandler                         0x080001b7   Thumb Code     0  startup_stm32f407xx.o(.text)
    FMC_IRQHandler                           0x080001b7   Thumb Code     0  startup_stm32f407xx.o(.text)
    FPU_IRQHandler                           0x080001b7   Thumb Code     0  startup_stm32f407xx.o(.text)
    HASH_RNG_IRQHandler                      0x080001b7   Thumb Code     0  startup_stm32f407xx.o(.text)
    I2C1_ER_IRQHandler                       0x080001b7   Thumb Code     0  startup_stm32f407xx.o(.text)
    I2C1_EV_IRQHandler                       0x080001b7   Thumb Code     0  startup_stm32f407xx.o(.text)
    I2C2_ER_IRQHandler                       0x080001b7   Thumb Code     0  startup_stm32f407xx.o(.text)
    I2C2_EV_IRQHandler                       0x080001b7   Thumb Code     0  startup_stm32f407xx.o(.text)
    I2C3_ER_IRQHandler                       0x080001b7   Thumb Code     0  startup_stm32f407xx.o(.text)
    I2C3_EV_IRQHandler                       0x080001b7   Thumb Code     0  startup_stm32f407xx.o(.text)
    OTG_FS_IRQHandler                        0x080001b7   Thumb Code     0  startup_stm32f407xx.o(.text)
    OTG_FS_WKUP_IRQHandler                   0x080001b7   Thumb Code     0  startup_stm32f407xx.o(.text)
    OTG_HS_EP1_IN_IRQHandler                 0x080001b7   Thumb Code     0  startup_stm32f407xx.o(.text)
    OTG_HS_EP1_OUT_IRQHandler                0x080001b7   Thumb Code     0  startup_stm32f407xx.o(.text)
    OTG_HS_IRQHandler                        0x080001b7   Thumb Code     0  startup_stm32f407xx.o(.text)
    OTG_HS_WKUP_IRQHandler                   0x080001b7   Thumb Code     0  startup_stm32f407xx.o(.text)
    PVD_IRQHandler                           0x080001b7   Thumb Code     0  startup_stm32f407xx.o(.text)
    RCC_IRQHandler                           0x080001b7   Thumb Code     0  startup_stm32f407xx.o(.text)
    RTC_Alarm_IRQHandler                     0x080001b7   Thumb Code     0  startup_stm32f407xx.o(.text)
    RTC_WKUP_IRQHandler                      0x080001b7   Thumb Code     0  startup_stm32f407xx.o(.text)
    SDIO_IRQHandler                          0x080001b7   Thumb Code     0  startup_stm32f407xx.o(.text)
    SPI1_IRQHandler                          0x080001b7   Thumb Code     0  startup_stm32f407xx.o(.text)
    SPI2_IRQHandler                          0x080001b7   Thumb Code     0  startup_stm32f407xx.o(.text)
    SPI3_IRQHandler                          0x080001b7   Thumb Code     0  startup_stm32f407xx.o(.text)
    TAMP_STAMP_IRQHandler                    0x080001b7   Thumb Code     0  startup_stm32f407xx.o(.text)
    TIM1_BRK_TIM9_IRQHandler                 0x080001b7   Thumb Code     0  startup_stm32f407xx.o(.text)
    TIM1_CC_IRQHandler                       0x080001b7   Thumb Code     0  startup_stm32f407xx.o(.text)
    TIM1_TRG_COM_TIM11_IRQHandler            0x080001b7   Thumb Code     0  startup_stm32f407xx.o(.text)
    TIM1_UP_TIM10_IRQHandler                 0x080001b7   Thumb Code     0  startup_stm32f407xx.o(.text)
    TIM2_IRQHandler                          0x080001b7   Thumb Code     0  startup_stm32f407xx.o(.text)
    TIM7_IRQHandler                          0x080001b7   Thumb Code     0  startup_stm32f407xx.o(.text)
    TIM8_BRK_TIM12_IRQHandler                0x080001b7   Thumb Code     0  startup_stm32f407xx.o(.text)
    TIM8_CC_IRQHandler                       0x080001b7   Thumb Code     0  startup_stm32f407xx.o(.text)
    TIM8_TRG_COM_TIM14_IRQHandler            0x080001b7   Thumb Code     0  startup_stm32f407xx.o(.text)
    TIM8_UP_TIM13_IRQHandler                 0x080001b7   Thumb Code     0  startup_stm32f407xx.o(.text)
    UART4_IRQHandler                         0x080001b7   Thumb Code     0  startup_stm32f407xx.o(.text)
    UART5_IRQHandler                         0x080001b7   Thumb Code     0  startup_stm32f407xx.o(.text)
    USART6_IRQHandler                        0x080001b7   Thumb Code     0  startup_stm32f407xx.o(.text)
    WWDG_IRQHandler                          0x080001b7   Thumb Code     0  startup_stm32f407xx.o(.text)
    __aeabi_uldivmod                         0x080001c1   Thumb Code    98  uldiv.o(.text)
    __aeabi_memset                           0x08000223   Thumb Code    14  memseta.o(.text)
    __aeabi_memset4                          0x08000223   Thumb Code     0  memseta.o(.text)
    __aeabi_memset8                          0x08000223   Thumb Code     0  memseta.o(.text)
    __aeabi_memclr                           0x08000231   Thumb Code     4  memseta.o(.text)
    __aeabi_memclr4                          0x08000231   Thumb Code     0  memseta.o(.text)
    __aeabi_memclr8                          0x08000231   Thumb Code     0  memseta.o(.text)
    _memset$wrapper                          0x08000235   Thumb Code    18  memseta.o(.text)
    __aeabi_dadd                             0x08000247   Thumb Code   322  dadd.o(.text)
    __aeabi_dsub                             0x08000389   Thumb Code     6  dadd.o(.text)
    __aeabi_drsub                            0x0800038f   Thumb Code     6  dadd.o(.text)
    __aeabi_ddiv                             0x08000395   Thumb Code   222  ddiv.o(.text)
    __aeabi_d2uiz                            0x08000473   Thumb Code    50  dfixui.o(.text)
    __aeabi_f2d                              0x080004a5   Thumb Code    38  f2d.o(.text)
    __aeabi_cdcmpeq                          0x080004cd   Thumb Code     0  cdcmple.o(.text)
    __aeabi_cdcmple                          0x080004cd   Thumb Code    48  cdcmple.o(.text)
    __aeabi_cdrcmple                         0x080004fd   Thumb Code    48  cdrcmple.o(.text)
    __aeabi_d2f                              0x0800052d   Thumb Code    56  d2f.o(.text)
    __aeabi_llsl                             0x08000565   Thumb Code    30  llshl.o(.text)
    _ll_shift_l                              0x08000565   Thumb Code     0  llshl.o(.text)
    __aeabi_llsr                             0x08000583   Thumb Code    32  llushr.o(.text)
    _ll_ushift_r                             0x08000583   Thumb Code     0  llushr.o(.text)
    __aeabi_lasr                             0x080005a3   Thumb Code    36  llsshr.o(.text)
    _ll_sshift_r                             0x080005a3   Thumb Code     0  llsshr.o(.text)
    __I$use$fp                               0x080005c7   Thumb Code     0  iusefp.o(.text)
    _float_round                             0x080005c7   Thumb Code    18  fepilogue.o(.text)
    _float_epilogue                          0x080005d9   Thumb Code    92  fepilogue.o(.text)
    _double_round                            0x08000635   Thumb Code    30  depilogue.o(.text)
    _double_epilogue                         0x08000653   Thumb Code   156  depilogue.o(.text)
    __scatterload                            0x080006f1   Thumb Code    28  init.o(.text)
    __scatterload_rt2                        0x080006f1   Thumb Code     0  init.o(.text)
    __decompress                             0x08000715   Thumb Code     0  __dczerorl2.o(.text)
    __decompress1                            0x08000715   Thumb Code    86  __dczerorl2.o(.text)
    BusFault_Handler                         0x0800076b   Thumb Code     4  stm32f4xx_it.o(i.BusFault_Handler)
    CAN1_RX0_IRQHandler                      0x08000771   Thumb Code    10  stm32f4xx_it.o(i.CAN1_RX0_IRQHandler)
    CAN1_TX_IRQHandler                       0x08000781   Thumb Code    10  stm32f4xx_it.o(i.CAN1_TX_IRQHandler)
    Callback_RC_Handle                       0x080009b5   Thumb Code   178  remotetask.o(i.Callback_RC_Handle)
    DMA1_Stream5_IRQHandler                  0x08000a71   Thumb Code    10  stm32f4xx_it.o(i.DMA1_Stream5_IRQHandler)
    DebugMon_Handler                         0x08000b8b   Thumb Code     2  stm32f4xx_it.o(i.DebugMon_Handler)
    EncoderProcess                           0x08000b8d   Thumb Code   302  canbustask.o(i.EncoderProcess)
    Error_Handler                            0x08000cc9   Thumb Code     2  main.o(i.Error_Handler)
    FireOpen                                 0x08000ccb   Thumb Code    12  firetask.o(i.FireOpen)
    FireSetSingle                            0x08000cd7   Thumb Code    12  firetask.o(i.FireSetSingle)
    Firefast                                 0x08000ce3   Thumb Code    12  firetask.o(i.Firefast)
    GetEncoderBias                           0x08000cef   Thumb Code    30  canbustask.o(i.GetEncoderBias)
    Get_ch0_Data                             0x08000d0d   Thumb Code     8  remotetask.o(i.Get_ch0_Data)
    Get_ch1_Data                             0x08000d19   Thumb Code     8  remotetask.o(i.Get_ch1_Data)
    Get_ch2_Data                             0x08000d25   Thumb Code     8  remotetask.o(i.Get_ch2_Data)
    Get_ch3_Data                             0x08000d31   Thumb Code     8  remotetask.o(i.Get_ch3_Data)
    Gimbal_RC_Mode                           0x08000d3d   Thumb Code   320  pidcontroltask.o(i.Gimbal_RC_Mode)
    HAL_CAN_ConfigFilter                     0x08000ea9   Thumb Code   260  stm32f4xx_hal_can.o(i.HAL_CAN_ConfigFilter)
    HAL_CAN_ErrorCallback                    0x08000fb1   Thumb Code    18  can.o(i.HAL_CAN_ErrorCallback)
    HAL_CAN_IRQHandler                       0x08000fc9   Thumb Code   580  stm32f4xx_hal_can.o(i.HAL_CAN_IRQHandler)
    HAL_CAN_Init                             0x0800121d   Thumb Code   444  stm32f4xx_hal_can.o(i.HAL_CAN_Init)
    HAL_CAN_MspInit                          0x080013d9   Thumb Code   156  can.o(i.HAL_CAN_MspInit)
    HAL_CAN_Receive_IT                       0x08001481   Thumb Code   268  stm32f4xx_hal_can.o(i.HAL_CAN_Receive_IT)
    HAL_CAN_RxCpltCallback                   0x0800158d   Thumb Code   316  canbustask.o(i.HAL_CAN_RxCpltCallback)
    HAL_CAN_Transmit                         0x080016f5   Thumb Code   684  stm32f4xx_hal_can.o(i.HAL_CAN_Transmit)
    HAL_CAN_TxCpltCallback                   0x080019ad   Thumb Code     2  stm32f4xx_hal_can.o(i.HAL_CAN_TxCpltCallback)
    HAL_DMA_Abort_IT                         0x080019af   Thumb Code    40  stm32f4xx_hal_dma.o(i.HAL_DMA_Abort_IT)
    HAL_DMA_IRQHandler                       0x080019d9   Thumb Code   570  stm32f4xx_hal_dma.o(i.HAL_DMA_IRQHandler)
    HAL_DMA_Init                             0x08001c19   Thumb Code   232  stm32f4xx_hal_dma.o(i.HAL_DMA_Init)
    HAL_DMA_Start                            0x08001d05   Thumb Code   102  stm32f4xx_hal_dma.o(i.HAL_DMA_Start)
    HAL_GPIO_Init                            0x08001d6d   Thumb Code   466  stm32f4xx_hal_gpio.o(i.HAL_GPIO_Init)
    HAL_GPIO_WritePin                        0x08001f6d   Thumb Code    12  stm32f4xx_hal_gpio.o(i.HAL_GPIO_WritePin)
    HAL_GetTick                              0x08001f79   Thumb Code     6  stm32f4xx_hal.o(i.HAL_GetTick)
    HAL_IncTick                              0x08001f85   Thumb Code    12  stm32f4xx_hal.o(i.HAL_IncTick)
    HAL_Init                                 0x08001f95   Thumb Code    54  stm32f4xx_hal.o(i.HAL_Init)
    HAL_InitTick                             0x08001fd1   Thumb Code   122  stm32f4xx_hal_timebase_tim.o(i.HAL_InitTick)
    HAL_MspInit                              0x0800205d   Thumb Code    68  stm32f4xx_hal_msp.o(i.HAL_MspInit)
    HAL_NVIC_EnableIRQ                       0x080020a5   Thumb Code    32  stm32f4xx_hal_cortex.o(i.HAL_NVIC_EnableIRQ)
    HAL_NVIC_SetPriority                     0x080020c5   Thumb Code   124  stm32f4xx_hal_cortex.o(i.HAL_NVIC_SetPriority)
    HAL_NVIC_SetPriorityGrouping             0x08002141   Thumb Code    32  stm32f4xx_hal_cortex.o(i.HAL_NVIC_SetPriorityGrouping)
    HAL_RCC_ClockConfig                      0x08002169   Thumb Code   366  stm32f4xx_hal_rcc.o(i.HAL_RCC_ClockConfig)
    HAL_RCC_GetClockConfig                   0x080022e9   Thumb Code    58  stm32f4xx_hal_rcc.o(i.HAL_RCC_GetClockConfig)
    HAL_RCC_GetHCLKFreq                      0x0800232d   Thumb Code     6  stm32f4xx_hal_rcc.o(i.HAL_RCC_GetHCLKFreq)
    HAL_RCC_GetPCLK1Freq                     0x08002339   Thumb Code    22  stm32f4xx_hal_rcc.o(i.HAL_RCC_GetPCLK1Freq)
    HAL_RCC_GetPCLK2Freq                     0x08002359   Thumb Code    22  stm32f4xx_hal_rcc.o(i.HAL_RCC_GetPCLK2Freq)
    HAL_RCC_GetSysClockFreq                  0x08002379   Thumb Code   162  stm32f4xx_hal_rcc.o(i.HAL_RCC_GetSysClockFreq)
    HAL_RCC_OscConfig                        0x08002429   Thumb Code  1040  stm32f4xx_hal_rcc.o(i.HAL_RCC_OscConfig)
    HAL_TIMEx_BreakCallback                  0x08002839   Thumb Code     2  stm32f4xx_hal_tim_ex.o(i.HAL_TIMEx_BreakCallback)
    HAL_TIMEx_CommutationCallback            0x0800283b   Thumb Code     2  stm32f4xx_hal_tim_ex.o(i.HAL_TIMEx_CommutationCallback)
    HAL_TIMEx_MasterConfigSynchronization    0x0800283d   Thumb Code    98  stm32f4xx_hal_tim_ex.o(i.HAL_TIMEx_MasterConfigSynchronization)
    HAL_TIM_Base_Init                        0x0800289f   Thumb Code    52  stm32f4xx_hal_tim.o(i.HAL_TIM_Base_Init)
    HAL_TIM_Base_MspInit                     0x080028d5   Thumb Code   178  tim.o(i.HAL_TIM_Base_MspInit)
    HAL_TIM_Base_Start_IT                    0x08002999   Thumb Code    30  stm32f4xx_hal_tim.o(i.HAL_TIM_Base_Start_IT)
    HAL_TIM_ConfigClockSource                0x080029b7   Thumb Code   306  stm32f4xx_hal_tim.o(i.HAL_TIM_ConfigClockSource)
    HAL_TIM_IC_CaptureCallback               0x08002ae9   Thumb Code     2  stm32f4xx_hal_tim.o(i.HAL_TIM_IC_CaptureCallback)
    HAL_TIM_IRQHandler                       0x08002aeb   Thumb Code   406  stm32f4xx_hal_tim.o(i.HAL_TIM_IRQHandler)
    HAL_TIM_MspPostInit                      0x08002c81   Thumb Code    84  tim.o(i.HAL_TIM_MspPostInit)
    HAL_TIM_OC_DelayElapsedCallback          0x08002ce1   Thumb Code     2  stm32f4xx_hal_tim.o(i.HAL_TIM_OC_DelayElapsedCallback)
    HAL_TIM_PWM_ConfigChannel                0x08002ce3   Thumb Code   264  stm32f4xx_hal_tim.o(i.HAL_TIM_PWM_ConfigChannel)
    HAL_TIM_PWM_Init                         0x08002deb   Thumb Code    52  stm32f4xx_hal_tim.o(i.HAL_TIM_PWM_Init)
    HAL_TIM_PWM_MspInit                      0x08002e1f   Thumb Code     2  stm32f4xx_hal_tim.o(i.HAL_TIM_PWM_MspInit)
    HAL_TIM_PWM_PulseFinishedCallback        0x08002e21   Thumb Code     2  stm32f4xx_hal_tim.o(i.HAL_TIM_PWM_PulseFinishedCallback)
    HAL_TIM_PWM_Start                        0x08002e25   Thumb Code    68  stm32f4xx_hal_tim.o(i.HAL_TIM_PWM_Start)
    HAL_TIM_PeriodElapsedCallback            0x08002e71   Thumb Code    30  main.o(i.HAL_TIM_PeriodElapsedCallback)
    HAL_TIM_TriggerCallback                  0x08002e99   Thumb Code     2  stm32f4xx_hal_tim.o(i.HAL_TIM_TriggerCallback)
    HAL_UART_ErrorCallback                   0x08002e9b   Thumb Code     2  stm32f4xx_hal_uart.o(i.HAL_UART_ErrorCallback)
    HAL_UART_IDLE_IRQHandler                 0x08002e9d   Thumb Code   346  usart.o(i.HAL_UART_IDLE_IRQHandler)
    HAL_UART_IRQHandler                      0x08003005   Thumb Code   326  stm32f4xx_hal_uart.o(i.HAL_UART_IRQHandler)
    HAL_UART_Init                            0x08003151   Thumb Code   114  stm32f4xx_hal_uart.o(i.HAL_UART_Init)
    HAL_UART_MspInit                         0x080031c5   Thumb Code   458  usart.o(i.HAL_UART_MspInit)
    HAL_UART_Receive_IT_IDLE                 0x080033b1   Thumb Code    32  usart.o(i.HAL_UART_Receive_IT_IDLE)
    HAL_UART_RxCpltCallback                  0x080033d1   Thumb Code     2  stm32f4xx_hal_uart.o(i.HAL_UART_RxCpltCallback)
    HAL_UART_TxCpltCallback                  0x080033d3   Thumb Code     2  stm32f4xx_hal_uart.o(i.HAL_UART_TxCpltCallback)
    HardFault_Handler                        0x080033d5   Thumb Code     4  stm32f4xx_it.o(i.HardFault_Handler)
    MX_CAN1_Init                             0x080033d9   Thumb Code    62  can.o(i.MX_CAN1_Init)
    MX_DMA_Init                              0x08003421   Thumb Code    52  dma.o(i.MX_DMA_Init)
    MX_GPIO_Init                             0x08003459   Thumb Code   204  gpio.o(i.MX_GPIO_Init)
    MX_TIM3_Init                             0x0800352d   Thumb Code    98  tim.o(i.MX_TIM3_Init)
    MX_TIM4_Init                             0x08003599   Thumb Code   152  tim.o(i.MX_TIM4_Init)
    MX_TIM5_Init                             0x08003639   Thumb Code    98  tim.o(i.MX_TIM5_Init)
    MX_USART1_UART_Init                      0x080036a5   Thumb Code    46  usart.o(i.MX_USART1_UART_Init)
    MX_USART2_UART_Init                      0x080036dd   Thumb Code    48  usart.o(i.MX_USART2_UART_Init)
    MX_USART3_UART_Init                      0x08003719   Thumb Code    46  usart.o(i.MX_USART3_UART_Init)
    MemManage_Handler                        0x08003751   Thumb Code     4  stm32f4xx_it.o(i.MemManage_Handler)
    NMI_Handler                              0x08003755   Thumb Code     2  stm32f4xx_it.o(i.NMI_Handler)
    PID_calculate_chassis_self               0x08003759   Thumb Code   128  pidcontroltask.o(i.PID_calculate_chassis_self)
    PID_calculate_position_self              0x08003809   Thumb Code    86  pidcontroltask.o(i.PID_calculate_position_self)
    PID_calculate_speed_self                 0x08003885   Thumb Code   132  pidcontroltask.o(i.PID_calculate_speed_self)
    PLUCK                                    0x0800392d   Thumb Code    58  firetask.o(i.PLUCK)
    PendSV_Handler                           0x08003979   Thumb Code     2  stm32f4xx_it.o(i.PendSV_Handler)
    Pitch_Angle_Precision_Filter             0x0800397d   Thumb Code   132  canbustask.o(i.Pitch_Angle_Precision_Filter)
    Pluck_Angle_Precision_Filter             0x08003a11   Thumb Code   132  canbustask.o(i.Pluck_Angle_Precision_Filter)
    RC_Ctl_t_Init                            0x08003aa5   Thumb Code    50  remotetask.o(i.RC_Ctl_t_Init)
    SHORT                                    0x08003add   Thumb Code    44  firetask.o(i.SHORT)
    SVC_Handler                              0x08003b0d   Thumb Code     2  stm32f4xx_it.o(i.SVC_Handler)
    Set_CM_Speed                             0x08003b0f   Thumb Code    96  canbustask.o(i.Set_CM_Speed)
    Set_Gimbal_Current                       0x08003b6f   Thumb Code    78  canbustask.o(i.Set_Gimbal_Current)
    Set_Gimbal_Motor_Output                  0x08003bbd   Thumb Code   130  pidcontroltask.o(i.Set_Gimbal_Motor_Output)
    SysTick_Handler                          0x08003c61   Thumb Code     2  stm32f4xx_it.o(i.SysTick_Handler)
    SystemClock_Config                       0x08003c65   Thumb Code   174  main.o(i.SystemClock_Config)
    SystemInit                               0x08003d1d   Thumb Code    82  system_stm32f4xx.o(i.SystemInit)
    TIM3_IRQHandler                          0x08003d81   Thumb Code    10  stm32f4xx_it.o(i.TIM3_IRQHandler)
    TIM4_IRQHandler                          0x08003d91   Thumb Code    10  stm32f4xx_it.o(i.TIM4_IRQHandler)
    TIM5_IRQHandler                          0x08003da1   Thumb Code    10  stm32f4xx_it.o(i.TIM5_IRQHandler)
    TIM6_DAC_IRQHandler                      0x08003db1   Thumb Code    10  stm32f4xx_it.o(i.TIM6_DAC_IRQHandler)
    TIM_Base_SetConfig                       0x08003dc1   Thumb Code   184  stm32f4xx_hal_tim.o(i.TIM_Base_SetConfig)
    TIM_CCxChannelCmd                        0x08003ea5   Thumb Code    28  stm32f4xx_hal_tim.o(i.TIM_CCxChannelCmd)
    TIM_OC2_SetConfig                        0x08003f5d   Thumb Code   112  stm32f4xx_hal_tim.o(i.TIM_OC2_SetConfig)
    UART_Receive_DMA_NoIT                    0x08004157   Thumb Code   164  usart.o(i.UART_Receive_DMA_NoIT)
    USART1_IRQHandler                        0x08004665   Thumb Code    10  stm32f4xx_it.o(i.USART1_IRQHandler)
    USART2_IRQHandler                        0x08004675   Thumb Code    10  stm32f4xx_it.o(i.USART2_IRQHandler)
    USART3_IRQHandler                        0x08004685   Thumb Code    10  stm32f4xx_it.o(i.USART3_IRQHandler)
    UsageFault_Handler                       0x08004695   Thumb Code     4  stm32f4xx_it.o(i.UsageFault_Handler)
    YUNTAI_SPEED                             0x08004699   Thumb Code    14  pidcontroltask.o(i.YUNTAI_SPEED)
    Yaw_Angle_Precision_Filter               0x080046b5   Thumb Code   132  canbustask.o(i.Yaw_Angle_Precision_Filter)
    Yuntai_angle_speed                       0x08004749   Thumb Code  1332  dataprocessingtask.o(i.Yuntai_angle_speed)
    __hardfp_fabs                            0x08004ce1   Thumb Code    20  fabs.o(i.__hardfp_fabs)
    __scatterload_copy                       0x08004cf5   Thumb Code    14  handlers.o(i.__scatterload_copy)
    __scatterload_null                       0x08004d03   Thumb Code     2  handlers.o(i.__scatterload_null)
    __scatterload_zeroinit                   0x08004d05   Thumb Code    14  handlers.o(i.__scatterload_zeroinit)
    main                                     0x08004d15   Thumb Code   104  main.o(i.main)
    motor_pwm_setvalue1                      0x08004d91   Thumb Code    40  tim.o(i.motor_pwm_setvalue1)
    my_can_filter_init_recv_all              0x08004dbd   Thumb Code    62  canbustask.o(i.my_can_filter_init_recv_all)
    pid_calculate                            0x08004e09   Thumb Code   552  pid.o(i.pid_calculate)
    AHBPrescTable                            0x08005034   Data          16  system_stm32f4xx.o(.constdata)
    APBPrescTable                            0x08005044   Data           8  system_stm32f4xx.o(.constdata)
    Region$$Table$$Base                      0x08005054   Number         0  anon$$obj.o(Region$$Table)
    Region$$Table$$Limit                     0x08005074   Number         0  anon$$obj.o(Region$$Table)
    SystemCoreClock                          0x20000000   Data           4  system_stm32f4xx.o(.data)
    Latest_Remote_Control_Pack_Time          0x20000004   Data           4  remotetask.o(.data)
    LED_Flash_Timer_remote_control           0x20000008   Data           4  remotetask.o(.data)
    FlashTimer                               0x20000010   Data           4  canbustask.o(.data)
    PID_pitchPosition_value                  0x2000006c   Data           8  pidcontroltask.o(.data)
    PID_yawPosition_value                    0x20000074   Data           8  pidcontroltask.o(.data)
    PID_pluckPosition_value                  0x2000007c   Data           8  pidcontroltask.o(.data)
    PID_pitchSpeed_value                     0x20000084   Data           8  pidcontroltask.o(.data)
    PID_yawSpeed_value                       0x2000008c   Data           8  pidcontroltask.o(.data)
    PID_pluckSpeed_value                     0x20000094   Data           8  pidcontroltask.o(.data)
    PID_CM1_value                            0x2000009c   Data           8  pidcontroltask.o(.data)
    PID_CM2_value                            0x200000a4   Data           8  pidcontroltask.o(.data)
    PID_CM3_value                            0x200000ac   Data           8  pidcontroltask.o(.data)
    PID_CM4_value                            0x200000b4   Data           8  pidcontroltask.o(.data)
    CM1pid                                   0x200000bc   Data          84  pidcontroltask.o(.data)
    CM2pid                                   0x20000110   Data          84  pidcontroltask.o(.data)
    CM3pid                                   0x20000164   Data          84  pidcontroltask.o(.data)
    CM4pid                                   0x200001b8   Data          84  pidcontroltask.o(.data)
    YAWPpid                                  0x2000020c   Data          84  pidcontroltask.o(.data)
    PITCHPpid                                0x20000260   Data          84  pidcontroltask.o(.data)
    YAWSpid                                  0x200002b4   Data          84  pidcontroltask.o(.data)
    PITCHSpid                                0x20000308   Data          84  pidcontroltask.o(.data)
    PLUCKPpid                                0x2000035c   Data          84  pidcontroltask.o(.data)
    PLUCKSpid                                0x200003b0   Data          84  pidcontroltask.o(.data)
    uwTick                                   0x20000408   Data           4  stm32f4xx_hal.o(.data)
    hcan1                                    0x2000040c   Data          68  can.o(.bss)
    htim3                                    0x20000450   Data          60  tim.o(.bss)
    htim4                                    0x2000048c   Data          60  tim.o(.bss)
    htim5                                    0x200004c8   Data          60  tim.o(.bss)
    UART_Buffer                              0x20000504   Data         100  usart.o(.bss)
    huart1                                   0x20000568   Data          64  usart.o(.bss)
    huart2                                   0x200005a8   Data          64  usart.o(.bss)
    huart3                                   0x200005e8   Data          64  usart.o(.bss)
    hdma_usart2_rx                           0x20000628   Data          96  usart.o(.bss)
    htim6                                    0x20000688   Data          60  stm32f4xx_hal_timebase_tim.o(.bss)
    RC_Ctl                                   0x200006c4   Data          20  remotetask.o(.bss)
    CM1Encoder                               0x200006d8   Data          72  canbustask.o(.bss)
    CM2Encoder                               0x20000720   Data          72  canbustask.o(.bss)
    CM3Encoder                               0x20000768   Data          72  canbustask.o(.bss)
    CM4Encoder                               0x200007b0   Data          72  canbustask.o(.bss)
    GMYawEncoder                             0x200007f8   Data          72  canbustask.o(.bss)
    GMPitchEncoder                           0x20000840   Data          72  canbustask.o(.bss)
    GMPluckEncoder                           0x20000888   Data          72  canbustask.o(.bss)
    gimbal_ref                               0x20000988   Data          44  pidcontroltask.o(.bss)
    Position_pitchPID                        0x200009b4   Data          24  pidcontroltask.o(.bss)
    Position_yawPID                          0x200009cc   Data          24  pidcontroltask.o(.bss)
    Position_pluckPID                        0x200009e4   Data          24  pidcontroltask.o(.bss)
    Speed_pitchPID                           0x200009fc   Data          24  pidcontroltask.o(.bss)
    Speed_yawPID                             0x20000a14   Data          24  pidcontroltask.o(.bss)
    Speed_pluckPID                           0x20000a2c   Data          24  pidcontroltask.o(.bss)
    PID_Angle_Speed                          0x20000a44   Data          24  pidcontroltask.o(.bss)
    __initial_sp                             0x20000e60   Data           0  startup_stm32f407xx.o(STACK)



==============================================================================

Memory Map of the image

  Image Entry point : 0x08000189

  Load Region LR_IROM1 (Base: 0x08000000, Size: 0x00005480, Max: 0x00100000, ABSOLUTE, COMPRESSED[0x000050e8])

    Execution Region ER_IROM1 (Exec base: 0x08000000, Load base: 0x08000000, Size: 0x00005074, Max: 0x00100000, ABSOLUTE)

    Exec Addr    Load Addr    Size         Type   Attr      Idx    E Section Name        Object

    0x08000000   0x08000000   0x00000188   Data   RO            3    RESET               startup_stm32f407xx.o
    0x08000188   0x08000188   0x00000000   Code   RO         3406  * .ARM.Collect$$$$00000000  mc_w.l(entry.o)
    0x08000188   0x08000188   0x00000004   Code   RO         3427    .ARM.Collect$$$$00000001  mc_w.l(entry2.o)
    0x0800018c   0x0800018c   0x00000004   Code   RO         3430    .ARM.Collect$$$$00000004  mc_w.l(entry5.o)
    0x08000190   0x08000190   0x00000000   Code   RO         3432    .ARM.Collect$$$$00000008  mc_w.l(entry7b.o)
    0x08000190   0x08000190   0x00000000   Code   RO         3434    .ARM.Collect$$$$0000000A  mc_w.l(entry8b.o)
    0x08000190   0x08000190   0x00000008   Code   RO         3435    .ARM.Collect$$$$0000000B  mc_w.l(entry9a.o)
    0x08000198   0x08000198   0x00000000   Code   RO         3437    .ARM.Collect$$$$0000000D  mc_w.l(entry10a.o)
    0x08000198   0x08000198   0x00000000   Code   RO         3439    .ARM.Collect$$$$0000000F  mc_w.l(entry11a.o)
    0x08000198   0x08000198   0x00000004   Code   RO         3428    .ARM.Collect$$$$00002712  mc_w.l(entry2.o)
    0x0800019c   0x0800019c   0x00000024   Code   RO            4    .text               startup_stm32f407xx.o
    0x080001c0   0x080001c0   0x00000062   Code   RO         3409    .text               mc_w.l(uldiv.o)
    0x08000222   0x08000222   0x00000024   Code   RO         3411    .text               mc_w.l(memseta.o)
    0x08000246   0x08000246   0x0000014e   Code   RO         3413    .text               mf_w.l(dadd.o)
    0x08000394   0x08000394   0x000000de   Code   RO         3415    .text               mf_w.l(ddiv.o)
    0x08000472   0x08000472   0x00000032   Code   RO         3417    .text               mf_w.l(dfixui.o)
    0x080004a4   0x080004a4   0x00000026   Code   RO         3419    .text               mf_w.l(f2d.o)
    0x080004ca   0x080004ca   0x00000002   PAD
    0x080004cc   0x080004cc   0x00000030   Code   RO         3421    .text               mf_w.l(cdcmple.o)
    0x080004fc   0x080004fc   0x00000030   Code   RO         3423    .text               mf_w.l(cdrcmple.o)
    0x0800052c   0x0800052c   0x00000038   Code   RO         3425    .text               mf_w.l(d2f.o)
    0x08000564   0x08000564   0x0000001e   Code   RO         3441    .text               mc_w.l(llshl.o)
    0x08000582   0x08000582   0x00000020   Code   RO         3443    .text               mc_w.l(llushr.o)
    0x080005a2   0x080005a2   0x00000024   Code   RO         3445    .text               mc_w.l(llsshr.o)
    0x080005c6   0x080005c6   0x00000000   Code   RO         3447    .text               mc_w.l(iusefp.o)
    0x080005c6   0x080005c6   0x0000006e   Code   RO         3448    .text               mf_w.l(fepilogue.o)
    0x08000634   0x08000634   0x000000ba   Code   RO         3450    .text               mf_w.l(depilogue.o)
    0x080006ee   0x080006ee   0x00000002   PAD
    0x080006f0   0x080006f0   0x00000024   Code   RO         3452    .text               mc_w.l(init.o)
    0x08000714   0x08000714   0x00000056   Code   RO         3462    .text               mc_w.l(__dczerorl2.o)
    0x0800076a   0x0800076a   0x00000004   Code   RO          427    i.BusFault_Handler  stm32f4xx_it.o
    0x0800076e   0x0800076e   0x00000002   PAD
    0x08000770   0x08000770   0x00000010   Code   RO          428    i.CAN1_RX0_IRQHandler  stm32f4xx_it.o
    0x08000780   0x08000780   0x00000010   Code   RO          429    i.CAN1_TX_IRQHandler  stm32f4xx_it.o
    0x08000790   0x08000790   0x000001c2   Code   RO          997    i.CAN_Receive_IT    stm32f4xx_hal_can.o
    0x08000952   0x08000952   0x00000062   Code   RO          998    i.CAN_Transmit_IT   stm32f4xx_hal_can.o
    0x080009b4   0x080009b4   0x000000bc   Code   RO          663    i.Callback_RC_Handle  remotetask.o
    0x08000a70   0x08000a70   0x00000010   Code   RO          430    i.DMA1_Stream5_IRQHandler  stm32f4xx_it.o
    0x08000a80   0x08000a80   0x00000034   Code   RO         2830    i.DMA_CalcBaseAndBitshift  stm32f4xx_hal_dma.o
    0x08000ab4   0x08000ab4   0x000000aa   Code   RO         2831    i.DMA_CheckFifoParam  stm32f4xx_hal_dma.o
    0x08000b5e   0x08000b5e   0x0000002c   Code   RO         2832    i.DMA_SetConfig     stm32f4xx_hal_dma.o
    0x08000b8a   0x08000b8a   0x00000002   Code   RO          431    i.DebugMon_Handler  stm32f4xx_it.o
    0x08000b8c   0x08000b8c   0x0000013c   Code   RO          742    i.EncoderProcess    canbustask.o
    0x08000cc8   0x08000cc8   0x00000002   Code   RO           13    i.Error_Handler     main.o
    0x08000cca   0x08000cca   0x0000000c   Code   RO          856    i.FireOpen          firetask.o
    0x08000cd6   0x08000cd6   0x0000000c   Code   RO          857    i.FireSetSingle     firetask.o
    0x08000ce2   0x08000ce2   0x0000000c   Code   RO          858    i.Firefast          firetask.o
    0x08000cee   0x08000cee   0x0000001e   Code   RO          743    i.GetEncoderBias    canbustask.o
    0x08000d0c   0x08000d0c   0x0000000c   Code   RO          667    i.Get_ch0_Data      remotetask.o
    0x08000d18   0x08000d18   0x0000000c   Code   RO          668    i.Get_ch1_Data      remotetask.o
    0x08000d24   0x08000d24   0x0000000c   Code   RO          669    i.Get_ch2_Data      remotetask.o
    0x08000d30   0x08000d30   0x0000000c   Code   RO          670    i.Get_ch3_Data      remotetask.o
    0x08000d3c   0x08000d3c   0x0000016c   Code   RO          906    i.Gimbal_RC_Mode    pidcontroltask.o
    0x08000ea8   0x08000ea8   0x00000108   Code   RO          999    i.HAL_CAN_ConfigFilter  stm32f4xx_hal_can.o
    0x08000fb0   0x08000fb0   0x00000018   Code   RO          211    i.HAL_CAN_ErrorCallback  can.o
    0x08000fc8   0x08000fc8   0x00000254   Code   RO         1004    i.HAL_CAN_IRQHandler  stm32f4xx_hal_can.o
    0x0800121c   0x0800121c   0x000001bc   Code   RO         1005    i.HAL_CAN_Init      stm32f4xx_hal_can.o
    0x080013d8   0x080013d8   0x000000a8   Code   RO          213    i.HAL_CAN_MspInit   can.o
    0x08001480   0x08001480   0x0000010c   Code   RO         1009    i.HAL_CAN_Receive_IT  stm32f4xx_hal_can.o
    0x0800158c   0x0800158c   0x00000168   Code   RO          744    i.HAL_CAN_RxCpltCallback  canbustask.o
    0x080016f4   0x080016f4   0x000002b8   Code   RO         1012    i.HAL_CAN_Transmit  stm32f4xx_hal_can.o
    0x080019ac   0x080019ac   0x00000002   Code   RO         1014    i.HAL_CAN_TxCpltCallback  stm32f4xx_hal_can.o
    0x080019ae   0x080019ae   0x00000028   Code   RO         2834    i.HAL_DMA_Abort_IT  stm32f4xx_hal_dma.o
    0x080019d6   0x080019d6   0x00000002   PAD
    0x080019d8   0x080019d8   0x00000240   Code   RO         2838    i.HAL_DMA_IRQHandler  stm32f4xx_hal_dma.o
    0x08001c18   0x08001c18   0x000000ec   Code   RO         2839    i.HAL_DMA_Init      stm32f4xx_hal_dma.o
    0x08001d04   0x08001d04   0x00000066   Code   RO         2842    i.HAL_DMA_Start     stm32f4xx_hal_dma.o
    0x08001d6a   0x08001d6a   0x00000002   PAD
    0x08001d6c   0x08001d6c   0x00000200   Code   RO         2726    i.HAL_GPIO_Init     stm32f4xx_hal_gpio.o
    0x08001f6c   0x08001f6c   0x0000000c   Code   RO         2730    i.HAL_GPIO_WritePin  stm32f4xx_hal_gpio.o
    0x08001f78   0x08001f78   0x0000000c   Code   RO         3263    i.HAL_GetTick       stm32f4xx_hal.o
    0x08001f84   0x08001f84   0x00000010   Code   RO         3265    i.HAL_IncTick       stm32f4xx_hal.o
    0x08001f94   0x08001f94   0x0000003c   Code   RO         3266    i.HAL_Init          stm32f4xx_hal.o
    0x08001fd0   0x08001fd0   0x0000008c   Code   RO          587    i.HAL_InitTick      stm32f4xx_hal_timebase_tim.o
    0x0800205c   0x0800205c   0x00000048   Code   RO          563    i.HAL_MspInit       stm32f4xx_hal_msp.o
    0x080020a4   0x080020a4   0x00000020   Code   RO         3115    i.HAL_NVIC_EnableIRQ  stm32f4xx_hal_cortex.o
    0x080020c4   0x080020c4   0x0000007c   Code   RO         3121    i.HAL_NVIC_SetPriority  stm32f4xx_hal_cortex.o
    0x08002140   0x08002140   0x00000028   Code   RO         3122    i.HAL_NVIC_SetPriorityGrouping  stm32f4xx_hal_cortex.o
    0x08002168   0x08002168   0x00000180   Code   RO         2339    i.HAL_RCC_ClockConfig  stm32f4xx_hal_rcc.o
    0x080022e8   0x080022e8   0x00000044   Code   RO         2343    i.HAL_RCC_GetClockConfig  stm32f4xx_hal_rcc.o
    0x0800232c   0x0800232c   0x0000000c   Code   RO         2344    i.HAL_RCC_GetHCLKFreq  stm32f4xx_hal_rcc.o
    0x08002338   0x08002338   0x00000020   Code   RO         2346    i.HAL_RCC_GetPCLK1Freq  stm32f4xx_hal_rcc.o
    0x08002358   0x08002358   0x00000020   Code   RO         2347    i.HAL_RCC_GetPCLK2Freq  stm32f4xx_hal_rcc.o
    0x08002378   0x08002378   0x000000b0   Code   RO         2348    i.HAL_RCC_GetSysClockFreq  stm32f4xx_hal_rcc.o
    0x08002428   0x08002428   0x00000410   Code   RO         2351    i.HAL_RCC_OscConfig  stm32f4xx_hal_rcc.o
    0x08002838   0x08002838   0x00000002   Code   RO         1768    i.HAL_TIMEx_BreakCallback  stm32f4xx_hal_tim_ex.o
    0x0800283a   0x0800283a   0x00000002   Code   RO         1769    i.HAL_TIMEx_CommutationCallback  stm32f4xx_hal_tim_ex.o
    0x0800283c   0x0800283c   0x00000062   Code   RO         1785    i.HAL_TIMEx_MasterConfigSynchronization  stm32f4xx_hal_tim_ex.o
    0x0800289e   0x0800289e   0x00000034   Code   RO         1129    i.HAL_TIM_Base_Init  stm32f4xx_hal_tim.o
    0x080028d2   0x080028d2   0x00000002   PAD
    0x080028d4   0x080028d4   0x000000c4   Code   RO          284    i.HAL_TIM_Base_MspInit  tim.o
    0x08002998   0x08002998   0x0000001e   Code   RO         1134    i.HAL_TIM_Base_Start_IT  stm32f4xx_hal_tim.o
    0x080029b6   0x080029b6   0x00000132   Code   RO         1138    i.HAL_TIM_ConfigClockSource  stm32f4xx_hal_tim.o
    0x08002ae8   0x08002ae8   0x00000002   Code   RO         1158    i.HAL_TIM_IC_CaptureCallback  stm32f4xx_hal_tim.o
    0x08002aea   0x08002aea   0x00000196   Code   RO         1171    i.HAL_TIM_IRQHandler  stm32f4xx_hal_tim.o
    0x08002c80   0x08002c80   0x00000060   Code   RO          285    i.HAL_TIM_MspPostInit  tim.o
    0x08002ce0   0x08002ce0   0x00000002   Code   RO         1174    i.HAL_TIM_OC_DelayElapsedCallback  stm32f4xx_hal_tim.o
    0x08002ce2   0x08002ce2   0x00000108   Code   RO         1195    i.HAL_TIM_PWM_ConfigChannel  stm32f4xx_hal_tim.o
    0x08002dea   0x08002dea   0x00000034   Code   RO         1198    i.HAL_TIM_PWM_Init  stm32f4xx_hal_tim.o
    0x08002e1e   0x08002e1e   0x00000002   Code   RO         1200    i.HAL_TIM_PWM_MspInit  stm32f4xx_hal_tim.o
    0x08002e20   0x08002e20   0x00000002   Code   RO         1201    i.HAL_TIM_PWM_PulseFinishedCallback  stm32f4xx_hal_tim.o
    0x08002e22   0x08002e22   0x00000002   PAD
    0x08002e24   0x08002e24   0x0000004c   Code   RO         1202    i.HAL_TIM_PWM_Start  stm32f4xx_hal_tim.o
    0x08002e70   0x08002e70   0x00000028   Code   RO           14    i.HAL_TIM_PeriodElapsedCallback  main.o
    0x08002e98   0x08002e98   0x00000002   Code   RO         1212    i.HAL_TIM_TriggerCallback  stm32f4xx_hal_tim.o
    0x08002e9a   0x08002e9a   0x00000002   Code   RO         2028    i.HAL_UART_ErrorCallback  stm32f4xx_hal_uart.o
    0x08002e9c   0x08002e9c   0x00000168   Code   RO          349    i.HAL_UART_IDLE_IRQHandler  usart.o
    0x08003004   0x08003004   0x0000014c   Code   RO         2031    i.HAL_UART_IRQHandler  stm32f4xx_hal_uart.o
    0x08003150   0x08003150   0x00000072   Code   RO         2032    i.HAL_UART_Init     stm32f4xx_hal_uart.o
    0x080031c2   0x080031c2   0x00000002   PAD
    0x080031c4   0x080031c4   0x000001ec   Code   RO          351    i.HAL_UART_MspInit  usart.o
    0x080033b0   0x080033b0   0x00000020   Code   RO          352    i.HAL_UART_Receive_IT_IDLE  usart.o
    0x080033d0   0x080033d0   0x00000002   Code   RO         2038    i.HAL_UART_RxCpltCallback  stm32f4xx_hal_uart.o
    0x080033d2   0x080033d2   0x00000002   Code   RO         2043    i.HAL_UART_TxCpltCallback  stm32f4xx_hal_uart.o
    0x080033d4   0x080033d4   0x00000004   Code   RO          432    i.HardFault_Handler  stm32f4xx_it.o
    0x080033d8   0x080033d8   0x00000048   Code   RO          214    i.MX_CAN1_Init      can.o
    0x08003420   0x08003420   0x00000038   Code   RO          259    i.MX_DMA_Init       dma.o
    0x08003458   0x08003458   0x000000d4   Code   RO          187    i.MX_GPIO_Init      gpio.o
    0x0800352c   0x0800352c   0x0000006c   Code   RO          286    i.MX_TIM3_Init      tim.o
    0x08003598   0x08003598   0x000000a0   Code   RO          287    i.MX_TIM4_Init      tim.o
    0x08003638   0x08003638   0x0000006c   Code   RO          288    i.MX_TIM5_Init      tim.o
    0x080036a4   0x080036a4   0x00000038   Code   RO          353    i.MX_USART1_UART_Init  usart.o
    0x080036dc   0x080036dc   0x0000003c   Code   RO          354    i.MX_USART2_UART_Init  usart.o
    0x08003718   0x08003718   0x00000038   Code   RO          355    i.MX_USART3_UART_Init  usart.o
    0x08003750   0x08003750   0x00000004   Code   RO          433    i.MemManage_Handler  stm32f4xx_it.o
    0x08003754   0x08003754   0x00000002   Code   RO          434    i.NMI_Handler       stm32f4xx_it.o
    0x08003756   0x08003756   0x00000002   PAD
    0x08003758   0x08003758   0x000000b0   Code   RO          907    i.PID_calculate_chassis_self  pidcontroltask.o
    0x08003808   0x08003808   0x0000007c   Code   RO          908    i.PID_calculate_position_self  pidcontroltask.o
    0x08003884   0x08003884   0x000000a8   Code   RO          909    i.PID_calculate_speed_self  pidcontroltask.o
    0x0800392c   0x0800392c   0x0000004c   Code   RO          859    i.PLUCK             firetask.o
    0x08003978   0x08003978   0x00000002   Code   RO          435    i.PendSV_Handler    stm32f4xx_it.o
    0x0800397a   0x0800397a   0x00000002   PAD
    0x0800397c   0x0800397c   0x00000094   Code   RO          745    i.Pitch_Angle_Precision_Filter  canbustask.o
    0x08003a10   0x08003a10   0x00000094   Code   RO          746    i.Pluck_Angle_Precision_Filter  canbustask.o
    0x08003aa4   0x08003aa4   0x00000038   Code   RO          671    i.RC_Ctl_t_Init     remotetask.o
    0x08003adc   0x08003adc   0x00000030   Code   RO          860    i.SHORT             firetask.o
    0x08003b0c   0x08003b0c   0x00000002   Code   RO          436    i.SVC_Handler       stm32f4xx_it.o
    0x08003b0e   0x08003b0e   0x00000060   Code   RO          747    i.Set_CM_Speed      canbustask.o
    0x08003b6e   0x08003b6e   0x0000004e   Code   RO          748    i.Set_Gimbal_Current  canbustask.o
    0x08003bbc   0x08003bbc   0x000000a4   Code   RO          910    i.Set_Gimbal_Motor_Output  pidcontroltask.o
    0x08003c60   0x08003c60   0x00000002   Code   RO          437    i.SysTick_Handler   stm32f4xx_it.o
    0x08003c62   0x08003c62   0x00000002   PAD
    0x08003c64   0x08003c64   0x000000b8   Code   RO           15    i.SystemClock_Config  main.o
    0x08003d1c   0x08003d1c   0x00000064   Code   RO          627    i.SystemInit        system_stm32f4xx.o
    0x08003d80   0x08003d80   0x00000010   Code   RO          438    i.TIM3_IRQHandler   stm32f4xx_it.o
    0x08003d90   0x08003d90   0x00000010   Code   RO          439    i.TIM4_IRQHandler   stm32f4xx_it.o
    0x08003da0   0x08003da0   0x00000010   Code   RO          440    i.TIM5_IRQHandler   stm32f4xx_it.o
    0x08003db0   0x08003db0   0x00000010   Code   RO          441    i.TIM6_DAC_IRQHandler  stm32f4xx_it.o
    0x08003dc0   0x08003dc0   0x000000e4   Code   RO         1213    i.TIM_Base_SetConfig  stm32f4xx_hal_tim.o
    0x08003ea4   0x08003ea4   0x0000001c   Code   RO         1214    i.TIM_CCxChannelCmd  stm32f4xx_hal_tim.o
    0x08003ec0   0x08003ec0   0x00000018   Code   RO         1220    i.TIM_ETR_SetConfig  stm32f4xx_hal_tim.o
    0x08003ed8   0x08003ed8   0x00000014   Code   RO         1221    i.TIM_ITRx_SetConfig  stm32f4xx_hal_tim.o
    0x08003eec   0x08003eec   0x00000070   Code   RO         1222    i.TIM_OC1_SetConfig  stm32f4xx_hal_tim.o
    0x08003f5c   0x08003f5c   0x00000078   Code   RO         1223    i.TIM_OC2_SetConfig  stm32f4xx_hal_tim.o
    0x08003fd4   0x08003fd4   0x00000078   Code   RO         1224    i.TIM_OC3_SetConfig  stm32f4xx_hal_tim.o
    0x0800404c   0x0800404c   0x00000060   Code   RO         1225    i.TIM_OC4_SetConfig  stm32f4xx_hal_tim.o
    0x080040ac   0x080040ac   0x0000002a   Code   RO         1227    i.TIM_TI1_ConfigInputStage  stm32f4xx_hal_tim.o
    0x080040d6   0x080040d6   0x0000002c   Code   RO         1229    i.TIM_TI2_ConfigInputStage  stm32f4xx_hal_tim.o
    0x08004102   0x08004102   0x00000014   Code   RO         2045    i.UART_DMAAbortOnError  stm32f4xx_hal_uart.o
    0x08004116   0x08004116   0x00000020   Code   RO         2055    i.UART_EndRxTransfer  stm32f4xx_hal_uart.o
    0x08004136   0x08004136   0x00000020   Code   RO         2056    i.UART_EndTransmit_IT  stm32f4xx_hal_uart.o
    0x08004156   0x08004156   0x000000a4   Code   RO          356    i.UART_Receive_DMA_NoIT  usart.o
    0x080041fa   0x080041fa   0x0000009a   Code   RO         2058    i.UART_Receive_IT   stm32f4xx_hal_uart.o
    0x08004294   0x08004294   0x00000368   Code   RO         2059    i.UART_SetConfig    stm32f4xx_hal_uart.o
    0x080045fc   0x080045fc   0x00000068   Code   RO         2060    i.UART_Transmit_IT  stm32f4xx_hal_uart.o
    0x08004664   0x08004664   0x00000010   Code   RO          442    i.USART1_IRQHandler  stm32f4xx_it.o
    0x08004674   0x08004674   0x00000010   Code   RO          443    i.USART2_IRQHandler  stm32f4xx_it.o
    0x08004684   0x08004684   0x00000010   Code   RO          444    i.USART3_IRQHandler  stm32f4xx_it.o
    0x08004694   0x08004694   0x00000004   Code   RO          445    i.UsageFault_Handler  stm32f4xx_it.o
    0x08004698   0x08004698   0x0000001c   Code   RO          911    i.YUNTAI_SPEED      pidcontroltask.o
    0x080046b4   0x080046b4   0x00000094   Code   RO          749    i.Yaw_Angle_Precision_Filter  canbustask.o
    0x08004748   0x08004748   0x00000560   Code   RO          825    i.Yuntai_angle_speed  dataprocessingtask.o
    0x08004ca8   0x08004ca8   0x00000010   Code   RO         3128    i.__NVIC_GetPriorityGrouping  stm32f4xx_hal_cortex.o
    0x08004cb8   0x08004cb8   0x00000028   Code   RO         3129    i.__NVIC_SetPriority  stm32f4xx_hal_cortex.o
    0x08004ce0   0x08004ce0   0x00000014   Code   RO         3400    i.__hardfp_fabs     m_wm.l(fabs.o)
    0x08004cf4   0x08004cf4   0x0000000e   Code   RO         3456    i.__scatterload_copy  mc_w.l(handlers.o)
    0x08004d02   0x08004d02   0x00000002   Code   RO         3457    i.__scatterload_null  mc_w.l(handlers.o)
    0x08004d04   0x08004d04   0x0000000e   Code   RO         3458    i.__scatterload_zeroinit  mc_w.l(handlers.o)
    0x08004d12   0x08004d12   0x00000002   PAD
    0x08004d14   0x08004d14   0x0000007c   Code   RO           16    i.main              main.o
    0x08004d90   0x08004d90   0x0000002c   Code   RO          289    i.motor_pwm_setvalue1  tim.o
    0x08004dbc   0x08004dbc   0x0000004c   Code   RO          750    i.my_can_filter_init_recv_all  canbustask.o
    0x08004e08   0x08004e08   0x0000022c   Code   RO          972    i.pid_calculate     pid.o
    0x08005034   0x08005034   0x00000018   Data   RO          628    .constdata          system_stm32f4xx.o
    0x0800504c   0x0800504c   0x00000008   Data   RO         2845    .constdata          stm32f4xx_hal_dma.o
    0x08005054   0x08005054   0x00000020   Data   RO         3454    Region$$Table       anon$$obj.o


    Execution Region RW_IRAM1 (Exec base: 0x20000000, Load base: 0x08005074, Size: 0x00000e60, Max: 0x00020000, ABSOLUTE, COMPRESSED[0x00000074])

    Exec Addr    Load Addr    Size         Type   Attr      Idx    E Section Name        Object

    0x20000000   COMPRESSED   0x00000004   Data   RW          629    .data               system_stm32f4xx.o
    0x20000004   COMPRESSED   0x00000008   Data   RW          673    .data               remotetask.o
    0x2000000c   COMPRESSED   0x00000020   Data   RW          752    .data               canbustask.o
    0x2000002c   COMPRESSED   0x00000004   PAD
    0x20000030   COMPRESSED   0x00000038   Data   RW          827    .data               dataprocessingtask.o
    0x20000068   COMPRESSED   0x00000001   Data   RW          861    .data               firetask.o
    0x20000069   COMPRESSED   0x00000003   PAD
    0x2000006c   COMPRESSED   0x00000398   Data   RW          913    .data               pidcontroltask.o
    0x20000404   COMPRESSED   0x00000002   Data   RW          973    .data               pid.o
    0x20000406   COMPRESSED   0x00000002   PAD
    0x20000408   COMPRESSED   0x00000004   Data   RW         3272    .data               stm32f4xx_hal.o
    0x2000040c        -       0x00000044   Zero   RW          215    .bss                can.o
    0x20000450        -       0x000000b4   Zero   RW          290    .bss                tim.o
    0x20000504        -       0x00000184   Zero   RW          358    .bss                usart.o
    0x20000688        -       0x0000003c   Zero   RW          590    .bss                stm32f4xx_hal_timebase_tim.o
    0x200006c4        -       0x00000014   Zero   RW          672    .bss                remotetask.o
    0x200006d8        -       0x00000238   Zero   RW          751    .bss                canbustask.o
    0x20000910        -       0x00000078   Zero   RW          826    .bss                dataprocessingtask.o
    0x20000988        -       0x000000d4   Zero   RW          912    .bss                pidcontroltask.o
    0x20000a5c   COMPRESSED   0x00000004   PAD
    0x20000a60        -       0x00000400   Zero   RW            1    STACK               startup_stm32f407xx.o


==============================================================================

Image component sizes


      Code (inc. data)   RO Data    RW Data    ZI Data      Debug   Object Name

       264         28          0          0         68       2053   can.o
      1400        128          0         32        568       8312   canbustask.o
      1376        112          0         56        120       2670   dataprocessingtask.o
        56          4          0          0          0        710   dma.o
       160         22          0          1          0       2362   firetask.o
       212          8          0          0          0        947   gpio.o
       350         40          0          0          0     686897   main.o
       556          4          0          2          0       1232   pid.o
      1024        214          0        920        212       5051   pidcontroltask.o
       292         32          0          8         20       4225   remotetask.o
        36          8        392          0       1024        820   startup_stm32f407xx.o
        88         16          0          4          0       3088   stm32f4xx_hal.o
      2818         32          0          0          0       7168   stm32f4xx_hal_can.o
       252         22          0          0          0      33394   stm32f4xx_hal_cortex.o
      1220         16          8          0          0       6003   stm32f4xx_hal_dma.o
       524         46          0          0          0       2264   stm32f4xx_hal_gpio.o
        72          4          0          0          0        798   stm32f4xx_hal_msp.o
      1744         84          0          0          0       5961   stm32f4xx_hal_rcc.o
      2030         88          0          0          0      15560   stm32f4xx_hal_tim.o
       102          0          0          0          0       2274   stm32f4xx_hal_tim_ex.o
       140         18          0          0         60       1395   stm32f4xx_hal_timebase_tim.o
      1666         14          0          0          0       7623   stm32f4xx_hal_uart.o
       186         60          0          0          0       8655   stm32f4xx_it.o
       100         18         24          4          0       1107   system_stm32f4xx.o
       712         62          0          0        180       4224   tim.o
      1220         80          0          0        388       5337   usart.o

    ----------------------------------------------------------------------
     18618       1160        456       1036       2644     820130   Object Totals
         0          0         32          0          0          0   (incl. Generated)
        18          0          0          9          4          0   (incl. Padding)

    ----------------------------------------------------------------------

      Code (inc. data)   RO Data    RW Data    ZI Data      Debug   Library Member Name

        20          0          0          0          0        124   fabs.o
        86          0          0          0          0          0   __dczerorl2.o
         0          0          0          0          0          0   entry.o
         0          0          0          0          0          0   entry10a.o
         0          0          0          0          0          0   entry11a.o
         8          4          0          0          0          0   entry2.o
         4          0          0          0          0          0   entry5.o
         0          0          0          0          0          0   entry7b.o
         0          0          0          0          0          0   entry8b.o
         8          4          0          0          0          0   entry9a.o
        30          0          0          0          0          0   handlers.o
        36          8          0          0          0         68   init.o
         0          0          0          0          0          0   iusefp.o
        30          0          0          0          0         68   llshl.o
        36          0          0          0          0         68   llsshr.o
        32          0          0          0          0         68   llushr.o
        36          0          0          0          0        108   memseta.o
        98          0          0          0          0         92   uldiv.o
        48          0          0          0          0         68   cdcmple.o
        48          0          0          0          0         68   cdrcmple.o
        56          0          0          0          0         88   d2f.o
       334          0          0          0          0        148   dadd.o
       222          0          0          0          0        100   ddiv.o
       186          0          0          0          0        176   depilogue.o
        50          0          0          0          0         76   dfixui.o
        38          0          0          0          0         68   f2d.o
       110          0          0          0          0        168   fepilogue.o

    ----------------------------------------------------------------------
      1522         16          0          0          0       1556   Library Totals
         6          0          0          0          0          0   (incl. Padding)

    ----------------------------------------------------------------------

      Code (inc. data)   RO Data    RW Data    ZI Data      Debug   Library Name

        20          0          0          0          0        124   m_wm.l
       404         16          0          0          0        472   mc_w.l
      1092          0          0          0          0        960   mf_w.l

    ----------------------------------------------------------------------
      1522         16          0          0          0       1556   Library Totals

    ----------------------------------------------------------------------

==============================================================================


      Code (inc. data)   RO Data    RW Data    ZI Data      Debug   

     20140       1176        456       1036       2644     808146   Grand Totals
     20140       1176        456        116       2644     808146   ELF Image Totals (compressed)
     20140       1176        456        116          0          0   ROM Totals

==============================================================================

    Total RO  Size (Code + RO Data)                20596 (  20.11kB)
    Total RW  Size (RW Data + ZI Data)              3680 (   3.59kB)
    Total ROM Size (Code + RO Data + RW Data)      20712 (  20.23kB)

==============================================================================

